Executing action: monitor
Serial port /dev/ttyUSB0
Connecting....
Detecting chip type... ESP32-S3
Running idf_monitor in directory /home/fujiwara-e/fujiwara-e/esp/esp-idf/work_space/dpp-enrollee
Executing "/home/fujiwara-e/.espressif/python_env/idf5.3_py3.10_env/bin/python /home/fujiwara-e/fujiwara-e/esp/esp-idf/tools/idf_monitor.py -p /dev/ttyUSB0 -b 115200 --toolchain-prefix xtensa-esp32s3-elf- --target esp32s3 --revision 0 /home/fujiwara-e/fujiwara-e/esp/esp-idf/work_space/dpp-enrollee/build/dpp-enrollee.elf -m '/home/fujiwara-e/.espressif/python_env/idf5.3_py3.10_env/bin/python' '/home/fujiwara-e/fujiwara-e/esp/esp-idf/tools/idf.py'"...
ESP-ROM:esp32s3-20210327
Build:Mar 27 2021
rst:0x1 (POWERON),boot:0x8 (SPI_FAST_FLASH_BOOT)
SPIWP:0xee
mode:DIO, clock div:1
load:0x3fce2810,len:0x178c
load:0x403c8700,len:0x4
load:0x403c8704,len:0xcb8
load:0x403cb700,len:0x2d9c
entry 0x403c8914
[0;32mI (27) boot: ESP-IDF v5.3-beta2-dirty 2nd stage bootloader[0m
[0;32mI (27) boot: compile time Jul 31 2024 16:41:02[0m
[0;32mI (27) boot: Multicore bootloader[0m
[0;32mI (31) boot: chip revision: v0.1[0m
[0;32mI (35) boot.esp32s3: Boot SPI Speed : 80MHz[0m
[0;32mI (39) boot.esp32s3: SPI Mode       : DIO[0m
[0;32mI (44) boot.esp32s3: SPI Flash Size : 2MB[0m
[0;32mI (49) boot: Enabling RNG early entropy source...[0m
[0;32mI (54) boot: Partition Table:[0m
[0;32mI (58) boot: ## Label            Usage          Type ST Offset   Length[0m
[0;32mI (65) boot:  0 nvs              WiFi data        01 02 00009000 00006000[0m
[0;32mI (73) boot:  1 phy_init         RF data          01 01 0000f000 00001000[0m
[0;32mI (80) boot:  2 factory          factory app      00 00 00010000 00100000[0m
[0;32mI (88) boot: End of partition table[0m
[0;32mI (92) esp_image: segment 0: paddr=00010020 vaddr=3c0a0020 size=28690h (165520) map[0m
[0;32mI (130) esp_image: segment 1: paddr=000386b8 vaddr=3fc99100 size=0490ch ( 18700) load[0m
[0;32mI (134) esp_image: segment 2: paddr=0003cfcc vaddr=40374000 size=0304ch ( 12364) load[0m
[0;32mI (138) esp_image: segment 3: paddr=00040020 vaddr=42000020 size=98bfch (625660) map[0m
[0;32mI (256) esp_image: segment 4: paddr=000d8c24 vaddr=4037704c size=12068h ( 73832) load[0m
[0;32mI (281) boot: Loaded app from partition at offset 0x10000[0m
[0;32mI (282) boot: Disabling RNG early entropy source...[0m
[0;32mI (293) cpu_start: Multicore app[0m
D (293) cpu_start: Pro cpu up[0m
D (293) cpu_start: Starting app cpu, entry point is 0x40375340[0m
D (0) cpu_start: App cpu up[0m
D (303) clk: RTC_SLOW_CLK calibration value: 3734784[0m
D (314) cpu_start: calling init function: 0x42002604 on core: 0[0m
D (314) cpu_start: calling init function: 0x42002aac on core: 0[0m
[0;32mI (315) cpu_start: Pro cpu start user code[0m
[0;32mI (320) cpu_start: cpu freq: 160000000 Hz[0m
D (325) cpu_start: calling init function: 0x42002534 on core: 0[0m
[0;32mI (331) app_init: Application information:[0m
[0;32mI (335) app_init: Project name:     dpp-enrollee[0m
[0;32mI (341) app_init: App version:      v5.3-beta2-dirty[0m
[0;32mI (346) app_init: Compile time:     Aug  5 2024 13:48:44[0m
[0;32mI (352) app_init: ELF file SHA256:  7149b3036...[0m
[0;32mI (358) app_init: ESP-IDF:          v5.3-beta2-dirty[0m
D (363) cpu_start: calling init function: 0x42002618 on core: 0[0m
[0;32mI (369) efuse_init: Min chip rev:     v0.0[0m
[0;32mI (374) efuse_init: Max chip rev:     v0.99 [0m
[0;32mI (379) efuse_init: Chip rev:         v0.1[0m
D (384) cpu_start: calling init function: 0x420046b0 on core: 0[0m
D (390) memory_layout: Checking 6 reserved memory ranges:[0m
D (395) memory_layout: Reserved memory range 0x3fc84000 - 0x3fc99100[0m
D (402) memory_layout: Reserved memory range 0x3fc99100 - 0x3fca18b0[0m
D (408) memory_layout: Reserved memory range 0x3fceee34 - 0x3fcf0000[0m
D (414) memory_layout: Reserved memory range 0x40374000 - 0x40389100[0m
D (421) memory_layout: Reserved memory range 0x600fe000 - 0x600fe100[0m
D (427) memory_layout: Reserved memory range 0x600fffe8 - 0x60100000[0m
D (434) memory_layout: Building list of available memory regions:[0m
D (440) memory_layout: Available memory region 0x3fca18b0 - 0x3fcb0000[0m
D (446) memory_layout: Available memory region 0x3fcb0000 - 0x3fcc0000[0m
D (453) memory_layout: Available memory region 0x3fcc0000 - 0x3fcd0000[0m
D (460) memory_layout: Available memory region 0x3fcd0000 - 0x3fce0000[0m
D (466) memory_layout: Available memory region 0x3fce0000 - 0x3fce9710[0m
D (473) memory_layout: Available memory region 0x3fce9710 - 0x3fceee34[0m
D (479) memory_layout: Available memory region 0x3fcf0000 - 0x3fcf8000[0m
D (486) memory_layout: Available memory region 0x600fe100 - 0x600fffe8[0m
[0;32mI (493) heap_init: Initializing. RAM available for dynamic allocation:[0m
D (500) heap_init: New heap initialised at 0x3fca18b0[0m
[0;32mI (505) heap_init: At 3FCA18B0 len 00047E60 (287 KiB): RAM[0m
[0;32mI (511) heap_init: At 3FCE9710 len 00005724 (21 KiB): RAM[0m
D (517) heap_init: New heap initialised at 0x3fcf0000[0m
[0;32mI (522) heap_init: At 3FCF0000 len 00008000 (32 KiB): DRAM[0m
D (528) heap_init: New heap initialised at 0x600fe100[0m
[0;32mI (534) heap_init: At 600FE100 len 00001EE8 (7 KiB): RTCRAM[0m
D (540) cpu_start: calling init function: 0x42007b94 on core: 0[0m
D (546) cpu_start: calling init function: 0x4200753c on core: 0[0m
D (552) cpu_start: calling init function: 0x42002af8 on core: 0[0m
D (558) intr_alloc: Connected src 39 to int 1 (cpu 0)[0m
D (563) cpu_start: calling init function: 0x42002b04 on core: 0[0m
D (569) cpu_start: calling init function: 0x42008ce0 on core: 0[0m
D (575) cpu_start: calling init function: 0x420099e0 on core: 0[0m
D (581) cpu_start: calling init function: 0x42009c10 on core: 0[0m
D (587) cpu_start: calling init function: 0x420075b8 on core: 0[0m
D (593) cpu_start: calling init function: 0x42007984 on core: 0[0m
D (599) cpu_start: calling init function: 0x42002b10 on core: 0[0m
D (605) spi_flash: trying chip: issi[0m
D (609) spi_flash: trying chip: gd[0m
D (612) spi_flash: trying chip: mxic[0m
D (616) spi_flash: trying chip: winbond[0m
D (620) spi_flash: trying chip: boya[0m
D (623) spi_flash: trying chip: th[0m
D (627) spi_flash: trying chip: mxic (opi)[0m
D (631) spi_flash: trying chip: generic[0m
[0;32mI (635) spi_flash: detected chip: generic[0m
[0;32mI (639) spi_flash: flash io: dio[0m
[0;33mW (643) spi_flash: Detected size(8192k) larger than the size in the binary image header(2048k). Using the size in the binary image header.[0m
D (656) cpu_start: calling init function: 0x420026b4 on core: 0[0m
D (662) cpu_start: calling init function: 0x42074350[0m
D (668) cpu_start: calling init function: 0x4202abb8[0m
D (673) cpu_start: calling init function: 0x4037bd1c[0m
D (678) cpu_start: calling init function: 0x42003e8c[0m
D (683) cpu_start: calling init function: 0x420030a0[0m
D (688) cpu_start: calling init function: 0x4206082c on core: 0[0m
D (694) intr_alloc: Connected src 59 to int 2 (cpu 0)[0m
D (699) cpu_start: calling init function: 0x420054f8 on core: 0[0m
[0;32mI (705) sleep: Configure to isolate all GPIO pins in sleep state[0m
[0;32mI (712) sleep: Enable automatic switching of GPIO sleep configuration[0m
D (719) cpu_start: calling init function: 0x42002b38 on core: 0[0m
D (724) cpu_start: calling init function: 0x420095f0 on core: 0[0m
D (730) cpu_start: calling init function: 0x42002b44 on core: 0[0m
D (737) intr_alloc: Connected src 79 to int 3 (cpu 0)[0m
D (742) app_start: Starting scheduler on CPU0[0m
D (746) intr_alloc: Connected src 57 to int 5 (cpu 0)[0m
D (746) intr_alloc: Connected src 80 to int 0 (cpu 1)[0m
D (756) app_start: Starting scheduler on CPU1[0m
D (756) intr_alloc: Connected src 58 to int 1 (cpu 1)[0m
[0;32mI (746) main_task: Started on CPU0[0m
D (766) heap_init: New heap initialised at 0x3fce9710[0m
D (766) intr_alloc: Connected src 52 to int 8 (cpu 0)[0m
[0;32mI (776) main_task: Calling app_main()[0m
D (796) esp_netif_lwip: LwIP stack has been initialized[0m
D (796) esp_netif_lwip: esp-netif has been successfully initialized[0m
D (796) event: running task for loop 0x3fca8148[0m
D (806) event: created task for loop 0x3fca8148[0m
D (806) event: created event loop 0x3fca8148[0m
D (816) esp_netif_lwip: check: remote, if=0x3fca5430 fn=0x42012be0[0m
D (816) esp_netif_objects: esp_netif_add_to_list_unsafe netif added successfully (total netifs: 1)[0m
D (826) esp_netif_lwip: call api in lwip: ret=0x0, give sem[0m
[0;32mI (836) pp: pp rom version: e7ae62f[0m
[0;32mI (836) net80211: net80211 rom version: e7ae62f[0m
D (846) nvs: nvs_open_from_partition misc 1[0m
I (856) wifi:wifi driver task: 3fcaba90, prio:23, stack:6656, core=0
D (856) efuse: In EFUSE_BLK1__DATA1_REG is used 8 bits starting with 8 bit[0m
D (856) efuse: In EFUSE_BLK1__DATA1_REG is used 8 bits starting with 0 bit[0m
D (866) efuse: In EFUSE_BLK1__DATA0_REG is used 8 bits starting with 24 bit[0m
D (876) efuse: In EFUSE_BLK1__DATA0_REG is used 8 bits starting with 16 bit[0m
D (876) efuse: In EFUSE_BLK1__DATA0_REG is used 8 bits starting with 8 bit[0m
D (886) efuse: In EFUSE_BLK1__DATA0_REG is used 8 bits starting with 0 bit[0m
D (896) nvs: nvs_open_from_partition nvs.net80211 1[0m
D (896) nvs: nvs_get opmode 1[0m
D (906) nvs: nvs_get_str_or_blob sta.ssid[0m
D (906) nvs: nvs_get sta.authmode 1[0m
D (906) nvs: nvs_get_str_or_blob sta.pswd[0m
D (916) nvs: nvs_get_str_or_blob sta.pmk[0m
D (916) nvs: nvs_get sta.chan 1[0m
D (926) nvs: nvs_get auto.conn 1[0m
D (926) nvs: nvs_get bssid.set 1[0m
D (926) nvs: nvs_get_str_or_blob sta.bssid[0m
D (936) nvs: nvs_get sta.lis_intval 2[0m
D (936) nvs: nvs_get sta.phym 1[0m
D (936) nvs: nvs_get sta.phybw 1[0m
D (946) nvs: nvs_get_str_or_blob sta.apsw[0m
D (946) nvs: nvs_get_str_or_blob sta.apinfo[0m
D (956) nvs: nvs_get sta.scan_method 1[0m
D (956) nvs: nvs_get sta.sort_method 1[0m
D (956) nvs: nvs_get sta.minrssi 1[0m
D (966) nvs: nvs_get sta.minauth 1[0m
D (966) nvs: nvs_get sta.pmf_e 1[0m
D (966) nvs: nvs_get sta.pmf_r 1[0m
D (976) nvs: nvs_get sta.btm_e 1[0m
D (976) nvs: nvs_get sta.rrm_e 1[0m
D (976) nvs: nvs_get sta.mbo_e 1[0m
D (986) nvs: nvs_get_str_or_blob ap.ssid[0m
D (986) nvs: nvs_get_str_or_blob ap.passwd[0m
D (986) nvs: nvs_get_str_or_blob ap.pmk[0m
D (996) nvs: nvs_get ap.chan 1[0m
D (996) nvs: nvs_get ap.authmode 1[0m
D (996) nvs: nvs_get ap.hidden 1[0m
D (1006) nvs: nvs_get ap.max.conn 1[0m
D (1006) nvs: nvs_get bcn.interval 2[0m
D (1016) nvs: nvs_get ap.phym 1[0m
D (1016) nvs: nvs_get ap.phybw 1[0m
D (1016) nvs: nvs_get ap.sndchan 1[0m
D (1026) nvs: nvs_get ap.pmf_e 1[0m
D (1026) nvs: nvs_get ap.pmf_r 1[0m
D (1026) nvs: nvs_get ap.p_cipher 1[0m
D (1036) nvs: nvs_get lorate 1[0m
D (1036) nvs: nvs_get_str_or_blob country[0m
D (1036) nvs: nvs_get ap.ftm_r 1[0m
D (1046) nvs: nvs_get sta.ft 1[0m
D (1046) nvs: nvs_get sta.owe 1[0m
D (1046) nvs: nvs_get sta.trans_d 1[0m
D (1056) nvs: nvs_get sta.sae_h2e 1[0m
D (1056) nvs: nvs_get sta.sae_pk_mode 1[0m
D (1056) nvs: nvs_get sta.bss_retry 1[0m
D (1066) nvs: nvs_get_str_or_blob sta.owe_data[0m
D (1066) nvs: nvs_get sta.he_dcm 1[0m
D (1076) nvs: nvs_get sta.he_dcm_c_tx 1[0m
D (1076) nvs: nvs_get sta.he_dcm_c_rx 1[0m
D (1076) nvs: nvs_get sta.he_mcs9_d 1[0m
D (1086) nvs: nvs_get sta.he_su_b_d 1[0m
D (1086) nvs: nvs_get sta.he_su_b_f_d 1[0m
D (1086) nvs: nvs_get sta.he_mu_b_f_d 1[0m
D (1096) nvs: nvs_get sta.he_cqi_f_d 1[0m
D (1096) nvs: nvs_get_str_or_blob sta.sae_h2e_id[0m
D (1106) nvs: nvs_get ap.sae_h2e 1[0m
D (1106) nvs: nvs_get_str_or_blob ap.pmk_info[0m
D (1106) nvs: nvs_get nan.phym 1[0m
D (1116) nvs: nvs_get band 1[0m
D (1116) nvs: nvs_set ap.sndchan 1 1[0m
I (1116) wifi:wifi firmware version: 0ae8b58
I (1126) wifi:wifi certification version: v7.0
I (1126) wifi:config NVS flash: enabled
I (1136) wifi:config nano formating: disabled
I (1136) wifi:Init data frame dynamic rx buffer num: 32
I (1146) wifi:Init static rx mgmt buffer num: 5
I (1146) wifi:Init management short buffer num: 32
I (1146) wifi:Init dynamic tx buffer num: 32
I (1156) wifi:Init static tx FG buffer num: 2
I (1156) wifi:Init static rx buffer size: 1600
I (1166) wifi:Init static rx buffer num: 10
I (1166) wifi:Init dynamic rx buffer num: 32
D (1166) wifi:Reset scan defaults in ms : min,max,passive,chan_dwell :(0,120,360,30)
[0;32mI (1176) wifi_init: rx ba win: 6[0m
[0;32mI (1186) wifi_init: accept mbox: 6[0m
[0;32mI (1186) wifi_init: tcpip mbox: 32[0m
[0;32mI (1186) wifi_init: udp mbox: 6[0m
[0;32mI (1196) wifi_init: tcp mbox: 6[0m
[0;32mI (1196) wifi_init: tcp tx win: 5760[0m
[0;32mI (1206) wifi_init: tcp rx win: 5760[0m
[0;32mI (1206) wifi_init: tcp mss: 1440[0m
[0;32mI (1206) wifi_init: WiFi IRAM OP enabled[0m
[0;32mI (1216) wifi_init: WiFi RX IRAM OP enabled[0m
D (1216) nvs: nvs_get opmode 1[0m
D (1226) wpa: private key - hexdump(len=51):[0m
D (1226) wpa: 30 31 02 01 01 04 20 54 ce 18 1a 98 52 5f 21 72 [0m
D (1236) wpa: 16 f5 9b 24 5f 60 e9 df 30 ac 7f 6b 26 c9 39 41 [0m
D (1236) wpa: 8c fc 3c 42 d1 af a0 a0 0a 06 08 2a 86 48 ce 3d [0m
D (1246) wpa: 03 01 07 [0m
D (1296) wpa: DPP: Compressed public key (DER) - hexdump(len=59):[0m
D (1296) wpa: 30 39 30 13 06 07 2a 86 48 ce 3d 02 01 06 08 2a [0m
D (1306) wpa: 86 48 ce 3d 03 01 07 03 22 00 02 09 c5 85 a9 1b [0m
D (1306) wpa: 4d f9 fd 25 a0 45 20 18 85 c3 9c c5 cf ae 39 7d [0m
D (1316) wpa: da ed a9 57 de c5 7f a0 e3 50 3f [0m
D (1316) gdma: new group (0) at 0x3fcb6118[0m
D (1326) gdma: new pair (0,0) at 0x3fcb5e24[0m
D (1326) gdma: new tx channel (0,0) at 0x3fcb5f74[0m
D (1336) gdma: new rx channel (0,0) at 0x3fcb61a0[0m
D (1336) gdma: tx channel (0,0), (1:16) bytes aligned, burst enabled[0m
D (1346) gdma: rx channel (0,0), (1:16) bytes aligned, burst disabled[0m
D (1346) wpa: DPP: Public key hash - hexdump(len=32):[0m
D (1356) wpa: 92 2d dd 7a 3e d6 9f 46 12 5d 77 2b be 60 17 cd [0m
D (1356) wpa: 4e 03 87 0d c0 14 50 9e 38 b5 46 28 e1 57 a8 7d [0m
D (1366) wpa: DPP: URI mac: 34:85:18:82:4a:28[0m
[0;32mI (1366) wifi dpp-enrollee: Scan below QR Code to configure the enrollee:
[0m
[0;32mI (1376) QRCODE: Encoding below text with ECC LVL 0 & QR Code Version 10[0m
[0;32mI (1386) QRCODE: DPP:C:81/6;M:34:85:18:82:4a:28;K:MDkwEwYHKoZIzj0CAQYIKoZIzj0DAQcDIgACCcWFqRtN+f0loEUgGIXDnMXPrjl92u2pV97Ff6DjUD8=;;[0m
                                              
  █▀▀▀▀▀█ ███▄▄ ▀▀▀█▀█▄▄█▀ ▄ ▀ ▄ ▄▀ █▀▀▀▀▀█   
  █ ███ █ █▄▄  ▀▄ ▀▄▄  ▀██▀▄  ███ ▀ █ ███ █   
  █ ▀▀▀ █ ▄█ █▀ █ ▄▄██▀▄█▀▄▀▄▀▀███  █ ▀▀▀ █   
  ▀▀▀▀▀▀▀ ▀ █ ▀ ▀▄█▄█▄▀▄▀ █ ▀ █▄▀▄█ ▀▀▀▀▀▀▀   
  █▀  █▀▀ ▄▀█▄▀▄▀▄█ ▄ ▄ █ ▀ ▀█▀█▀▀▄▄▄▀▄██▀█   
    ▄▀▄ ▀▄▀▄▄▀▀ ▄█▄█▄▄ ▄▄▀█ ▄█▄█▄  ▀ ▀▀   ▀   
   ▀▄▄ ▄▀▄▀▀█▀▀█▀▀▄ ▀ ▄▄▀ ▀ ▀▄▄   ▀▀▄ ▄▄▄▄    
  ▀█ ▄ ▄▀█▀ ▀ ▄   ▀█▄▄▀█▀▀█  ▀██▄ █▀ ▀██▀▄█   
  ██ ▄▀▄▀▀ ▄▄█▀▀▄▀▄▄  ▀ ▀▄ ▄▀▄▄█▀▀▄▀ ▀▄▄▀     
  ▄▀▄▀▀█▀    █▀█▀▀█ ▀▄ █▄▀▀▀ █▀█ ▄ ▄▀ █▄▀ ▀   
  █ █ ▀▄▀▄▀▀█▀▄█▄▀▀ ▄ ▄█▀█▄  ▄█▄▄▄ ▄▄▄█▀█▄    
  ▀███ ▀▀▀▄ ▀█▀ ▀█▄█▄ ████▀▀▄███  █ ▄▀ █▀▄█   
   ███▄▄▀ █ █ ▀█▄ █    ▄▀█▀█▄▄▀▀▀▀▄▄▄ ▄██▀    
  ▀█▀▄▀▀▀█  ▀█▄ ▄▀ █▄ ▀▄██▄ █▀██▀ ▄██▄ ▀▀ █   
  ██  ▀█▀▄▄ ▄ ▀█▀▀▄▄▀ ▄▄█▄▄ ▀▀██▄█▀▀▄█▄ ▄     
    █▀▄ ▀ ▄▀▀ ▄ ▄ ▀█▄  ▄▀▀▄▀▄██▄ ▄██ █▀▄▀ ▀   
  ▀▀    ▀ ▄█▀▀▀▀ █▄▄▄▄▀▀▀ ▀▄▀█▀█▀ █▀▀▀█▄      
  █▀▀▀▀▀█ ▄▀ ▀▀█▀▀▄ ▀▄ █ ██▀ ▀█▄▀▀█ ▀ █ ▀ ▀   
  █ ███ █ ▀▄▀ ▄█▄▀▀▄▄ ▄▄▀▀    █▄▄▀▀▀▀█▀▄▄█▄   
  █ ▀▀▀ █ ▄▀ █▀ ▄█▄█▄ ▄▄ █ ▀ █ █  ▄  █ █ ▄█   
  ▀▀▀▀▀▀▀ ▀▀  ▀      ▀  ▀ ▀▀ ▀▀▀▀ ▀     ▀▀    
                                              

[0;32mI (1696) phy_init: phy_version 670,b7bc9b9,Apr 30 2024,10:54:13[0m
D (1696) phy_init: loading PHY init data from application binary[0m
D (1706) nvs: nvs_open_from_partition phy 0[0m
D (1716) nvs: nvs_get cal_version 4[0m
D (1716) nvs: nvs_get_str_or_blob cal_mac[0m
D (1716) efuse: In EFUSE_BLK1__DATA1_REG is used 8 bits starting with 8 bit[0m
D (1726) efuse: In EFUSE_BLK1__DATA1_REG is used 8 bits starting with 0 bit[0m
D (1736) efuse: In EFUSE_BLK1__DATA0_REG is used 8 bits starting with 24 bit[0m
D (1736) efuse: In EFUSE_BLK1__DATA0_REG is used 8 bits starting with 16 bit[0m
D (1746) efuse: In EFUSE_BLK1__DATA0_REG is used 8 bits starting with 8 bit[0m
D (1756) efuse: In EFUSE_BLK1__DATA0_REG is used 8 bits starting with 0 bit[0m
D (1756) nvs: nvs_get_str_or_blob cal_data[0m
D (1766) nvs: nvs_close 3[0m
D (1766) efuse: In EFUSE_BLK1__DATA1_REG is used 8 bits starting with 8 bit[0m
D (1776) efuse: In EFUSE_BLK1__DATA1_REG is used 8 bits starting with 0 bit[0m
D (1786) efuse: In EFUSE_BLK1__DATA0_REG is used 8 bits starting with 24 bit[0m
D (1786) efuse: In EFUSE_BLK1__DATA0_REG is used 8 bits starting with 16 bit[0m
D (1796) efuse: In EFUSE_BLK1__DATA0_REG is used 8 bits starting with 8 bit[0m
D (1806) efuse: In EFUSE_BLK1__DATA0_REG is used 8 bits starting with 0 bit[0m
D (1826) temperature_sensor: range changed, change to index 2[0m
D (1856) wifi:filter: set rx policy=0
I (1856) wifi:mode : sta (34:85:18:82:4a:28)
I (1856) wifi:enable tsf
D (1856) wifi:filter: set rx policy=1
D (1856) wifi:connect status 0 -> 0
D (1866) event: running post WIFI_EVENT:41 with handler 0x4200a8e8 and context 0x3fca93d4 on loop 0x3fca8148[0m
D (1876) event: running post WIFI_EVENT:2 with handler 0x4202ae1c and context 0x3fca926c on loop 0x3fca8148[0m
D (1876) wifi_init_default: wifi_start esp-netif:0x3fca9070 event-id2[0m
D (1886) wifi_init_default: WIFI mac address: 34 85 18 82 4a 28[0m
D (1896) esp_netif_lwip: check: remote, if=0x3fca9070 fn=0x420125d4[0m
D (1896) esp_netif_lwip: call api in lwip: ret=0x0, give sem[0m
D (1906) esp_netif_handlers: esp_netif action has started with netif0x3fca9070 from event_id=2[0m
D (1916) esp_netif_lwip: check: remote, if=0x3fca9070 fn=0x42012e98[0m
D (1916) esp_netif_lwip: esp_netif_start_api 0x3fca9070[0m
D (1926) esp_netif_lwip: esp_netif_get_hostname esp_netif:0x3fca9070[0m
D (1936) esp_netif_lwip: check: local, if=0x3fca9070 fn=0x420135f4[0m
D (1936) esp_netif_lwip: esp_netif_update_default_netif_lwip 0x3fca9070[0m
D (1946) esp_netif_lwip: call api in lwip: ret=0x0, give sem[0m
D (1946) event: running post WIFI_EVENT:2 with handler 0x4200a8e8 and context 0x3fca93d4 on loop 0x3fca8148[0m
[0;32mI (1956) wifi dpp-enrollee: Started listening for DPP Authentication[0m
D (2466) event: running post WIFI_EVENT:20 with handler 0x4200a8e8 and context 0x3fca93d4 on loop 0x3fca8148[0m
D (2466) event: running post WIFI_EVENT:20 with handler 0x420149c0 and context 0x3fcb5624 on loop 0x3fca8148[0m
D (2976) event: running post WIFI_EVENT:20 with handler 0x4200a8e8 and context 0x3fca93d4 on loop 0x3fca8148[0m
D (2976) event: running post WIFI_EVENT:20 with handler 0x420149c0 and context 0x3fcb5624 on loop 0x3fca8148[0m
D (3466) event: running post WIFI_EVENT:20 with handler 0x4200a8e8 and context 0x3fca93d4 on loop 0x3fca8148[0m
D (3466) event: running post WIFI_EVD (3466) intr_alloc: Connected src 76 to int 2 (cpu 1)[0m
ENT:20 with handD (3476) intr_alloc: Connected src 77 to int 3 (cpu 1)[0m
ler 0x420149c0 and context 0x3fcb5624 on loop 0x3fca8148[0m
D (3636) wpa: DPP: ECDH shared secret (M.x) - hexdump(len=32):[0m
D (3636) wpa: dd e2 87 81 17 d6 97 45 be 4f 91 6a 2d d1 42 69 [0m
D (3636) wpa: d7 83 d1 d7 88 c6 03 bb 87 46 be ab bd 1d bb bc [0m
D (3636) wpa: DPP: PRK = HKDF-Extract(<>, IKM=M.x) - hexdump(len=32):[0m
D (3646) wpa: 1a 67 6b d9 67 e5 d1 be c9 4a 76 72 81 e2 9e 16 [0m
D (3656) wpa: 13 43 6e 5c 86 0b 70 49 b2 a8 56 61 7d b6 08 ad [0m
D (3656) wpa: DPP: k1 = HKDF-Expand(PRK, info, L) - hexdump(len=32):[0m
D (3666) wpa: 3d 83 2a 02 ed 6d 7f c1 dc 96 d2 ec ea b7 38 cf [0m
D (3676) wpa: 01 c0 02 8e b2 56 be 33 d5 a2 1a 72 0b fc f9 49 [0m
D (3676) wpa: DDP: AES-SIV AD[0] - hexdump(len=6):[0m
D (3686) wpa: 50 6f 9a 1a 01 00 [0m
D (3686) wpa: DDP: AES-SIV AD[1] - hexdump(len=140):[0m
D (3686) wpa: 02 10 20 00 92 2d dd 7a 3e d6 9f 46 12 5d 77 2b [0m
D (3696) wpa: be 60 17 cd 4e 03 87 0d c0 14 50 9e 38 b5 46 28 [0m
D (3706) wpa: e1 57 a8 7d 01 10 20 00 5d 46 7a 09 76 02 92 fc [0m
D (3706) wpa: 15 d3 17 92 b0 a5 b0 50 db 8b f6 ad 80 7d 71 b2 [0m
D (3716) wpa: d9 3f 4d 1c 2e 65 d8 81 03 10 40 00 50 a5 32 ae [0m
D (3716) wpa: 2a 07 20 72 76 41 8d 2f a6 30 29 5d 45 56 9b e4 [0m
D (3726) wpa: 25 aa 63 4f 02 01 4d 00 a7 d1 f6 1a e1 4f 35 a5 [0m
D (3736) wpa: a8 58 bc ca d9 0d 12 6c 46 59 4c 49 ef 82 65 5e [0m
D (3736) wpa: 78 88 8e 15 a3 2d 91 6a c2 17 24 91 [0m
D (3746) wpa: DPP: AES-SIV ciphertext - hexdump(len=41):[0m
D (3746) wpa: fd 5c f6 b8 d5 a3 31 da ae 2e 74 e3 e2 bd e6 14 [0m
D (3756) wpa: 8f e3 b7 0d 83 cd 40 5c ec f2 dc 1b dc 2d cd d7 [0m
D (3756) wpa: 8b 85 39 27 c8 57 bb 27 75 [0m
D (3766) wpa: DPP: AES-SIV cleartext - hexdump(len=25):[0m
D (3766) wpa: 05 10 10 00 13 f4 60 2a 16 da eb 69 71 22 63 b9 [0m
D (3776) wpa: c4 6c ba 31 06 10 01 00 02 [0m
D (3776) wpa: DPP: I-nonce - hexdump(len=16):[0m
D (3786) wpa: 13 f4 60 2a 16 da eb 69 71 22 63 b9 c4 6c ba 31 [0m
D (3786) wpa: DPP: I-capabilities: 0x02[0m
D (3796) wpa: DPP: Acting as Enrollee[0m
D (3796) wpa: DPP: Build Authentication Response[0m
D (3806) wpa: DPP: R-nonce - hexdump(len=16):[0m
D (3806) wpa: 8b 58 26 46 06 17 f9 15 c8 21 b0 bd ab 6b 88 e2 [0m
D (3866) wpa: DPP: Generating a keypair[0m
D (4016) wpa: DPP: ECDH shared secret (N.x) - hexdump(len=32):[0m
D (4016) wpa: ae 68 13 51 cc 67 1c 28 fa d8 d1 8a 36 5d e6 52 [0m
D (4016) wpa: 04 7d 84 72 30 62 83 c1 f4 04 f0 f5 fa 82 22 fa [0m
D (4026) wpa: DPP: PRK = HKDF-Extract(<>, IKM=N.x) - hexdump(len=32):[0m
D (4036) wpa: 03 2b e2 85 ea da d7 da bf 82 92 e2 31 cb 4b 88 [0m
D (4036) wpa: 87 d2 67 84 a1 51 8a c3 0d 86 76 72 09 1f 1b 6c [0m
D (4046) wpa: DPP: k2 = HKDF-Expand(PRK, info, L) - hexdump(len=32):[0m
D (4046) wpa: 6d af 44 be 1d 9e 29 e4 30 0a 96 bf d9 1f 57 a2 [0m
D (4056) wpa: e4 55 94 67 90 f5 ef 5b 40 bb fd a6 94 94 34 e4 [0m
D (4066) wpa: DPP: PRK = HKDF-Extract(<>, IKM) - hexdump(len=32):[0m
D (4066) wpa: 4b 87 2d a9 99 e8 77 ae cb 0f ba 88 8f b1 15 83 [0m
D (4076) wpa: aa 14 82 b5 b4 d7 f5 7b c2 7a 5b 5e 55 f7 a1 5a [0m
D (4076) wpa: DPP: ke = HKDF-Expand(PRK, info, L) - hexdump(len=32):[0m
D (4086) wpa: d3 8e 7e 31 d6 07 19 bc 8e 53 5b d8 b4 6b 19 ac [0m
D (4096) wpa: d1 ea ea 3a 5b d2 6f c7 38 d7 fe d9 b7 d0 39 91 [0m
D (4096) wpa: DPP: R-auth hash components[0m
D (4106) wpa: DPP: hash component - hexdump(len=16):[0m
D (4106) wpa: 13 f4 60 2a 16 da eb 69 71 22 63 b9 c4 6c ba 31 [0m
D (4116) wpa: DPP: hash component - hexdump(len=16):[0m
D (4116) wpa: 8b 58 26 46 06 17 f9 15 c8 21 b0 bd ab 6b 88 e2 [0m
D (4126) wpa: DPP: hash component - hexdump(len=32):[0m
D (4126) wpa: 50 a5 32 ae 2a 07 20 72 76 41 8d 2f a6 30 29 5d [0m
D (4136) wpa: 45 56 9b e4 25 aa 63 4f 02 01 4d 00 a7 d1 f6 1a [0m
D (4136) wpa: DPP: hash component - hexdump(len=32):[0m
D (4146) wpa: cb ba 7d f7 02 48 82 7c 07 4d ac 0b 86 e8 33 aa [0m
D (4156) wpa: 72 df b3 4a 18 e5 cf 86 02 a1 40 5e af ba 42 64 [0m
D (4156) wpa: DPP: hash component - hexdump(len=32):[0m
D (4166) wpa: 09 c5 85 a9 1b 4d f9 fd 25 a0 45 20 18 85 c3 9c [0m
D (4166) wpa: c5 cf ae 39 7d da ed a9 57 de c5 7f a0 e3 50 3f [0m
D (4176) wpa: DPP: hash component - hexdump(len=1):[0m
D (4176) wpa: 00 [0m
D (4186) wpa: DPP: R-auth - hexdump(len=32):[0m
D (4186) wpa: ba 6d ec 07 fc 80 6f 9a 88 1d 56 e2 29 ec cc 9d [0m
D (4196) wpa: 1d a9 b3 64 6e dc e9 35 3f 71 b3 fa 53 6a a8 15 [0m
D (4196) wpa: DPP: {R-auth}ke - hexdump(len=52):[0m
D (4206) wpa: 68 22 be 2d 5e 79 97 06 93 9d 5f d0 e4 78 47 db [0m
D (4206) wpa: 71 20 98 43 68 bd e0 b6 30 af 95 eb 8d da 57 36 [0m
D (4216) wpa: 30 21 22 99 fc 1e 13 5a e4 dc 9f 52 b3 2e f9 74 [0m
D (4216) wpa: 4f 98 69 35 [0m
D (4226) wpa: DPP: Status 0[0m
D (4226) wpa: DPP: R-Bootstrap Key Hash[0m
D (4226) wpa: DDP: AES-SIV AD[0] - hexdump(len=6):[0m
D (4236) wpa: 50 6f 9a 1a 01 01 [0m
D (4236) wpa: DDP: AES-SIV AD[1] - hexdump(len=109):[0m
D (4246) wpa: 00 10 01 00 00 02 10 20 00 92 2d dd 7a 3e d6 9f [0m
D (4246) wpa: 46 12 5d 77 2b be 60 17 cd 4e 03 87 0d c0 14 50 [0m
D (4256) wpa: 9e 38 b5 46 28 e1 57 a8 7d 09 10 40 00 cb ba 7d [0m
D (4256) wpa: f7 02 48 82 7c 07 4d ac 0b 86 e8 33 aa 72 df b3 [0m
D (4266) wpa: 4a 18 e5 cf 86 02 a1 40 5e af ba 42 64 1d 3d 77 [0m
D (4276) wpa: e4 ce 33 78 95 ef 63 26 fd 78 12 89 9d b8 d4 55 [0m
D (4276) wpa: c9 9a 77 f6 e2 43 29 d5 41 3d a9 8d 42 [0m
D (4286) wpa: DPP: AES-SIV cleartext - hexdump(len=101):[0m
D (4286) wpa: 07 10 10 00 8b 58 26 46 06 17 f9 15 c8 21 b0 bd [0m
D (4296) wpa: ab 6b 88 e2 05 10 10 00 13 f4 60 2a 16 da eb 69 [0m
D (4296) wpa: 71 22 63 b9 c4 6c ba 31 08 10 01 00 01 04 10 34 [0m
D (4306) wpa: 00 68 22 be 2d 5e 79 97 06 93 9d 5f d0 e4 78 47 [0m
D (4316) wpa: db 71 20 98 43 68 bd e0 b6 30 af 95 eb 8d da 57 [0m
D (4316) wpa: 36 30 21 22 99 fc 1e 13 5a e4 dc 9f 52 b3 2e f9 [0m
D (4326) wpa: 74 4f 98 69 35 [0m
D (4326) wpa: DPP: AES-SIV ciphertext - hexdump(len=117):[0m
D (4336) wpa: 5f 1c f4 e7 68 07 ba 89 8b 96 6a 5c b5 da 70 52 [0m
D (4336) wpa: c4 6a 79 35 30 76 de 83 69 c9 e4 02 35 52 1e b7 [0m
D (4346) wpa: 7f ae 16 fc 40 a5 70 2c 75 90 84 2a b9 8d 1a 0c [0m
D (4346) wpa: cf e3 1b 63 e5 36 b7 a2 12 74 c3 73 87 b3 bf aa [0m
D (4356) wpa: bf 1a 58 f4 96 ee 92 14 d3 d1 58 cc f5 78 00 e6 [0m
D (4366) wpa: 97 a2 a4 4f b1 65 3c 09 b3 f5 b7 82 23 8e 02 60 [0m
D (4366) wpa: a4 01 1c 6a 39 55 3f 70 b3 67 b8 44 a9 07 26 2b [0m
D (4376) wpa: 87 bd 97 6a fe [0m
D (4376) wpa: DPP: Authentication Response frame attributes - hexdump(len=238):[0m
D (4386) wpa: 04 09 50 6f 9a 1a 01 01 00 10 01 00 00 02 10 20 [0m
D (4386) wpa: 00 92 2d dd 7a 3e d6 9f 46 12 5d 77 2b be 60 17 [0m
D (4396) wpa: cd 4e 03 87 0d c0 14 50 9e 38 b5 46 28 e1 57 a8 [0m
D (4406) wpa: 7d 09 10 40 00 cb ba 7d f7 02 48 82 7c 07 4d ac [0m
D (4406) wpa: 0b 86 e8 33 aa 72 df b3 4a 18 e5 cf 86 02 a1 40 [0m
D (4416) wpa: 5e af ba 42 64 1d 3d 77 e4 ce 33 78 95 ef 63 26 [0m
D (4416) wpa: fd 78 12 89 9d b8 d4 55 c9 9a 77 f6 e2 43 29 d5 [0m
D (4426) wpa: 41 3d a9 8d 42 04 10 75 00 5f 1c f4 e7 68 07 ba [0m
D (4436) wpa: 89 8b 96 6a 5c b5 da 70 52 c4 6a 79 35 30 76 de [0m
D (4436) wpa: 83 69 c9 e4 02 35 52 1e b7 7f ae 16 fc 40 a5 70 [0m
D (4446) wpa: 2c 75 90 84 2a b9 8d 1a 0c cf e3 1b 63 e5 36 b7 [0m
D (4446) wpa: a2 12 74 c3 73 87 b3 bf aa bf 1a 58 f4 96 ee 92 [0m
D (4456) wpa: 14 d3 d1 58 cc f5 78 00 e6 97 a2 a4 4f b1 65 3c [0m
D (4466) wpa: 09 b3 f5 b7 82 23 8e 02 60 a4 01 1c 6a 39 55 3f [0m
D (4466) wpa: 70 b3 67 b8 44 a9 07 26 2b 87 bd 97 6a fe [0m
DPP: Mgmt Tx - MAC:11:22:33:44:55:66, Channel-6, WaitT-2000D (4476) event: running post WIFI_EVENT:19 with handler 0x4200a8e8 and context 0x3fca93d4 on loop 0x3fca8148[0m
D (4486) event: running post WIFI_EVENT:19 with handler 0x420149c0 and context 0x3fcb55f4 on loop 0x3fca8148[0m
Mgmt Tx Status - 0, Cookie - 0x4201451cesp_dpp.c: Called dpp_auth_conf_rx
D (5466) wpa: Called dpp_auth_conf_rx
[0m
D (5466) wpa: DPP: Wrapped data - hexdump(len=52):[0m
D (5476) wpa: 1b 12 6c e7 2b b2 48 cb 67 cd 2f dd 87 a6 6b 4e [0m
D (5476) wpa: 95 98 24 c9 a7 22 3a 84 ba 05 3f f6 61 23 74 8b [0m
D (5486) wpa: c0 1a 8c c2 be bd 7d 99 2f a5 8c 14 4d 86 b9 fe [0m
D (5496) wpa: c4 1f b1 ca [0m
D (5496) wpa: DPP: Responder Bootstrapping Key Hash - hexdump(len=32):[0m
D (5506) wpa: 92 2d dd 7a 3e d6 9f 46 12 5d 77 2b be 60 17 cd [0m
D (5506) wpa: 4e 03 87 0d c0 14 50 9e 38 b5 46 28 e1 57 a8 7d [0m
D (5516) wpa: DPP: Status 0[0m
D (5516) wpa: DDP: AES-SIV AD[0] - hexdump(len=6):[0m
D (5516) wpa: 50 6f 9a 1a 01 02 [0m
D (5526) wpa: DDP: AES-SIV AD[1] - hexdump(len=41):[0m
D (5526) wpa: 00 10 01 00 00 02 10 20 00 92 2d dd 7a 3e d6 9f [0m
D (5536) wpa: 46 12 5d 77 2b be 60 17 cd 4e 03 87 0d c0 14 50 [0m
D (5536) wpa: 9e 38 b5 46 28 e1 57 a8 7d [0m
D (5546) wpa: DPP: AES-SIV ciphertext - hexdump(len=52):[0m
D (5546) wpa: 1b 12 6c e7 2b b2 48 cb 67 cd 2f dd 87 a6 6b 4e [0m
D (5556) wpa: 95 98 24 c9 a7 22 3a 84 ba 05 3f f6 61 23 74 8b [0m
D (5566) wpa: c0 1a 8c c2 be bd 7d 99 2f a5 8c 14 4d 86 b9 fe [0m
D (5566) wpa: c4 1f b1 ca [0m
D (5576) wpa: DPP: AES-SIV cleartext - hexdump(len=36):[0m
D (5576) wpa: 0a 10 20 00 03 72 48 35 e8 02 86 6a 44 38 8e 40 [0m
D (5586) wpa: 05 77 37 58 31 69 12 f3 35 1f fa fe c2 f8 d8 b0 [0m
D (5586) wpa: 5a 1b cd c6 [0m
D (5586) wpa: DPP: Received Initiator Authenticating Tag - hexdump(len=32):[0m
D (5596) wpa: 03 72 48 35 e8 02 86 6a 44 38 8e 40 05 77 37 58 [0m
D (5606) wpa: 31 69 12 f3 35 1f fa fe c2 f8 d8 b0 5a 1b cd c6 [0m
D (5606) wpa: DPP: I-auth hash components[0m
D (5616) wpa: DPP: hash component - hexdump(len=16):[0m
D (5616) wpa: 8b 58 26 46 06 17 f9 15 c8 21 b0 bd ab 6b 88 e2 [0m
D (5626) wpa: DPP: hash component - hexdump(len=16):[0m
D (5626) wpa: 13 f4 60 2a 16 da eb 69 71 22 63 b9 c4 6c ba 31 [0m
D (5636) wpa: DPP: hash component - hexdump(len=32):[0m
D (5636) wpa: cb ba 7d f7 02 48 82 7c 07 4d ac 0b 86 e8 33 aa [0m
D (5646) wpa: 72 df b3 4a 18 e5 cf 86 02 a1 40 5e af ba 42 64 [0m
D (5656) wpa: DPP: hash component - hexdump(len=32):[0m
D (5656) wpa: 50 a5 32 ae 2a 07 20 72 76 41 8d 2f a6 30 29 5d [0m
D (5666) wpa: 45 56 9b e4 25 aa 63 4f 02 01 4d 00 a7 d1 f6 1a [0m
D (5666) wpa: DPP: hash component - hexdump(len=32):[0m
D (5676) wpa: 09 c5 85 a9 1b 4d f9 fd 25 a0 45 20 18 85 c3 9c [0m
D (5676) wpa: c5 cf ae 39 7d da ed a9 57 de c5 7f a0 e3 50 3f [0m
D (5686) wpa: DPP: hash component - hexdump(len=1):[0m
D (5686) wpa: 01 [0m
D (5696) wpa: DPP: I-auth - hexdump(len=32):[0m
D (5696) wpa: 03 72 48 35 e8 02 86 6a 44 38 8e 40 05 77 37 58 [0m
D (5706) wpa: 31 69 12 f3 35 1f fa fe c2 f8 d8 b0 5a 1b cd c6 [0m
D (5706) wpa: DPP: Calculated Initiator Authenticating Tag - hexdump(len=32):[0m
D (5716) wpa: 03 72 48 35 e8 02 86 6a 44 38 8e 40 05 77 37 58 [0m
D (5726) wpa: 31 69 12 f3 35 1f fa fe c2 f8 d8 b0 5a 1b cd c6 [0m
D (5726) wpa: DPP: Authentication success - clear temporary keys[0m
D (5736) wpa: DPP: Build configuration request[0m
D (5736) wpa: DPP: E-nonce - hexdump(len=16):[0m
D (5746) wpa: 90 fc b6 46 88 cf 7d 06 ab e0 75 2c 81 db 36 48 [0m
D (5746) wpa: DPP: configRequest JSON - hexdump(len=71):[0m
D (5756) wpa: 7b 22 6e 61 6d 65 22 3a 22 54 65 73 74 22 2c 22 [0m
D (5756) wpa: 77 69 2d 66 69 5f 74 65 63 68 22 3a 22 69 6e 66 [0m
D (5766) wpa: 72 61 22 2c 22 6e 65 74 52 6f 6c 65 22 3a 22 73 [0m
D (5776) wpa: 74 61 22 2c 22 62 61 6e 64 53 75 70 70 6f 72 74 [0m
D (5776) wpa: 22 3a 5b 38 31 5d 7d [0m
D (5786) wpa: DPP: AES-SIV cleartext - hexdump(len=95):[0m
D (5786) wpa: 14 10 10 00 90 fc b6 46 88 cf 7d 06 ab e0 75 2c [0m
D (5796) wpa: 81 db 36 48 0e 10 47 00 7b 22 6e 61 6d 65 22 3a [0m
D (5796) wpa: 22 54 65 73 74 22 2c 22 77 69 2d 66 69 5f 74 65 [0m
D (5806) wpa: 63 68 22 3a 22 69 6e 66 72 61 22 2c 22 6e 65 74 [0m
D (5806) wpa: 52 6f 6c 65 22 3a 22 73 74 61 22 2c 22 62 61 6e [0m
D (5816) wpa: 64 53 75 70 70 6f 72 74 22 3a 5b 38 31 5d 7d [0m
D (5826) wpa: DPP: AES-SIV ciphertext - hexdump(len=111):[0m
D (5826) wpa: dd b8 1a 01 50 ff 7a aa f3 5f c0 63 86 a5 8e 9a [0m
D (5836) wpa: be aa 51 26 47 6b b1 fe 5c 9f 2d c6 85 23 2d 4f [0m
D (5836) wpa: 7a f5 37 51 78 c7 f0 23 fb 61 08 be a6 b0 a7 83 [0m
D (5846) wpa: dc 09 2e ad e2 55 4b ca 30 c6 ba 5f bb 09 84 e6 [0m
D (5856) wpa: ee d8 40 01 13 84 fc f5 88 e2 e0 9c 07 37 66 45 [0m
D (5856) wpa: 06 17 f1 80 15 ff c4 05 a7 22 35 7c f7 c6 6d fb [0m
D (5866) wpa: c7 b1 e4 04 1c f3 1f 00 b7 11 1f f0 b1 3e c1 [0m
D (5866) wpa: DPP: Configuration Request frame attributes - hexdump(len=115):[0m
D (5876) wpa: 04 10 6f 00 dd b8 1a 01 50 ff 7a aa f3 5f c0 63 [0m
D (5886) wpa: 86 a5 8e 9a be aa 51 26 47 6b b1 fe 5c 9f 2d c6 [0m
D (5886) wpa: 85 23 2d 4f 7a f5 37 51 78 c7 f0 23 fb 61 08 be [0m
D (5896) wpa: a6 b0 a7 83 dc 09 2e ad e2 55 4b ca 30 c6 ba 5f [0m
D (5896) wpa: bb 09 84 e6 ee d8 40 01 13 84 fc f5 88 e2 e0 9c [0m
D (5906) wpa: 07 37 66 45 06 17 f1 80 15 ff c4 05 a7 22 35 7c [0m
D (5916) wpa: f7 c6 6d fb c7 b1 e4 04 1c f3 1f 00 b7 11 1f f0 [0m
D (5916) wpa: b1 3e c1 [0m
DPP: Mgmt Tx - MAC:11:22:33:44:55:66, Channel-6, WaitT-2000esp_dpp.c: Called dpp_auth_conf_rx
D (5926) wpa: Called dpp_auth_conf_rx
[0m
D (5926) event: running post WIFI_EVENT:19 with handler 0x4200a8e8 and context 0x3fca93d4 on loop 0x3fca8148[0m
D (5936) wpa: DPP: Wrapped data - hexdump(len=52):[0m
D (5946) event: running post WIFI_EVENT:19 with handler 0x420149c0 and context 0x3fcb55f4 on loop 0x3fca8148[0m
D (5946) wpa: 1b 12 6c e7 2b b2 48 cb 67 cd 2f dd 87 a6 6b 4e [0m
Mgmt Tx Status - 0, Cookie - 0x4201451cD (5966) wpa: 95 98 24 c9 a7 22 3a 84 ba 05 3f f6 61 23 74 8b [0m
D (5976) wpa: c0 1a 8c c2 be bd 7d 99 2f a5 8c 14 4d 86 b9 fe [0m
D (5976) wpa: c4 1f b1 ca [0m
D (5976) wpa: DPP: Responder Bootstrapping Key Hash - hexdump(len=32):[0m
D (5986) wpa: 92 2d dd 7a 3e d6 9f 46 12 5d 77 2b be 60 17 cd [0m
D (5996) wpa: 4e 03 87 0d c0 14 50 9e 38 b5 46 28 e1 57 a8 7d [0m
D (5996) wpa: DPP: Status 0[0m
D (6006) wpa: DDP: AES-SIV AD[0] - hexdump(len=6):[0m
D (6006) wpa: 50 6f 9a 1a 01 02 [0m
D (6006) wpa: DDP: AES-SIV AD[1] - hexdump(len=41):[0m
D (6016) wpa: 00 10 01 00 00 02 10 20 00 92 2d dd 7a 3e d6 9f [0m
D (6016) wpa: 46 12 5d 77 2b be 60 17 cd 4e 03 87 0d c0 14 50 [0m
D (6026) wpa: 9e 38 b5 46 28 e1 57 a8 7d [0m
D (6026) wpa: DPP: AES-SIV ciphertext - hexdump(len=52):[0m
D (6036) wpa: 1b 12 6c e7 2b b2 48 cb 67 cd 2f dd 87 a6 6b 4e [0m
D (6046) wpa: 95 98 24 c9 a7 22 3a 84 ba 05 3f f6 61 23 74 8b [0m
D (6046) wpa: c0 1a 8c c2 be bd 7d 99 2f a5 8c 14 4d 86 b9 fe [0m
D (6056) wpa: c4 1f b1 ca [0m
D (6056) wpa: DPP: AES-SIV cleartext - hexdump(len=36):[0m
D (6066) wpa: 0a 10 20 00 03 72 48 35 e8 02 86 6a 44 38 8e 40 [0m
D (6066) wpa: 05 77 37 58 31 69 12 f3 35 1f fa fe c2 f8 d8 b0 [0m
D (6076) wpa: 5a 1b cd c6 [0m
D (6076) wpa: DPP: Received Initiator Authenticating Tag - hexdump(len=32):[0m
D (6086) wpa: 03 72 48 35 e8 02 86 6a 44 38 8e 40 05 77 37 58 [0m
D (6086) wpa: 31 69 12 f3 35 1f fa fe c2 f8 d8 b0 5a 1b cd c6 [0m
D (6096) wpa: DPP: I-auth hash components[0m
D (6096) wpa: DPP: hash component - hexdump(len=16):[0m
D (6106) wpa: 8b 58 26 46 06 17 f9 15 c8 21 b0 bd ab 6b 88 e2 [0m
D (6106) wpa: DPP: hash component - hexdump(len=16):[0m
D (6116) wpa: 13 f4 60 2a 16 da eb 69 71 22 63 b9 c4 6c ba 31 [0m
D (6116) wpa: DPP: hash component - hexdump(len=32):[0m
D (6126) wpa: cb ba 7d f7 02 48 82 7c 07 4d ac 0b 86 e8 33 aa [0m
D (6136) wpa: 72 df b3 4a 18 e5 cf 86 02 a1 40 5e af ba 42 64 [0m
D (6136) wpa: DPP: hash component - hexdump(len=32):[0m
D (6146) wpa: 50 a5 32 ae 2a 07 20 72 76 41 8d 2f a6 30 29 5d [0m
D (6146) wpa: 45 56 9b e4 25 aa 63 4f 02 01 4d 00 a7 d1 f6 1a [0m
D (6156) wpa: DPP: hash component - hexdump(len=32):[0m
D (6156) wpa: 09 c5 85 a9 1b 4d f9 fd 25 a0 45 20 18 85 c3 9c [0m
D (6166) wpa: c5 cf ae 39 7d da ed a9 57 de c5 7f a0 e3 50 3f [0m
D (6176) wpa: DPP: hash component - hexdump(len=1):[0m
D (6176) wpa: 01 [0m
D (6176) wpa: DPP: I-auth - hexdump(len=32):[0m
D (6186) wpa: 03 72 48 35 e8 02 86 6a 44 38 8e 40 05 77 37 58 [0m
D (6186) wpa: 31 69 12 f3 35 1f fa fe c2 f8 d8 b0 5a 1b cd c6 [0m
D (6196) wpa: DPP: Calculated Initiator Authenticating Tag - hexdump(len=32):[0m
D (6206) wpa: 03 72 48 35 e8 02 86 6a 44 38 8e 40 05 77 37 58 [0m
D (6206) wpa: 31 69 12 f3 35 1f fa fe c2 f8 d8 b0 5a 1b cd c6 [0m
D (6216) wpa: DPP: Authentication success - clear temporary keys[0m
D (6216) wpa: DPP: Build configuration request[0m
D (6226) wpa: DPP: E-nonce - hexdump(len=16):[0m
D (6226) wpa: 89 63 cf 9a 17 90 f0 97 ee 0c 50 b7 01 58 fa ef [0m
D (6236) wpa: DPP: configRequest JSON - hexdump(len=71):[0m
D (6236) wpa: 7b 22 6e 61 6d 65 22 3a 22 54 65 73 74 22 2c 22 [0m
D (6246) wpa: 77 69 2d 66 69 5f 74 65 63 68 22 3a 22 69 6e 66 [0m
D (6256) wpa: 72 61 22 2c 22 6e 65 74 52 6f 6c 65 22 3a 22 73 [0m
D (6256) wpa: 74 61 22 2c 22 62 61 6e 64 53 75 70 70 6f 72 74 [0m
D (6266) wpa: 22 3a 5b 38 31 5d 7d [0m
D (6266) wpa: DPP: AES-SIV cleartext - hexdump(len=95):[0m
D (6276) wpa: 14 10 10 00 89 63 cf 9a 17 90 f0 97 ee 0c 50 b7 [0m
D (6276) wpa: 01 58 fa ef 0e 10 47 00 7b 22 6e 61 6d 65 22 3a [0m
D (6286) wpa: 22 54 65 73 74 22 2c 22 77 69 2d 66 69 5f 74 65 [0m
D (6286) wpa: 63 68 22 3a 22 69 6e 66 72 61 22 2c 22 6e 65 74 [0m
D (6296) wpa: 52 6f 6c 65 22 3a 22 73 74 61 22 2c 22 62 61 6e [0m
D (6306) wpa: 64 53 75 70 70 6f 72 74 22 3a 5b 38 31 5d 7d [0m
D (6306) wpa: DPP: AES-SIV ciphertext - hexdump(len=111):[0m
D (6316) wpa: ca 9d 07 19 f0 61 eb 63 67 f9 d7 12 ed 10 1a bb [0m
D (6316) wpa: f9 97 0a 83 c6 d6 74 75 53 44 53 06 61 ab 75 43 [0m
D (6326) wpa: e0 ae 38 08 ef f6 d7 5d f7 cc 01 23 46 24 fc 77 [0m
D (6326) wpa: e8 04 62 19 18 e0 32 b6 7e 35 64 b0 65 a6 f0 ec [0m
D (6336) wpa: 59 5d 94 81 96 93 4a 2f c3 2b 11 16 9d 3f d3 fa [0m
D (6346) wpa: 6b 35 a1 b4 16 20 34 81 76 08 49 ba 6d 5f b1 95 [0m
D (6346) wpa: 7e 0c c3 27 2b cb d7 f7 5b 67 b1 93 23 d5 c6 [0m
D (6356) wpa: DPP: Configuration Request frame attributes - hexdump(len=115):[0m
D (6366) wpa: 04 10 6f 00 ca 9d 07 19 f0 61 eb 63 67 f9 d7 12 [0m
D (6366) wpa: ed 10 1a bb f9 97 0a 83 c6 d6 74 75 53 44 53 06 [0m
D (6376) wpa: 61 ab 75 43 e0 ae 38 08 ef f6 d7 5d f7 cc 01 23 [0m
D (6376) wpa: 46 24 fc 77 e8 04 62 19 18 e0 32 b6 7e 35 64 b0 [0m
D (6386) wpa: 65 a6 f0 ec 59 5d 94 81 96 93 4a 2f c3 2b 11 16 [0m
D (6386) wpa: 9d 3f d3 fa 6b 35 a1 b4 16 20 34 81 76 08 49 ba [0m
D (6396) wpa: 6d 5f b1 95 7e 0c c3 27 2b cb d7 f7 5b 67 b1 93 [0m
D (6406) wpa: 23 d5 c6 [0m
DPP: Mgmt Tx - MAC:11:22:33:44:55:66, Channel-6, WaitT-2000esp_dpp.c: Called dpp_auth_conf_rx
D (6406) event: running post WIFI_EVENT:19 with handler 0x4200a8e8 and context 0x3fca93d4 on loop 0x3fca8148[0m
D (6416) wpa: Called dpp_auth_conf_rx
[0m
D (6426) event: running post WIFI_EVENT:19 with handler 0x420149c0 and context 0x3fcb55f4 on loop 0x3fca8148[0m
D (6426) wpa: DPP: Wrapped data - hexdump(len=52):[0m
Mgmt Tx Status - 0, Cookie - 0x4201451cD (6446) wpa: 1b 12 6c e7 2b b2 48 cb 67 cd 2f dd 87 a6 6b 4e [0m
D (6456) wpa: 95 98 24 c9 a7 22 3a 84 ba 05 3f f6 61 23 74 8b [0m
D (6456) wpa: c0 1a 8c c2 be bd 7d 99 2f a5 8c 14 4d 86 b9 fe [0m
D (6466) wpa: c4 1f b1 ca [0m
D (6466) wpa: DPP: Responder Bootstrapping Key Hash - hexdump(len=32):[0m
D (6476) wpa: 92 2d dd 7a 3e d6 9f 46 12 5d 77 2b be 60 17 cd [0m
D (6476) wpa: 4e 03 87 0d c0 14 50 9e 38 b5 46 28 e1 57 a8 7d [0m
D (6486) wpa: DPP: Status 0[0m
D (6486) wpa: DDP: AES-SIV AD[0] - hexdump(len=6):[0m
D (6496) wpa: 50 6f 9a 1a 01 02 [0m
D (6496) wpa: DDP: AES-SIV AD[1] - hexdump(len=41):[0m
D (6496) wpa: 00 10 01 00 00 02 10 20 00 92 2d dd 7a 3e d6 9f [0m
D (6506) wpa: 46 12 5d 77 2b be 60 17 cd 4e 03 87 0d c0 14 50 [0m
D (6516) wpa: 9e 38 b5 46 28 e1 57 a8 7d [0m
D (6516) wpa: DPP: AES-SIV ciphertext - hexdump(len=52):[0m
D (6526) wpa: 1b 12 6c e7 2b b2 48 cb 67 cd 2f dd 87 a6 6b 4e [0m
D (6526) wpa: 95 98 24 c9 a7 22 3a 84 ba 05 3f f6 61 23 74 8b [0m
D (6536) wpa: c0 1a 8c c2 be bd 7d 99 2f a5 8c 14 4d 86 b9 fe [0m
D (6536) wpa: c4 1f b1 ca [0m
D (6546) wpa: DPP: AES-SIV cleartext - hexdump(len=36):[0m
D (6546) wpa: 0a 10 20 00 03 72 48 35 e8 02 86 6a 44 38 8e 40 [0m
D (6556) wpa: 05 77 37 58 31 69 12 f3 35 1f fa fe c2 f8 d8 b0 [0m
D (6556) wpa: 5a 1b cd c6 [0m
D (6566) wpa: DPP: Received Initiator Authenticating Tag - hexdump(len=32):[0m
D (6566) wpa: 03 72 48 35 e8 02 86 6a 44 38 8e 40 05 77 37 58 [0m
D (6576) wpa: 31 69 12 f3 35 1f fa fe c2 f8 d8 b0 5a 1b cd c6 [0m
D (6576) wpa: DPP: I-auth hash components[0m
D (6586) wpa: DPP: hash component - hexdump(len=16):[0m
D (6586) wpa: 8b 58 26 46 06 17 f9 15 c8 21 b0 bd ab 6b 88 e2 [0m
D (6596) wpa: DPP: hash component - hexdump(len=16):[0m
D (6596) wpa: 13 f4 60 2a 16 da eb 69 71 22 63 b9 c4 6c ba 31 [0m
D (6606) wpa: DPP: hash component - hexdump(len=32):[0m
D (6616) wpa: cb ba 7d f7 02 48 82 7c 07 4d ac 0b 86 e8 33 aa [0m
D (6616) wpa: 72 df b3 4a 18 e5 cf 86 02 a1 40 5e af ba 42 64 [0m
D (6626) wpa: DPP: hash component - hexdump(len=32):[0m
D (6626) wpa: 50 a5 32 ae 2a 07 20 72 76 41 8d 2f a6 30 29 5d [0m
D (6636) wpa: 45 56 9b e4 25 aa 63 4f 02 01 4d 00 a7 d1 f6 1a [0m
D (6636) wpa: DPP: hash component - hexdump(len=32):[0m
D (6646) wpa: 09 c5 85 a9 1b 4d f9 fd 25 a0 45 20 18 85 c3 9c [0m
D (6656) wpa: c5 cf ae 39 7d da ed a9 57 de c5 7f a0 e3 50 3f [0m
D (6656) wpa: DPP: hash component - hexdump(len=1):[0m
D (6666) wpa: 01 [0m
D (6666) wpa: DPP: I-auth - hexdump(len=32):[0m
D (6666) wpa: 03 72 48 35 e8 02 86 6a 44 38 8e 40 05 77 37 58 [0m
D (6676) wpa: 31 69 12 f3 35 1f fa fe c2 f8 d8 b0 5a 1b cd c6 [0m
D (6676) wpa: DPP: Calculated Initiator Authenticating Tag - hexdump(len=32):[0m
D (6686) wpa: 03 72 48 35 e8 02 86 6a 44 38 8e 40 05 77 37 58 [0m
D (6696) wpa: 31 69 12 f3 35 1f fa fe c2 f8 d8 b0 5a 1b cd c6 [0m
D (6696) wpa: DPP: Authentication success - clear temporary keys[0m
D (6706) wpa: DPP: Build configuration request[0m
D (6706) wpa: DPP: E-nonce - hexdump(len=16):[0m
D (6716) wpa: cf 2d 45 ff a2 93 cd 40 d1 da d3 06 fd 97 21 51 [0m
D (6716) wpa: DPP: configRequest JSON - hexdump(len=71):[0m
D (6726) wpa: 7b 22 6e 61 6d 65 22 3a 22 54 65 73 74 22 2c 22 [0m
D (6736) wpa: 77 69 2d 66 69 5f 74 65 63 68 22 3a 22 69 6e 66 [0m
D (6736) wpa: 72 61 22 2c 22 6e 65 74 52 6f 6c 65 22 3a 22 73 [0m
D (6746) wpa: 74 61 22 2c 22 62 61 6e 64 53 75 70 70 6f 72 74 [0m
D (6746) wpa: 22 3a 5b 38 31 5d 7d [0m
D (6756) wpa: DPP: AES-SIV cleartext - hexdump(len=95):[0m
D (6756) wpa: 14 10 10 00 cf 2d 45 ff a2 93 cd 40 d1 da d3 06 [0m
D (6766) wpa: fd 97 21 51 0e 10 47 00 7b 22 6e 61 6d 65 22 3a [0m
D (6766) wpa: 22 54 65 73 74 22 2c 22 77 69 2d 66 69 5f 74 65 [0m
D (6776) wpa: 63 68 22 3a 22 69 6e 66 72 61 22 2c 22 6e 65 74 [0m
D (6786) wpa: 52 6f 6c 65 22 3a 22 73 74 61 22 2c 22 62 61 6e [0m
D (6786) wpa: 64 53 75 70 70 6f 72 74 22 3a 5b 38 31 5d 7d [0m
D (6796) wpa: DPP: AES-SIV ciphertext - hexdump(len=111):[0m
D (6796) wpa: d8 dc 6e f8 0b 08 bb d4 90 ce 80 08 eb f6 8a c8 [0m
D (6806) wpa: 99 a7 0f a9 91 c9 91 e9 75 25 aa c1 c7 0a e5 4d [0m
D (6806) wpa: c9 c6 3b 71 a7 d8 9a 69 4d fa d0 a1 74 4c ce 09 [0m
D (6816) wpa: a7 b6 80 96 da 44 62 aa ca b5 68 7a e4 e5 56 39 [0m
D (6826) wpa: 92 cf 91 06 7e d5 0d d4 76 7a 73 f9 52 c4 f5 4e [0m
D (6826) wpa: bb 1e 79 f1 94 58 cf bb de 1e eb b9 f3 ea 82 9f [0m
D (6836) wpa: 8e 31 a3 d0 c5 a5 54 9c 53 36 5a 03 fc 60 55 [0m
D (6836) wpa: DPP: Configuration Request frame attributes - hexdump(len=115):[0m
D (6846) wpa: 04 10 6f 00 d8 dc 6e f8 0b 08 bb d4 90 ce 80 08 [0m
D (6856) wpa: eb f6 8a c8 99 a7 0f a9 91 c9 91 e9 75 25 aa c1 [0m
D (6856) wpa: c7 0a e5 4d c9 c6 3b 71 a7 d8 9a 69 4d fa d0 a1 [0m
D (6866) wpa: 74 4c ce 09 a7 b6 80 96 da 44 62 aa ca b5 68 7a [0m
D (6866) wpa: e4 e5 56 39 92 cf 91 06 7e d5 0d d4 76 7a 73 f9 [0m
D (6876) wpa: 52 c4 f5 4e bb 1e 79 f1 94 58 cf bb de 1e eb b9 [0m
D (6886) wpa: f3 ea 82 9f 8e 31 a3 d0 c5 a5 54 9c 53 36 5a 03 [0m
D (6886) wpa: fc 60 55 [0m
DPP: Mgmt Tx - MAC:11:22:33:44:55:66, Channel-6, WaitT-2000esp_dpp.c: Called dpp_auth_conf_rx
D (6896) event: running post WIFI_EVENT:19 with handler 0x4200a8e8 and context 0x3fca93d4 on loop 0x3fca8148[0m
D (6896) wpa: Called dpp_auth_conf_rx
[0m
D (6906) event: running post WIFI_EVENT:19 with handler 0x420149c0 and context 0x3fcb55f4 on loop 0x3fca8148[0m
D (6916) wpa: DPP: Wrapped data - hexdump(len=52):[0m
Mgmt Tx Status - 0, Cookie - 0x4201451cD (6926) wpa: 1b 12 6c e7 2b b2 48 cb 67 cd 2f dd 87 a6 6b 4e [0m
D (6936) wpa: 95 98 24 c9 a7 22 3a 84 ba 05 3f f6 61 23 74 8b [0m
D (6946) wpa: c0 1a 8c c2 be bd 7d 99 2f a5 8c 14 4d 86 b9 fe [0m
D (6946) wpa: c4 1f b1 ca [0m
D (6956) wpa: DPP: Responder Bootstrapping Key Hash - hexdump(len=32):[0m
D (6956) wpa: 92 2d dd 7a 3e d6 9f 46 12 5d 77 2b be 60 17 cd [0m
D (6966) wpa: 4e 03 87 0d c0 14 50 9e 38 b5 46 28 e1 57 a8 7d [0m
D (6966) wpa: DPP: Status 0[0m
D (6976) wpa: DDP: AES-SIV AD[0] - hexdump(len=6):[0m
D (6976) wpa: 50 6f 9a 1a 01 02 [0m
D (6976) wpa: DDP: AES-SIV AD[1] - hexdump(len=41):[0m
D (6986) wpa: 00 10 01 00 00 02 10 20 00 92 2d dd 7a 3e d6 9f [0m
D (6996) wpa: 46 12 5d 77 2b be 60 17 cd 4e 03 87 0d c0 14 50 [0m
D (6996) wpa: 9e 38 b5 46 28 e1 57 a8 7d [0m
D (7006) wpa: DPP: AES-SIV ciphertext - hexdump(len=52):[0m
D (7006) wpa: 1b 12 6c e7 2b b2 48 cb 67 cd 2f dd 87 a6 6b 4e [0m
D (7016) wpa: 95 98 24 c9 a7 22 3a 84 ba 05 3f f6 61 23 74 8b [0m
D (7016) wpa: c0 1a 8c c2 be bd 7d 99 2f a5 8c 14 4d 86 b9 fe [0m
D (7026) wpa: c4 1f b1 ca [0m
D (7026) wpa: DPP: AES-SIV cleartext - hexdump(len=36):[0m
D (7036) wpa: 0a 10 20 00 03 72 48 35 e8 02 86 6a 44 38 8e 40 [0m
D (7036) wpa: 05 77 37 58 31 69 12 f3 35 1f fa fe c2 f8 d8 b0 [0m
D (7046) wpa: 5a 1b cd c6 [0m
D (7046) wpa: DPP: Received Initiator Authenticating Tag - hexdump(len=32):[0m
D (7056) wpa: 03 72 48 35 e8 02 86 6a 44 38 8e 40 05 77 37 58 [0m
D (7056) wpa: 31 69 12 f3 35 1f fa fe c2 f8 d8 b0 5a 1b cd c6 [0m
D (7066) wpa: DPP: I-auth hash components[0m
D (7066) wpa: DPP: hash component - hexdump(len=16):[0m
D (7076) wpa: 8b 58 26 46 06 17 f9 15 c8 21 b0 bd ab 6b 88 e2 [0m
D (7086) wpa: DPP: hash component - hexdump(len=16):[0m
D (7086) wpa: 13 f4 60 2a 16 da eb 69 71 22 63 b9 c4 6c ba 31 [0m
D (7096) wpa: DPP: hash component - hexdump(len=32):[0m
D (7096) wpa: cb ba 7d f7 02 48 82 7c 07 4d ac 0b 86 e8 33 aa [0m
D (7106) wpa: 72 df b3 4a 18 e5 cf 86 02 a1 40 5e af ba 42 64 [0m
D (7106) wpa: DPP: hash component - hexdump(len=32):[0m
D (7116) wpa: 50 a5 32 ae 2a 07 20 72 76 41 8d 2f a6 30 29 5d [0m
D (7116) wpa: 45 56 9b e4 25 aa 63 4f 02 01 4d 00 a7 d1 f6 1a [0m
D (7126) wpa: DPP: hash component - hexdump(len=32):[0m
D (7126) wpa: 09 c5 85 a9 1b 4d f9 fd 25 a0 45 20 18 85 c3 9c [0m
D (7136) wpa: c5 cf ae 39 7d da ed a9 57 de c5 7f a0 e3 50 3f [0m
D (7146) wpa: DPP: hash component - hexdump(len=1):[0m
D (7146) wpa: 01 [0m
D (7146) wpa: DPP: I-auth - hexdump(len=32):[0m
D (7156) wpa: 03 72 48 35 e8 02 86 6a 44 38 8e 40 05 77 37 58 [0m
D (7156) wpa: 31 69 12 f3 35 1f fa fe c2 f8 d8 b0 5a 1b cd c6 [0m
D (7166) wpa: DPP: Calculated Initiator Authenticating Tag - hexdump(len=32):[0m
D (7176) wpa: 03 72 48 35 e8 02 86 6a 44 38 8e 40 05 77 37 58 [0m
D (7176) wpa: 31 69 12 f3 35 1f fa fe c2 f8 d8 b0 5a 1b cd c6 [0m
D (7186) wpa: DPP: Authentication success - clear temporary keys[0m
D (7186) wpa: DPP: Build configuration request[0m
D (7196) wpa: DPP: E-nonce - hexdump(len=16):[0m
D (7196) wpa: a2 29 12 52 bb fa 44 f1 5e f4 d2 aa 83 e0 c4 39 [0m
D (7206) wpa: DPP: configRequest JSON - hexdump(len=71):[0m
D (7206) wpa: 7b 22 6e 61 6d 65 22 3a 22 54 65 73 74 22 2c 22 [0m
D (7216) wpa: 77 69 2d 66 69 5f 74 65 63 68 22 3a 22 69 6e 66 [0m
D (7226) wpa: 72 61 22 2c 22 6e 65 74 52 6f 6c 65 22 3a 22 73 [0m
D (7226) wpa: 74 61 22 2c 22 62 61 6e 64 53 75 70 70 6f 72 74 [0m
D (7236) wpa: 22 3a 5b 38 31 5d 7d [0m
D (7236) wpa: DPP: AES-SIV cleartext - hexdump(len=95):[0m
D (7246) wpa: 14 10 10 00 a2 29 12 52 bb fa 44 f1 5e f4 d2 aa [0m
D (7246) wpa: 83 e0 c4 39 0e 10 47 00 7b 22 6e 61 6d 65 22 3a [0m
D (7256) wpa: 22 54 65 73 74 22 2c 22 77 69 2d 66 69 5f 74 65 [0m
D (7266) wpa: 63 68 22 3a 22 69 6e 66 72 61 22 2c 22 6e 65 74 [0m
D (7266) wpa: 52 6f 6c 65 22 3a 22 73 74 61 22 2c 22 62 61 6e [0m
D (7276) wpa: 64 53 75 70 70 6f 72 74 22 3a 5b 38 31 5d 7d [0m
D (7276) wpa: DPP: AES-SIV ciphertext - hexdump(len=111):[0m
D (7286) wpa: ef 2b a3 88 ec 68 dd 1f b8 bb 34 ad 6e 7c ed 60 [0m
D (7286) wpa: f2 76 f7 d4 35 67 09 2b 12 94 3a d9 f7 ab 2e f5 [0m
D (7296) wpa: 9e ca bf 99 0c 00 ab 84 84 7b c1 f8 56 6d 78 77 [0m
D (7306) wpa: 77 3f cf de e5 bd 9d 5a 3e 6c 80 5b a6 5a f3 e5 [0m
D (7306) wpa: 13 3f 99 b2 f4 54 bf c6 35 37 36 79 10 08 5e 59 [0m
D (7316) wpa: ec c9 5b ba e4 3d 06 09 b7 7d 30 f2 07 92 84 4e [0m
D (7316) wpa: 18 a2 22 f4 b1 db 3b 65 bc f0 5c f8 c1 64 49 [0m
D (7326) wpa: DPP: Configuration Request frame attributes - hexdump(len=115):[0m
D (7336) wpa: 04 10 6f 00 ef 2b a3 88 ec 68 dd 1f b8 bb 34 ad [0m
D (7336) wpa: 6e 7c ed 60 f2 76 f7 d4 35 67 09 2b 12 94 3a d9 [0m
D (7346) wpa: f7 ab 2e f5 9e ca bf 99 0c 00 ab 84 84 7b c1 f8 [0m
D (7346) wpa: 56 6d 78 77 77 3f cf de e5 bd 9d 5a 3e 6c 80 5b [0m
D (7356) wpa: a6 5a f3 e5 13 3f 99 b2 f4 54 bf c6 35 37 36 79 [0m
D (7366) wpa: 10 08 5e 59 ec c9 5b ba e4 3d 06 09 b7 7d 30 f2 [0m
D (7366) wpa: 07 92 84 4e 18 a2 22 f4 b1 db 3b 65 bc f0 5c f8 [0m
D (7376) wpa: c1 64 49 [0m
DPP: Mgmt Tx - MAC:11:22:33:44:55:66, Channel-6, WaitT-2000D (7376) event: running post WIFI_EVENT:19 with handler 0x4200a8e8 and context 0x3fca93d4 on loop 0x3fca8148[0m
D (7396) event: running post WIFI_EVENT:19 with handler 0x420149c0 and context 0x3fcb55f4 on loop 0x3fca8148[0m
Mgmt Tx Status - 0, Cookie - 0x4201451cD (7516) wpa: DPP: AES-SIV ciphertext - hexdump(len=140):[0m
D (7516) wpa: 43 c0 c2 76 a7 47 d7 de 00 a9 0d 08 63 a1 8f 62 [0m
D (7516) wpa: 22 27 22 a2 6f 85 f3 6c 76 9c 2e 4e ca 45 68 a9 [0m
D (7526) wpa: 80 9e ad 58 ec 94 23 ee 30 df 6b 8c 85 68 59 ab [0m
D (7536) wpa: 35 3d 8f d8 3f a1 be c3 59 6d fc d3 63 f5 79 9b [0m
D (7536) wpa: cc 1f dd 9d e5 5e 2d 10 a1 29 a9 dd 59 4e 3e af [0m
D (7546) wpa: a3 61 0f 32 61 a9 20 f9 99 19 9a 90 f7 56 7c e3 [0m
D (7546) wpa: 18 11 0c a1 23 97 64 2f 2d 48 88 80 6a 10 b0 93 [0m
D (7556) wpa: be ea 12 b5 c7 75 fd 55 82 3e 9f 81 cb 78 0b 1b [0m
D (7566) wpa: d9 c0 d8 fe c7 0b de 6e a9 41 5d 6a [0m
D (7566) wpa: DDP: AES-SIV AD - hexdump(len=5):[0m
D (7576) wpa: 00 10 01 00 00 [0m
D (7576) wpa: DPP: AES-SIV cleartext - hexdump(len=124):[0m
D (7576) wpa: 14 10 10 00 a2 29 12 52 bb fa 44 f1 5e f4 d2 aa [0m
D (7586) wpa: 83 e0 c4 39 0c 10 64 00 7b 22 77 69 2d 66 69 5f [0m
D (7596) wpa: 74 65 63 68 22 3a 22 69 6e 66 72 61 22 2c 22 64 [0m
D (7596) wpa: 69 73 63 6f 76 65 72 79 22 3a 7b 22 73 73 69 64 [0m
D (7606) wpa: 22 3a 22 6e 6f 6d 6c 61 62 41 50 2d 47 22 7d 2c [0m
D (7606) wpa: 22 63 72 65 64 22 3a 7b 22 61 6b 6d 22 3a 22 70 [0m
D (7616) wpa: 73 6b 22 2c 22 70 61 73 73 22 3a 22 74 61 6e 69 [0m
D (7626) wpa: 5f 6e 6f 6d 5f 31 31 62 67 22 7d 7d [0m
D (7626) wpa: DPP: Enrollee Nonce - hexdump(len=16):[0m
D (7626) wpa: a2 29 12 52 bb fa 44 f1 5e f4 d2 aa 83 e0 c4 39 [0m
D (7636) wpa: DPP: Status 0[0m
D (7636) wpa: DPP: configurationObject JSON - hexdump(len=100):[0m
D (7646) wpa: 7b 22 77 69 2d 66 69 5f 74 65 63 68 22 3a 22 69 [0m
D (7656) wpa: 6e 66 72 61 22 2c 22 64 69 73 63 6f 76 65 72 79 [0m
D (7656) wpa: 22 3a 7b 22 73 73 69 64 22 3a 22 6e 6f 6d 6c 61 [0m
D (7666) wpa: 62 41 50 2d 47 22 7d 2c 22 63 72 65 64 22 3a 7b [0m
D (7666) wpa: 22 61 6b 6d 22 3a 22 70 73 6b 22 2c 22 70 61 73 [0m
D (7676) wpa: 73 22 3a 22 74 61 6e 69 5f 6e 6f 6d 5f 31 31 62 [0m
D (7686) wpa: 67 22 7d 7d [0m
D (7686) wpa: DPP: discovery::ssid - hexdump(len=10):[0m
D (7686) wpa: 6e 6f 6d 6c 61 62 41 50 2d 47 [0m
D (7696) wpa: DPP: Legacy akm=psk credential[0m
D (7696) wpa: DPP: Legacy passphrase - hexdump(len=13):[0m
D (7706) wpa: 74 61 6e 69 5f 6e 6f 6d 5f 31 31 62 67 [0m
D (7706) wpa: DPP: JSON parsing completed successfully[0m
D (7716) wifi:clear blacklist
D (7716) nvs: nvs_get_str_or_blob sta.ssid[0m
D (7716) nvs: nvs_get sta.pmf_e 1[0m
[0;32mI (7726) wifi dpp-enrollee: DPP Authentication successful, connecting to AP : nomlabAP-G[0m
D (7736) wifi:Start wifi connect
D (7736) wifi:connect status 0 -> 0
D (7736) wifi:connect chan=0
D (7746) wifi:first chan=13
D (7746) wifi:connect status 0 -> 1
D (7746) wifi:filter: set rx policy=3
D (7746) wifi:clear scan ap list
D (7756) wifi:start scan: type=0x50f, priority=2, cb=0x420532c8, arg=0x0, ss_state=0x1, time=7758719, index=0
D (7766) wifi:perform scan: ss_state=0x9, chan<13,0>, dur<360,360>
D (7766) wpa: DPP: AES-SIV ciphertext - hexdump(len=140):[0m
D (7776) wifi:rsn valid: gcipher=3 ucipher=3 akm=5 mac=2e:80:88:d8:61:a5
D (7776) wpa: 43 c0 c2 76 a7 47 d7 de 00 a9 0d 08 63 a1 8f 62 [0m
D (7786) wifi:profile match: ss_state=0x7D (7786) wpa: 22 27 22 a2 6f 85 f3 6c 76 9c 2e 4e ca 45 68 a9 [0m

D (7796) wpa: 80 9e ad 58 ec 94 23 ee 30 df 6b 8c 85 68 59 ab [0m
D (7796) wifi:scan end: arg=0x0, status=0, ss_state=0x7
D (7806) wpa: 35 3d 8f d8 3f a1 be c3 59 6d fc d3 63 f5 79 9b [0m
D (7806) wifi:find first mathched ssid, scan done
D (7816) wpa: cc 1f dd 9d e5 5e 2d 10 a1 29 a9 dd 59 4e 3e af [0m
D (7816) wifi:filter: set rx policy=4
D (7826) wpa: a3 61 0f 32 61 a9 20 f9 99 19 9a 90 f7 56 7c e3 [0m
D (7826) wifi:first chan=1
D (7836) wpa: 18 11 0c a1 23 97 64 2f 2d 48 88 80 6a 10 b0 93 [0m
D (7836) wifi:handoff_cb: status=0
D (7836) wpa: be ea 12 b5 c7 75 fd 55 82 3e 9f 81 cb 78 0b 1b [0m
D (7846) wifi:ap found, mac=2e:80:88:d8:61:a5D (7846) wpa: d9 c0 d8 fe c7 0b de 6e a9 41 5d 6a [0m

D (7856) wpa: DDP: AES-SIV AD - hexdump(len=5):[0m
D (7856) wifi:going for connection with bssid=2e:80:88:d8:61:a5D (7866) wpa: 00 10 01 00 00 [0m

D (7876) wifi:new_bss=0x3fc9f910, cur_bss=0x0, new_chan=<13,2>, cur_chan=1
D (7876) wpa: DPP: AES-SIV cleartext - hexdump(len=124):[0m
D (7876) wifi:filter: set rx policy=5
D (7886) wpa: 14 10 10 00 a2 29 12 52 bb fa 44 f1 5e f4 d2 aa [0m
I (7886) wifi:new:<13,2>, old:<1,0>, ap:<255,255>, sta:<13,2>, prof:1, snd_ch_cfg:0x0D (7896) wpa: 83 e0 c4 39 0c 10 64 00 7b 22 77 69 2d 66 69 5f [0m

D (7906) wpa: 74 65 63 68 22 3a 22 69 6e 66 72 61 22 2c 22 64 [0m
D (7906) wifi:connect_op: status=0, auth=5, cipher=3 
D (7916) wpa: 69 73 63 6f 76 65 72 79 22 3a 7b 22 73 73 69 64 [0m
D (7916) wifi:auth mode is not none
D (7926) wpa: 22 3a 22 6e 6f 6d 6c 61 62 41 50 2d 47 22 7d 2c [0m
D (7926) wifi:connect_bss: auth=1, reconnect=0
D (7936) wpa: 22 63 72 65 64 22 3a 7b 22 61 6b 6d 22 3a 22 70 [0m
I (7936) wifi:state: init -> auth (0xb0)
D (7946) wpa: 73 6b 22 2c 22 70 61 73 73 22 3a 22 74 61 6e 69 [0m
D (7946) wifi:start 1s AUTH timer
D (7956) wpa: 5f 6e 6f 6d 5f 31 31 62 67 22 7d 7d [0m
D (7956) wifi:D (7956) wpa: DPP: Enrollee Nonce - hexdump(len=16):[0m
clear scan ap list
D (7966) wpa: a2 29 12 52 bb fa 44 f1 5e f4 d2 aa 83 e0 c4 39 [0m
D (7976) wifi:recv disassoc: reason=8D (7976) wpa: DPP: Status 0[0m

I (7976) wifi:D (7976) wpa: DPP: configurationObject JSON - hexdump(len=100):[0m
state: auth -> init (0x8a0)
D (7986) wpa: 7b 22 77 69 2d 66 69 5f 74 65 63 68 22 3a 22 69 [0m
D (7986) wifi:stop beacon and connect timers
D (7996) wpa: 6e 66 72 61 22 2c 22 64 69 73 63 6f 76 65 72 79 [0m
D (7996) wifi:connect status 1 -> 4
D (8006) wpa: 22 3a 7b 22 73 73 69 64 22 3a 22 6e 6f 6d 6c 61 [0m
D (8006) wifi:reason: auth fail(202)
D (8016) wpa: 62 41 50 2d 47 22 7d 2c 22 63 72 65 64 22 3a 7b [0m
D (8016) wifi:add bssid 2e:80:88:d8:61:a5 to blacklist, cnt=0D (8026) wpa: 22 61 6b 6d 22 3a 22 70 73 6b 22 2c 22 70 61 73 [0m

D (8036) wifi:D (8036) wpa: 73 22 3a 22 74 61 6e 69 5f 6e 6f 6d 5f 31 31 62 [0m
stop CSA timer
D (8046) wpa: 67 22 7d 7d [0m
D (8046) wifi:remove 2e:80:88:d8:61:a5 from rc list
D (8046) wpa: DPP: discovery::ssid - hexdump(len=10):[0m
I (8056) wifi:new:<13,0>, old:<13,2>, ap:<255,255>, sta:<13,2>, prof:1, snd_ch_cfg:0x0D (8056) wpa: 6e 6f 6d 6c 61 62 41 50 2d 47 [0m

D (8066) wifi:D (8066) wpa: DPP: Legacy akm=psk credential[0m
filter: set rx policy=8D (8076) wpa: DPP: Legacy passphrase - hexdump(len=13):[0m

D (8086) wpa: 74 61 6e 69 5f 6e 6f 6d 5f 31 31 62 67 [0m
D (8086) wifi:Send disconnect event, reason=202, AP number=0D (8086) wpa: DPP: JSON parsing completed successfully[0m

D (8096) wifi:clear blacklist
D (8096) nvs: nvs_get_str_or_blob sta.ssid[0m
D (8106) nvs: nvs_get sta.pmf_e 1[0m
D (7906) event: running post WIFI_EVENT:41 with handler 0x4200a8e8 and context 0x3fca93d4 on loop 0x3fca8148[0m
[0;32mI (8106) wifi dpp-enrollee: DPP Authentication successful, connecting to AP : nomlabAP-G[0m
D (8116) event: running post WIFI_EVENT:41 with handler 0x4200a8e8 and context 0x3fca93d4 on loop 0x3fca8148[0m
D (8126) wifi:Start wifi connect
D (8136) wifi:connect status 4 -> 0
D (8146) wifi:connect chan=0
D (8146) wifi:first chan=13
D (8146) wifi:connect status 0 -> 1
D (8146) wifi:filter: set rx policy=3
D (8156) wifi:clear scan ap list
D (8156) wifi:start scan: type=0x50f, priority=2, cb=0x420532c8, arg=0x0, ss_state=0x1, time=8162248, index=0
D (8166) wifi:perform scan: ss_state=0x9, chan<13,0>, dur<360,360>
D (8176) event: running post WIFI_EVENT:5 with handler 0x4202ae34 and context 0x3fca92fc on loop 0x3fca8148[0m
D (8186) esp_netif_handlers: esp_netif action disconnected with netif0x3fca9070 from event_id=5[0m
D (8186) esp_netif_lwip: check: remote, if=0x3fca9070 fn=0x420132ac[0m
D (8176) wifi:D (8196) esp_netif_lwip: esp_netif_down_api esp_netif:0x3fca9070[0m
clear blacklist
D (8206) esp_netif_lwip: esp_netif_start_ip_lost_timer esp_netif:0x3fca9070[0m
D (8206) nvs: nvs_get_str_or_blob sta.ssid[0m
D (8216) esp_netif_lwip: if0x3fca9070 start ip lost tmr: interval=120[0m
D (8216) nvs: nvs_get sta.pmf_e 1[0m
D (8226) esp_netif_lwip: check: local, if=0x3fca9070 fn=0x420135f4[0m
D (8226) wifi:D (8236) esp_netif_lwip: esp_netif_update_default_netif_lwip 0x3fca9070[0m
rsn valid: gcipher=3 ucipher=3 akm=5 mac=2e:80:88:d8:61:a5D (8246) esp_netif_lwip: call api in lwip: ret=0x0, give sem[0m

[0;32mI (8226) wifi dpp-enrollee: DPP Authentication successful, connecting to AP : nomlabAP-G[0m
D (8256) wifi:profile match: ss_state=0x7
D (8266) wifi:scan end: arg=0x0, status=0, ss_state=0x7
D (8266) wifi:find first mathched ssid, scan done
D (8276) wifi:filter: set rx policy=4
D (8276) wifi:first chan=1
D (8276) wifi:handoff_cb: status=0
D (8286) wifi:ap found, mac=2e:80:88:d8:61:a5
D (8286) wifi:going for connection with bssid=2e:80:88:d8:61:a5
D (8296) wifi:new_bss=0x3fc9f910, cur_bss=0x0, new_chan=<13,2>, cur_chan=13
D (8296) wifi:filter: set rx policy=5
I (8306) wifi:new:<13,2>, old:<13,0>, ap:<255,255>, sta:<13,2>, prof:1, snd_ch_cfg:0x0
D (8306) wifi:connect_op: status=0, auth=5, cipher=3 
D (8316) wifi:auth mode is not none
D (8316) wifi:connect_bss: auth=1, reconnect=0
I (8326) wifi:state: init -> auth (0xb0)
D (8326) wifi:start 1s AUTH timer
D (8326) wifi:clear scan ap list
D (8336) wifi:Start wifi connect
E (8336) wifi:sta is connecting, return error
D (8256) event: running post WIFI_EVENT:5 with handler 0x4200a8e8 and context 0x3fca93d4 on loop 0x3fca8148[0m
D (8336) wpa: DPP: AES-SIV ciphertext - hexdump(len=140):[0m
D (8346) wifi:Start wifi connect
D (8356) wpa: 43 c0 c2 76 a7 47 d7 de 00 a9 0d 08 63 a1 8f 62 [0m
E (8356) wifi:sta is connecting, return error
D (8366) wpa: 22 27 22 a2 6f 85 f3 6c 76 9c 2e 4e ca 45 68 a9 [0m
D (8366) wifi:recv auth: seq=2, status=0
D (8376) wpa: 80 9e ad 58 ec 94 23 ee 30 df 6b 8c 85 68 59 ab [0m
I (8376) wifi:state: auth -> assoc (0x0)D (8386) wpa: 35 3d 8f d8 3f a1 be c3 59 6d fc d3 63 f5 79 9b [0m
[0;32mI (8366) wifi dpp-enrollee: retry to connect to the AP[0m
[0;32mI (8396) wifi dpp-enrollee: connect to the AP fail[0m

D (8396) wpa: cc 1f dd 9d e5 5e 2d 10 a1 29 a9 dd 59 4e 3e af [0m
D (8406) wifi:restart connect 1s timer for assoc
D (8406) wpa: a3 61 0f 32 61 a9 20 f9 99 19 9a 90 f7 56 7c e3 [0m
D (8406) event: running post WIFI_EVENT:41 with handler 0x4200a8e8 and context 0x3fca93d4 on loop 0x3fca8148[0m
D (8426) wifi:D (8416) wpa: 18 11 0c a1 23 97 64 2f 2d 48 88 80 6a 10 b0 93 [0m
recv assoc: type=0x10
D (8436) wpa: be ea 12 b5 c7 75 fd 55 82 3e 9f 81 cb 78 0b 1b [0m
D (8436) wifi:filter: set rx policy=6D (8446) wpa: d9 c0 d8 fe c7 0b de 6e a9 41 5d 6a [0m

D (8456) wpa: DDP: AES-SIV AD - hexdump(len=5):[0m
I (8456) wifi:state: assoc -> run (0x10)
D (8456) wpa: 00 10 01 00 00 [0m
D (8466) wifi:start 10s connect timer for 4 way handshake
D (8466) wpa: DPP: AES-SIV cleartext - hexdump(len=124):[0m
D (8476) wpa: 14 10 10 00 a2 29 12 52 bb fa 44 f1 5e f4 d2 aa [0m
D (8476) wpa: 83 e0 c4 39 0c 10 64 00 7b 22 77 69 2d 66 69 5f [0m
D (8486) wpa: 74 65 63 68 22 3a 22 69 6e 66 72 61 22 2c 22 64 [0m
D (8496) wpa: 69 73 63 6f 76 65 72 79 22 3a 7b 22 73 73 69 64 [0m
I (8496) wifi:connected with nomlabAP-G, aid = 15, channel 13, 40D, bssid = 2e:80:88:d8:61:a5D (8496) wpa: 22 3a 22 6e 6f 6d 6c 61 62 41 50 2d 47 22 7d 2c [0m

D (8516) wpa: 22 63 72 65 64 22 3a 7b 22 61 6b 6d 22 3a 22 70 [0m
I (8516) wifi:security: WPA2-PSK, phy: bgn, rssi: -55
D (8516) wpa: 73 6b 22 2c 22 70 61 73 73 22 3a 22 74 61 6e 69 [0m
D (8526) wifi:remove all except 2e:80:88:d8:61:a5 from rc listD (8526) wpa: 5f 6e 6f 6d 5f 31 31 62 67 22 7d 7d [0m

D (8536) wpa: DPP: Enrollee Nonce - hexdump(len=16):[0m
D (8536) wifi:clear blacklist
D (8546) wpa: a2 29 12 52 bb fa 44 f1 5e f4 d2 aa 83 e0 c4 39 [0m
D (8546) nvs: nvs_set sta.chan 1 13[0m
D (8556) wpa: DPP: Status 0[0m
D (8556) nvs: nvs_set_blob sta.apinfo 700[0m
D (8556) wpa: DPP: configurationObject JSON - hexdump(len=100):[0m
D (8566) wifi:filter: set rx policy=7
D (8566) wpa: 7b 22 77 69 2d 66 69 5f 74 65 63 68 22 3a 22 69 [0m
I (8576) wifi:pm start, type: 1
D (8576) wpa: 6e 66 72 61 22 2c 22 64 69 73 63 6f 76 65 72 79 [0m

D (8586) wpa: 22 3a 7b 22 73 73 69 64 22 3a 22 6e 6f 6d 6c 61 [0m
I (8586) wifi:set rx beacon pti, rx_bcn_pti: 0, bcn_timeout: 25000, mt_pti: 0, mt_time: 10000D (8596) wpa: 62 41 50 2d 47 22 7d 2c 22 63 72 65 64 22 3a 7b [0m

D (8606) wpa: 22 61 6b 6d 22 3a 22 70 73 6b 22 2c 22 70 61 73 [0m
D (8606) wifi:Send sta connected event
D (8616) wpa: 73 22 3a 22 74 61 6e 69 5f 6e 6f 6d 5f 31 31 62 [0m
D (8616) wifi:D (8626) wpa: 67 22 7d 7d [0m
connect status 1 -> 5
D (8626) wpa: DPP: discovery::ssid - hexdump(len=10):[0m
D (8626) wifi:obss scan is disabled
D (8636) wpa: 6e 6f 6d 6c 61 62 41 50 2d 47 [0m
D (8636) wifi:D (8646) wpa: DPP: Legacy akm=psk credential[0m
start obss scan: obss scan is stoppedD (8646) wpa: DPP: Legacy passphrase - hexdump(len=13):[0m

D (8656) wpa: 74 61 6e 69 5f 6e 6f 6d 5f 31 31 62 67 [0m
I (8656) wifi:D (8666) wpa: DPP: JSON parsing completed successfully[0m
AP's beacon interval = 204800 us, DTIM period = 4
D (8676) wifi:clear blacklist
D (8676) nvs: nvs_get_str_or_blob sta.ssid[0m
D (8676) nvs: nvs_get sta.pmf_e 1[0m
D (8616) event: running post WIFI_EVENT:4 with handler 0x4202ae4c and context 0x3fca92cc on loop 0x3fca8148[0m
[0;32mI (8686) wifi dpp-enrollee: DPP Authentication successful, connecting to AP : nomlabAP-G[0m
D (8696) esp_netif_handlers: esp_netif action connected with netif0x3fca9070 from event_id=4[0m
D (8706) esp_netif_lwip: check: remote, if=0x3fca9070 fn=0x4201325c[0m
D (8696) wifi:D (8716) esp_netif_lwip: esp_netif_up_api esp_netif:0x3fca9070[0m
Start wifi connect
D (8726) esp_netif_lwip: check: local, if=0x3fca9070 fn=0x420135f4[0m
D (8726) wifi:D (8726) esp_netif_lwip: esp_netif_update_default_netif_lwip 0x3fca9070[0m
connect status 5 -> 0
D (8736) esp_netif_lwip: call api in lwip: ret=0x0, give sem[0m
D (8736) wifi:connect chan=0
D (8746) wifi:first chan=13
D (8756) wifi:connect status 0 -> 1
D (8756) wifi:filter: set rx policy=3
D (8756) wifi:clear scan ap list
D (8756) wifi:start scan: type=0x50f, priority=2, cb=0x420532c8, arg=0x0, ss_state=0x1, time=8766607, index=0
D (8766) wifi:perform scan: ss_state=0x9, chan<13,0>, dur<360,360>
D (8776) wifi:clear blacklist
D (8776) nvs: nvs_get_str_or_blob sta.ssid[0m
D (8786) nvs: nvs_get sta.pmf_e 1[0m
[0;32mI (8786) wifi dpp-enrollee: DPP Authentication successful, connecting to AP : nomlabAP-G[0m
D (8766) esp_netif_lwip: check: remote, if=0x3fca9070 fn=0x42013118[0m
D (8806) wifi:D (8806) esp_netif_lwip: esp_netif_dhcpc_start_api esp_netif:0x3fca9070[0m
Start wifi connect
D (8806) esp_netif_lwip: esp_netif_start_ip_lost_timer esp_netif:0x3fca9070[0m
E (8816) wifi:D (8816) esp_netif_lwip: if0x3fca9070 start ip lost tmr: already started[0m
sta is connecting, return errorD (8826) esp_netif_lwip: starting dhcp client[0m

D (8836) wifi:D (8836) esp_netif_lwip: call api in lwip: ret=0x0, give sem[0m
eb is dhcp or dns sport = 68, dport = 67
D (8846) wifi:clear blacklist
D (8846) nvs: nvs_get_str_or_blob sta.ssid[0m
D (8856) nvs: nvs_get sta.pmf_e 1[0m
D (8856) event: running post WIFI_EVENT:4 with handler 0x4200a8e8 and context 0x3fca93d4 on loop 0x3fca8148[0m
[0;32mI (8856) wifi dpp-enrollee: DPP Authentication successful, connecting to AP : nomlabAP-G[0m
D (8876) wifi:Start wifi connect
E (8876) wifi:sta is connecting, return error
D (8876) wpa: DPP: AES-SIV ciphertext - hexdump(len=140):[0m
D (8886) wpa: 43 c0 c2 76 a7 47 d7 de 00 a9 0d 08 63 a1 8f 62 [0m
D (8896) wpa: 22 27 22 a2 6f 85 f3 6c 76 9c 2e 4e ca 45 68 a9 [0m
D (8896) wpa: 80 9e ad 58 ec 94 23 ee 30 df 6b 8c 85 68 59 ab [0m
D (8906) wpa: 35 3d 8f d8 3f a1 be c3 59 6d fc d3 63 f5 79 9b [0m
D (8906) wpa: cc 1f dd 9d e5 5e 2d 10 a1 29 a9 dd 59 4e 3e af [0m
D (8916) wpa: a3 61 0f 32 61 a9 20 f9 99 19 9a 90 f7 56 7c e3 [0m
D (8926) wpa: 18 11 0c a1 23 97 64 2f 2d 48 88 80 6a 10 b0 93 [0m
D (8926) wpa: be ea 12 b5 c7 75 fd 55 82 3e 9f 81 cb 78 0b 1b [0m
D (8936) wpa: d9 c0 d8 fe c7 0b de 6e a9 41 5d 6a [0m
D (8936) wpa: DDP: AES-SIV AD - hexdump(len=5):[0m
D (8946) wpa: 00 10 01 00 00 [0m
D (8946) wpa: DPP: AES-SIV cleartext - hexdump(len=124):[0m
D (8946) wpa: 14 10 10 00 a2 29 12 52 bb fa 44 f1 5e f4 d2 aa [0m
D (8956) wpa: 83 e0 c4 39 0c 10 64 00 7b 22 77 69 2d 66 69 5f [0m
D (8966) wpa: 74 65 63 68 22 3a 22 69 6e 66 72 61 22 2c 22 64 [0m
D (8966) wpa: 69 73 63 6f 76 65 72 79 22 3a 7b 22 73 73 69 64 [0m
D (8976) wpa: 22 3a 22 6e 6f 6d 6c 61 62 41 50 2d 47 22 7d 2c [0m
D (8976) wpa: 22 63 72 65 64 22 3a 7b 22 61 6b 6d 22 3a 22 70 [0m
D (8986) wpa: 73 6b 22 2c 22 70 61 73 73 22 3a 22 74 61 6e 69 [0m
D (8996) wpa: 5f 6e 6f 6d 5f 31 31 62 67 22 7d 7d [0m
D (8996) wpa: DPP: Enrollee Nonce - hexdump(len=16):[0m
D (9006) wpa: a2 29 12 52 bb fa 44 f1 5e f4 d2 aa 83 e0 c4 39 [0m
D (9006) wpa: DPP: Status 0[0m
D (9006) wpa: DPP: configurationObject JSON - hexdump(len=100):[0m
D (9016) wpa: 7b 22 77 69 2d 66 69 5f 74 65 63 68 22 3a 22 69 [0m
D (9026) wpa: 6e 66 72 61 22 2c 22 64 69 73 63 6f 76 65 72 79 [0m
D (9026) wpa: 22 3a 7b 22 73 73 69 64 22 3a 22 6e 6f 6d 6c 61 [0m
D (9036) wpa: 62 41 50 2d 47 22 7d 2c 22 63 72 65 64 22 3a 7b [0m
D (9036) wpa: 22 61 6b 6d 22 3a 22 70 73 6b 22 2c 22 70 61 73 [0m
D (9046) wpa: 73 22 3a 22 74 61 6e 69 5f 6e 6f 6d 5f 31 31 62 [0m
D (9056) wpa: 67 22 7d 7d [0m
D (9056) wpa: DPP: discovery::ssid - hexdump(len=10):[0m
D (9056) wpa: 6e 6f 6d 6c 61 62 41 50 2d 47 [0m
D (9066) wpa: DPP: Legacy akm=psk credential[0m
D (9066) wpa: DPP: Legacy passphrase - hexdump(len=13):[0m
D (9076) wpa: 74 61 6e 69 5f 6e 6f 6d 5f 31 31 62 67 [0m
D (9076) wpa: DPP: JSON parsing completed successfully[0m
D (9086) wifi:clear blacklist
D (9086) nvs: nvs_get_str_or_blob sta.ssid[0m
D (9096) nvs: nvs_get sta.pmf_e 1[0m
[0;32mI (9096) wifi dpp-enrollee: DPP Authentication successful, connecting to AP : nomlabAP-G[0m
D (9106) wifi:Start wifi connect
E (9106) wifi:sta is connecting, return error
D (9106) wifi:clear blacklist
D (9116) nvs: nvs_get_str_or_blob sta.ssid[0m
D (9116) nvs: nvs_get sta.pmf_e 1[0m
[0;32mI (9116) wifi dpp-enrollee: DPP Authentication successful, connecting to AP : nomlabAP-G[0m
D (9126) wifi:Start wifi connect
E (9136) wifi:sta is connecting, return error
D (9136) wifi:clear blacklist
D (9136) nvs: nvs_get_str_or_blob sta.ssid[0m
D (9146) nvs: nvs_get sta.pmf_e 1[0m
[0;32mI (9146) wifi dpp-enrollee: DPP Authentication successful, connecting to AP : nomlabAP-G[0m
D (9146) wifi:scan end: arg=0x0, status=0, ss_state=0x3
D (9156) wifi:Start wifi connect
E (9166) wifi:sta is connecting, return error
D (9166) wifi:clear blacklist
D (9166) nvs: nvs_get_str_or_blob sta.ssid[0m
D (9176) nvs: nvs_get sta.pmf_e 1[0m
[0;32mI (9176) wifi dpp-enrollee: DPP Authentication successful, connecting to AP : nomlabAP-G[0m
D (9186) wifi:Start wifi connect
E (9186) wifi:sta is connecting, return error
D (9196) wifi:perform scan: ss_state=0x9, chan<1,0>, dur<0,120>
D (9316) wifi:scan end: arg=0x0, status=0, ss_state=0x3
D (9336) wifi:eb is dhcp or dns sport = 68, dport = 67
D (9356) wifi:perform scan: ss_state=0x9, chan<2,0>, dur<0,120>
D (9476) wifi:scan end: arg=0x0, status=0, ss_state=0x3
D (9506) wifi:perform scan: ss_state=0x9, chan<3,0>, dur<0,120>
D (9626) wifi:scan end: arg=0x0, status=0, ss_state=0x3
D (9656) wifi:perform scan: ss_state=0x9, chan<4,0>, dur<0,120>
D (9776) wifi:scan end: arg=0x0, status=0, ss_state=0x3
D (9806) wifi:perform scan: ss_state=0x9, chan<5,0>, dur<0,120>
D (9926) wifi:scan end: arg=0x0, status=0, ss_state=0x3
D (9956) wifi:perform scan: ss_state=0x9, chan<6,0>, dur<0,120>
D (10076) wifi:scan end: arg=0x0, status=0, ss_state=0x3
D (10116) wifi:perform scan: ss_state=0x9, chan<7,0>, dur<0,120>
D (10236) wifi:scan end: arg=0x0, status=0, ss_state=0x3
D (10266) wifi:perform scan: ss_state=0x9, chan<8,0>, dur<0,120>
D (10336) wifi:eb is dhcp or dns sport = 68, dport = 67
D (10386) wifi:scan end: arg=0x0, status=0, ss_state=0x3
D (10416) wifi:perform scan: ss_state=0x9, chan<9,0>, dur<0,120>
D (10536) wifi:scan end: arg=0x0, status=0, ss_state=0x3
D (10566) wifi:perform scan: ss_state=0x9, chan<10,0>, dur<0,120>
D (10686) wifi:scan end: arg=0x0, status=0, ss_state=0x3
D (10716) wifi:perform scan: ss_state=0x9, chan<11,0>, dur<0,120>
D (10796) wifi:illegal channel number in ap ds, drop it , dsss is 36
D (10846) wifi:scan end: arg=0x0, status=0, ss_state=0x3
D (10876) wifi:perform scan: ss_state=0x9, chan<12,0>, dur<360,360>
D (11236) wifi:scan end: arg=0x0, status=0, ss_state=0x3
D (11266) wifi:perform scan: ss_state=0x9, chan<14,0>, dur<360,360>
D (11626) wifi:scan end: arg=0x0, status=0, ss_state=0x3
D (11656) wifi:filter: set rx policy=4
D (11656) wifi:first chan=1
D (11656) wifi:handoff_cb: status=0
D (11656) wifi:ap found, mac=2e:80:88:d8:61:a5
D (11656) wifi:going for connection with bssid=2e:80:88:d8:61:a5
D (11666) wifi:new_bss=0x3fc9f910, cur_bss=0x3fc9f910, new_chan=<13,2>, cur_chan=13
D (11676) wifi:connect status 1 -> 5
D (11676) wifi:clear scan ap list
I (11686) wifi:<ba-add>idx:0 (ifx:0, 2e:80:88:d8:61:a5), tid:0, ssn:0, winSize:64
