Executing action: monitor
Serial port /dev/ttyUSB0
Connecting....
Detecting chip type... ESP32-S3
Running idf_monitor in directory /home/fujiwara-e/fujiwara-e/esp/esp-idf/work_space/dpp-enrollee
Executing "/home/fujiwara-e/.espressif/python_env/idf5.3_py3.10_env/bin/python /home/fujiwara-e/fujiwara-e/esp/esp-idf/tools/idf_monitor.py -p /dev/ttyUSB0 -b 115200 --toolchain-prefix xtensa-esp32s3-elf- --target esp32s3 --revision 0 /home/fujiwara-e/fujiwara-e/esp/esp-idf/work_space/dpp-enrollee/build/dpp-enrollee.elf -m '/home/fujiwara-e/.espressif/python_env/idf5.3_py3.10_env/bin/python' '/home/fujiwara-e/fujiwara-e/esp/esp-idf/tools/idf.py'"...
ESP-ROM:esp32s3-20210327
Build:Mar 27 2021
rst:0x1 (POWERON),boot:0x8 (SPI_FAST_FLASH_BOOT)
SPIWP:0xee
mode:DIO, clock div:1
load:0x3fce2810,len:0x178c
load:0x403c8700,len:0x4
load:0x403c8704,len:0xcb8
load:0x403cb700,len:0x2d9c
entry 0x403c8914
[0;32mI (27) boot: ESP-IDF v5.3-beta2-1-g3af351e763-dirty 2nd stage bootloader[0m
[0;32mI (27) boot: compile time Jan 20 2025 14:11:43[0m
[0;32mI (28) boot: Multicore bootloader[0m
[0;32mI (32) boot: chip revision: v0.2[0m
[0;32mI (36) boot.esp32s3: Boot SPI Speed : 80MHz[0m
[0;32mI (41) boot.esp32s3: SPI Mode       : DIO[0m
[0;32mI (45) boot.esp32s3: SPI Flash Size : 2MB[0m
[0;32mI (50) boot: Enabling RNG early entropy source...[0m
[0;32mI (55) boot: Partition Table:[0m
[0;32mI (59) boot: ## Label            Usage          Type ST Offset   Length[0m
[0;32mI (66) boot:  0 nvs              WiFi data        01 02 00009000 00006000[0m
[0;32mI (74) boot:  1 phy_init         RF data          01 01 0000f000 00001000[0m
[0;32mI (81) boot:  2 factory          factory app      00 00 00010000 00100000[0m
[0;32mI (89) boot: End of partition table[0m
[0;32mI (93) esp_image: segment 0: paddr=00010020 vaddr=3c0a0020 size=33b50h (211792) map[0m
[0;32mI (139) esp_image: segment 1: paddr=00043b78 vaddr=3fc99100 size=0490ch ( 18700) load[0m
[0;32mI (143) esp_image: segment 2: paddr=0004848c vaddr=40374000 size=07b8ch ( 31628) load[0m
[0;32mI (152) esp_image: segment 3: paddr=00050020 vaddr=42000020 size=9fcf0h (654576) map[0m
[0;32mI (271) esp_image: segment 4: paddr=000efd18 vaddr=4037bb8c size=0d528h ( 54568) load[0m
[0;32mI (292) boot: Loaded app from partition at offset 0x10000[0m
[0;32mI (292) boot: Disabling RNG early entropy source...[0m
[0;32mI (303) cpu_start: Multicore app[0m
D (304) cpu_start: Pro cpu up[0m
D (304) cpu_start: Starting app cpu, entry point is 0x40375340[0m
D (0) cpu_start: App cpu up[0m
D (313) clk: RTC_SLOW_CLK calibration value: 3510246[0m
D (325) cpu_start: calling init function: 0x420032cc on core: 0[0m
D (325) cpu_start: calling init function: 0x42003774 on core: 0[0m
[0;32mI (326) cpu_start: Pro cpu start user code[0m
[0;32mI (330) cpu_start: cpu freq: 160000000 Hz[0m
D (335) cpu_start: calling init function: 0x420031fc on core: 0[0m
[0;32mI (341) app_init: Application information:[0m
[0;32mI (346) app_init: Project name:     dpp-enrollee[0m
[0;32mI (351) app_init: App version:      v5.3-beta2-1-g3af351e763-dirty[0m
[0;32mI (358) app_init: Compile time:     Jan 20 2025 14:12:17[0m
[0;32mI (364) app_init: ELF file SHA256:  775a29c99...[0m
[0;32mI (369) app_init: ESP-IDF:          v5.3-beta2-1-g3af351e763-dirty[0m
D (376) cpu_start: calling init function: 0x420032e0 on core: 0[0m
[0;32mI (382) efuse_init: Min chip rev:     v0.0[0m
[0;32mI (387) efuse_init: Max chip rev:     v0.99 [0m
[0;32mI (392) efuse_init: Chip rev:         v0.2[0m
D (397) cpu_start: calling init function: 0x42005378 on core: 0[0m
D (403) memory_layout: Checking 6 reserved memory ranges:[0m
D (408) memory_layout: Reserved memory range 0x3fc84000 - 0x3fc99100[0m
D (415) memory_layout: Reserved memory range 0x3fc99100 - 0x3fca1938[0m
D (421) memory_layout: Reserved memory range 0x3fceee34 - 0x3fcf0000[0m
D (427) memory_layout: Reserved memory range 0x40374000 - 0x40389100[0m
D (434) memory_layout: Reserved memory range 0x600fe000 - 0x600fe100[0m
D (440) memory_layout: Reserved memory range 0x600fffe8 - 0x60100000[0m
D (447) memory_layout: Building list of available memory regions:[0m
D (453) memory_layout: Available memory region 0x3fca1938 - 0x3fcb0000[0m
D (459) memory_layout: Available memory region 0x3fcb0000 - 0x3fcc0000[0m
D (466) memory_layout: Available memory region 0x3fcc0000 - 0x3fcd0000[0m
D (473) memory_layout: Available memory region 0x3fcd0000 - 0x3fce0000[0m
D (479) memory_layout: Available memory region 0x3fce0000 - 0x3fce9710[0m
D (486) memory_layout: Available memory region 0x3fce9710 - 0x3fceee34[0m
D (492) memory_layout: Available memory region 0x3fcf0000 - 0x3fcf8000[0m
D (499) memory_layout: Available memory region 0x600fe100 - 0x600fffe8[0m
[0;32mI (506) heap_init: Initializing. RAM available for dynamic allocation:[0m
D (513) heap_init: New heap initialised at 0x3fca1938[0m
[0;32mI (518) heap_init: At 3FCA1938 len 00047DD8 (287 KiB): RAM[0m
[0;32mI (524) heap_init: At 3FCE9710 len 00005724 (21 KiB): RAM[0m
D (530) heap_init: New heap initialised at 0x3fcf0000[0m
[0;32mI (535) heap_init: At 3FCF0000 len 00008000 (32 KiB): DRAM[0m
D (541) heap_init: New heap initialised at 0x600fe100[0m
[0;32mI (547) heap_init: At 600FE100 len 00001EE8 (7 KiB): RTCRAM[0m
D (553) cpu_start: calling init function: 0x4200885c on core: 0[0m
D (559) cpu_start: calling init function: 0x42008204 on core: 0[0m
D (565) cpu_start: calling init function: 0x420037c0 on core: 0[0m
D (571) intr_alloc: Connected src 39 to int 1 (cpu 0)[0m
D (576) cpu_start: calling init function: 0x420037cc on core: 0[0m
D (582) cpu_start: calling init function: 0x420099a8 on core: 0[0m
D (588) cpu_start: calling init function: 0x4200a6a8 on core: 0[0m
D (594) cpu_start: calling init function: 0x4200a8d8 on core: 0[0m
D (600) cpu_start: calling init function: 0x42008280 on core: 0[0m
D (606) cpu_start: calling init function: 0x4200864c on core: 0[0m
D (612) cpu_start: calling init function: 0x420037d8 on core: 0[0m
D (618) spi_flash: trying chip: issi[0m
D (621) spi_flash: trying chip: gd[0m
[0;32mI (625) spi_flash: detected chip: gd[0m
[0;32mI (629) spi_flash: flash io: dio[0m
[0;33mW (633) spi_flash: Detected size(8192k) larger than the size in the binary image header(2048k). Using the size in the binary image header.[0m
D (646) cpu_start: calling init function: 0x4200337c on core: 0[0m
D (652) cpu_start: calling init function: 0x4207b720[0m
D (657) cpu_start: calling init function: 0x42031d20[0m
D (662) cpu_start: calling init function: 0x4037bd1c[0m
D (667) cpu_start: calling init function: 0x42004b54[0m
D (673) cpu_start: calling init function: 0x42003d68[0m
D (678) cpu_start: calling init function: 0x4206713c on core: 0[0m
D (683) intr_alloc: Connected src 59 to int 2 (cpu 0)[0m
D (688) cpu_start: calling init function: 0x420061c0 on core: 0[0m
[0;32mI (694) sleep: Configure to isolate all GPIO pins in sleep state[0m
[0;32mI (701) sleep: Enable automatic switching of GPIO sleep configuration[0m
D (708) cpu_start: calling init function: 0x42003800 on core: 0[0m
D (714) cpu_start: calling init function: 0x4200a2b8 on core: 0[0m
D (720) cpu_start: calling init function: 0x4200380c on core: 0[0m
D (726) intr_alloc: Connected src 79 to int 3 (cpu 0)[0m
D (731) app_start: Starting scheduler on CPU0[0m
D (736) intr_alloc: Connected src 57 to int 5 (cpu 0)[0m
D (736) intr_alloc: Connected src 80 to int 0 (cpu 1)[0m
D (746) app_start: Starting scheduler on CPU1[0m
D (746) intr_alloc: Connected src 58 to int 1 (cpu 1)[0m
[0;32mI (736) main_task: Started on CPU0[0m
D (756) heap_init: New heap initialised at 0x3fce9710[0m
D (756) intr_alloc: Connected src 52 to int 8 (cpu 0)[0m
[0;32mI (766) main_task: Calling app_main()[0m
D (786) esp_netif_lwip: LwIP stack has been initialized[0m
D (786) esp_netif_lwip: esp-netif has been successfully initialized[0m
D (786) event: running task for loop 0x3fca83e0[0m
D (796) event: created task for loop 0x3fca83e0[0m
D (796) event: created event loop 0x3fca83e0[0m
D (806) esp_netif_lwip: check: remote, if=0x3fca54b0 fn=0x420138a8[0m
D (806) esp_netif_objects: esp_netif_add_to_list_unsafe netif added successfully (total netifs: 1)[0m
D (816) esp_netif_lwip: call api in lwip: ret=0x0, give sem[0m
[0;32mI (826) pp: pp rom version: e7ae62f[0m
[0;32mI (826) net80211: net80211 rom version: e7ae62f[0m
D (836) nvs: nvs_open_from_partition misc 1[0m
I (846) wifi:wifi driver task: 3fcabd28, prio:23, stack:6656, core=0
D (846) efuse: In EFUSE_BLK1__DATA1_REG is used 8 bits starting with 8 bit[0m
D (846) efuse: In EFUSE_BLK1__DATA1_REG is used 8 bits starting with 0 bit[0m
D (856) efuse: In EFUSE_BLK1__DATA0_REG is used 8 bits starting with 24 bit[0m
D (866) efuse: In EFUSE_BLK1__DATA0_REG is used 8 bits starting with 16 bit[0m
D (866) efuse: In EFUSE_BLK1__DATA0_REG is used 8 bits starting with 8 bit[0m
D (876) efuse: In EFUSE_BLK1__DATA0_REG is used 8 bits starting with 0 bit[0m
D (886) nvs: nvs_open_from_partition nvs.net80211 1[0m
D (886) nvs: nvs_get opmode 1[0m
D (896) nvs: nvs_get_str_or_blob sta.ssid[0m
D (896) nvs: nvs_get sta.authmode 1[0m
D (896) nvs: nvs_get_str_or_blob sta.pswd[0m
D (906) nvs: nvs_get_str_or_blob sta.pmk[0m
D (906) nvs: nvs_get sta.chan 1[0m
D (906) nvs: nvs_get auto.conn 1[0m
D (916) nvs: nvs_get bssid.set 1[0m
D (916) nvs: nvs_get_str_or_blob sta.bssid[0m
D (926) nvs: nvs_get sta.lis_intval 2[0m
D (926) nvs: nvs_get sta.phym 1[0m
D (926) nvs: nvs_get sta.phybw 1[0m
D (936) nvs: nvs_get_str_or_blob sta.apsw[0m
D (936) nvs: nvs_get_str_or_blob sta.apinfo[0m
D (946) nvs: nvs_get sta.scan_method 1[0m
D (946) nvs: nvs_get sta.sort_method 1[0m
D (946) nvs: nvs_get sta.minrssi 1[0m
D (946) nvs: nvs_get sta.minauth 1[0m
D (956) nvs: nvs_get sta.pmf_e 1[0m
D (956) nvs: nvs_get sta.pmf_r 1[0m
D (966) nvs: nvs_get sta.btm_e 1[0m
D (966) nvs: nvs_get sta.rrm_e 1[0m
D (966) nvs: nvs_get sta.mbo_e 1[0m
D (966) nvs: nvs_get_str_or_blob ap.ssid[0m
D (976) nvs: nvs_get_str_or_blob ap.passwd[0m
D (976) nvs: nvs_get_str_or_blob ap.pmk[0m
D (986) nvs: nvs_get ap.chan 1[0m
D (986) nvs: nvs_get ap.authmode 1[0m
D (986) nvs: nvs_get ap.hidden 1[0m
D (996) nvs: nvs_get ap.max.conn 1[0m
D (996) nvs: nvs_get bcn.interval 2[0m
D (996) nvs: nvs_get ap.phym 1[0m
D (1006) nvs: nvs_get ap.phybw 1[0m
D (1006) nvs: nvs_get ap.sndchan 1[0m
D (1006) nvs: nvs_get ap.pmf_e 1[0m
D (1016) nvs: nvs_get ap.pmf_r 1[0m
D (1016) nvs: nvs_get ap.p_cipher 1[0m
D (1016) nvs: nvs_get lorate 1[0m
D (1026) nvs: nvs_get_str_or_blob country[0m
D (1026) nvs: nvs_get ap.ftm_r 1[0m
D (1026) nvs: nvs_get sta.ft 1[0m
D (1036) nvs: nvs_get sta.owe 1[0m
D (1036) nvs: nvs_get sta.trans_d 1[0m
D (1036) nvs: nvs_get sta.sae_h2e 1[0m
D (1046) nvs: nvs_get sta.sae_pk_mode 1[0m
D (1046) nvs: nvs_get sta.bss_retry 1[0m
D (1056) nvs: nvs_get_str_or_blob sta.owe_data[0m
D (1056) nvs: nvs_get sta.he_dcm 1[0m
D (1056) nvs: nvs_get sta.he_dcm_c_tx 1[0m
D (1066) nvs: nvs_get sta.he_dcm_c_rx 1[0m
D (1066) nvs: nvs_get sta.he_mcs9_d 1[0m
D (1076) nvs: nvs_get sta.he_su_b_d 1[0m
D (1076) nvs: nvs_get sta.he_su_b_f_d 1[0m
D (1076) nvs: nvs_get sta.he_mu_b_f_d 1[0m
D (1086) nvs: nvs_get sta.he_cqi_f_d 1[0m
D (1086) nvs: nvs_get_str_or_blob sta.sae_h2e_id[0m
D (1096) nvs: nvs_get ap.sae_h2e 1[0m
D (1096) nvs: nvs_get_str_or_blob ap.pmk_info[0m
D (1096) nvs: nvs_get nan.phym 1[0m
D (1106) nvs: nvs_get band 1[0m
D (1106) nvs: nvs_set ap.sndchan 1 1[0m
I (1106) wifi:wifi firmware version: 0ae8b58
I (1116) wifi:wifi certification version: v7.0
I (1116) wifi:config NVS flash: enabled
I (1116) wifi:config nano formating: disabled
I (1126) wifi:Init data frame dynamic rx buffer num: 32
I (1126) wifi:Init static rx mgmt buffer num: 5
I (1136) wifi:Init management short buffer num: 32
I (1136) wifi:Init dynamic tx buffer num: 32
I (1146) wifi:Init static tx FG buffer num: 2
I (1146) wifi:Init static rx buffer size: 1600
I (1146) wifi:Init static rx buffer num: 10
I (1156) wifi:Init dynamic rx buffer num: 32
D (1156) wifi:Reset scan defaults in ms : min,max,passive,chan_dwell :(0,120,360,30)
D (1166) wpa: ELOOP: wpas_rrm_reset:51 called to remove timer handler=0x4201e938, removed count=0[0m
D (1176) wpa: ELOOP: wpas_clear_beacon_rep_data:1166 called to remove timer handler=0x4201f3d8, removed count=0[0m
D (1186) wpa: ELOOP: wpas_clear_beacon_rep_data:1166 called to remove timer handler=0x4201f3d8, removed count=0[0m
[0;32mI (1196) wifi_init: rx ba win: 6[0m
[0;32mI (1196) wifi_init: accept mbox: 6[0m
[0;32mI (1206) wifi_init: tcpip mbox: 32[0m
[0;32mI (1206) wifi_init: udp mbox: 6[0m
[0;32mI (1216) wifi_init: tcp mbox: 6[0m
[0;32mI (1216) wifi_init: tcp tx win: 5760[0m
[0;32mI (1216) wifi_init: tcp rx win: 5760[0m
[0;32mI (1226) wifi_init: tcp mss: 1440[0m
[0;32mI (1226) wifi_init: WiFi IRAM OP enabled[0m
[0;32mI (1236) wifi_init: WiFi RX IRAM OP enabled[0m
D (1236) nvs: nvs_get opmode 1[0m
[0;32mI (1236) wpa: esp_dpp_task prio:2, stack:6656[0m
evt_id= 1
Event ID: 1
D (1246) wpa: private key - hexdump(len=51):[0m
D (1256) wpa: 30 31 02 01 01 04 20 54 ce 18 1a 98 52 5f 21 72 [0m
D (1256) wpa: 16 f5 9b 24 5f 60 e9 df 30 ac 7f 6b 26 c9 39 41 [0m
D (1266) wpa: 8c fc 3c 42 d1 af a1 a0 0a 06 08 2a 86 48 ce 3d [0m
D (1266) wpa: 03 01 07 [0m
D (1326) wpa: DPP: Compressed public key (DER) - hexdump(len=59):[0m
D (1326) wpa: 30 39 30 13 06 07 2a 86 48 ce 3d 02 01 06 08 2a [0m
D (1326) wpa: 86 48 ce 3d 03 01 07 03 22 00 02 53 18 a3 e3 ba [0m
D (1336) wpa: e0 98 64 15 20 fd da 32 6c 87 64 9f c3 6b 19 72 [0m
D (1336) wpa: 17 ed a5 8b 9b 4e a1 f6 2c c2 71 [0m
D (1346) gdma: new group (0) at 0x3fcb63b0[0m
D (1346) gdma: new pair (0,0) at 0x3fcb60bc[0m
D (1356) gdma: new tx channel (0,0) at 0x3fcb620c[0m
D (1356) gdma: new rx channel (0,0) at 0x3fcb6438[0m
D (1356) gdma: tx channel (0,0), (1:16) bytes aligned, burst enabled[0m
D (1366) gdma: rx channel (0,0), (1:16) bytes aligned, burst disabled[0m
D (1376) wpa: DPP: Public key hash - hexdump(len=32):[0m
D (1376) wpa: 52 44 bf cb 85 e9 66 78 80 15 2f 43 9c 61 08 69 [0m
D (1386) wpa: 94 9a 1c a2 e7 be 6f 4e 3d 9f f1 5f 24 b1 05 6f [0m
D (1386) wpa: DPP: URI mac: 48:27:e2:84:59:18[0m
[0;32mI (1396) wifi dpp-enrollee: Scan below QR Code to configure the enrollee:
[0m
[0;32mI (1406) QRCODE: Encoding below text with ECC LVL 0 & QR Code Version 10[0m
[0;32mI (1406) QRCODE: DPP:C:81/6;M:48:27:e2:84:59:18;K:MDkwEwYHKoZIzj0CAQYIKoZIzj0DAQcDIgACUxij47rgmGQVIP3aMmyHZJ/DaxlyF+2li5tOofYswnE=;;[0m
                                              
  █▀▀▀▀▀█ ▀▄▀▄█ ▀  ▄▀█▄▄▄  ▄  ▀  ▄▀ █▀▀▀▀▀█   
  █ ███ █  █▄██  ▄▀▀▀▀▄█  ▄█ ▄█▄  █ █ ███ █   
  █ ▀▀▀ █  ▄▄█▀█▀▀ ▀█ ██ ▄    █ █ ▄ █ ▀▀▀ █   
  ▀▀▀▀▀▀▀ █ █ ▀▄█ ▀ ▀ █ █▄▀▄▀ ▀ █▄█ ▀▀▀▀▀▀▀   
  ▀▀▄▀█▄▀▄ ▀▄▄▄  █  ▄▄█▀ ▀▀▄ ▄▄█▄██▄▀ ▄ ▄▄▀   
  ██   ▄▀▄▄ ▄█  █▀██▀▄▀ █▀  █▀██ ▄▀▄█▀▄ ▀▄▄   
   █ ▀█ ▀█▄▄█▀▀█▀ █▀▀ ▄█▄▀▀▀▄▄▄  ▀▀ ▀█▄▄ ▄▀   
  ▄█▄▀  ▀▀ ▀ █▀▀▄▄▀ ▀██▀▀ ▀▀▄▀▄  ███ █▄█▄ █   
   ▀▄▄▀█▀▄▄ ▄ ▀▄   ▀ ████▀ ▀███ ▀▄  ▄▄▄ ▄█▄   
  ▀  ▀██▀▀█ █▀▄ ▄█▀▄▄▀█▀██▄▄▄▀▄▀▀▀█▄█▄ ▀▄▄█   
  █ ▀█▄█▀ ▄▄█▀▄▀█ ▄ ▄▄█▄ █ ▄▄█▀ ▄▄█▄█▄▄▀ ██   
  █ ▀▀  ▀█▀█▀█▄  ▀██▀ ▄▀▄█ ▀█▀ ▄█ ▀▄██▄█▀ ▄   
  ▀▀▀█▄▄▀▄███▀▀█▄▀▄▀   ▀ █▀▀▄█ ▄▀▀▄██▀▄█▄ ▀   
  ▀█▀█ █▀█▀▀▀ ▀▀ █  ▀▀█ ▀ ▀  ██ █▀▄██▀█ █▄█   
  ▄▀▄▀▀▄▀ ████▀ █  ▀▀█ ▄▀▀▄██  ▀ ▀▄▄▄ ▄▀▄▀▄   
  ██▄▀▄▀▀▄▀█ ▄▀█▀▄█▀▀█  █▀▄▄▀█▄ ██▄▀▄▄▄█▄▄█   
  ▀▀▀ ▀ ▀▀█▄▀▀▀█▀▄▀▄▄▀  ▄▀▀  ▄▄█▀▄█▀▀▀█ ▀▀█   
  █▀▀▀▀▀█  ▀▀▀▄█ ██ ▄▄▀ ▀█ ▀▀▀ ▄█▀█ ▀ █  ▄    
  █ ███ █ █ ▀▀▄█▄  █▄▄▀▄ ▄▀ ▄█▀█▄██▀▀█▀ ▄▄█   
  █ ▀▀▀ █ ▄█  ▄▀ ▀▄ ▀█    ▀ ▄██ █ ▄▄▄ █▀▄ █   
  ▀▀▀▀▀▀▀ ▀▀▀▀▀▀ ▀ ▀ ▀ ▀▀ ▀   ▀ ▀▀▀▀▀▀ ▀      
                                              

D (1716) wpa: DPP: Sent event 1 to DPP task[0m
[0;32mI (1726) phy_init: phy_version 670,b7bc9b9,Apr 30 2024,10:54:13[0m
D (1736) phy_init: loading PHY init data from application binary[0m
D (1736) nvs: nvs_open_from_partition phy 0[0m
D (1746) nvs: nvs_get cal_version 4[0m
D (1746) nvs: nvs_get_str_or_blob cal_mac[0m
D (1746) efuse: In EFUSE_BLK1__DATA1_REG is used 8 bits starting with 8 bit[0m
D (1756) efuse: In EFUSE_BLK1__DATA1_REG is used 8 bits starting with 0 bit[0m
D (1766) efuse: In EFUSE_BLK1__DATA0_REG is used 8 bits starting with 24 bit[0m
D (1766) efuse: In EFUSE_BLK1__DATA0_REG is used 8 bits starting with 16 bit[0m
D (1776) efuse: In EFUSE_BLK1__DATA0_REG is used 8 bits starting with 8 bit[0m
D (1786) efuse: In EFUSE_BLK1__DATA0_REG is used 8 bits starting with 0 bit[0m
D (1796) nvs: nvs_get_str_or_blob cal_data[0m
D (1806) nvs: nvs_close 3[0m
D (1806) efuse: In EFUSE_BLK1__DATA1_REG is used 8 bits starting with 8 bit[0m
D (1806) efuse: In EFUSE_BLK1__DATA1_REG is used 8 bits starting with 0 bit[0m
D (1816) efuse: In EFUSE_BLK1__DATA0_REG is used 8 bits starting with 24 bit[0m
D (1816) efuse: In EFUSE_BLK1__DATA0_REG is used 8 bits starting with 16 bit[0m
D (1826) efuse: In EFUSE_BLK1__DATA0_REG is used 8 bits starting with 8 bit[0m
D (1836) efuse: In EFUSE_BLK1__DATA0_REG is used 8 bits starting with 0 bit[0m
D (1856) temperature_sensor: range changed, change to index 2[0m
D (1876) wifi:filter: set rx policy=0
I (1876) wifi:mode : sta (48:27:e2:84:59:18)
I (1876) wifi:enable tsf
D (1876) wifi:filter: set rx policy=1
D (1876) wifi:connect status 0 -> 0
D (1886) event: running post WIFI_EVENT:41 with handler 0x4200b5b0 and context 0x3fca966c on loop 0x3fca83e0[0m
D (1886) event: running post WIFI_EVENT:2 with handler 0x42031f84 and context 0x3fca9504 on loop 0x3fca83e0[0m
D (1896) wifi_init_default: wifi_start esp-netif:0x3fca9308 event-id2[0m
D (1906) wifi_init_default: WIFI mac address: 48 27 e2 84 59 18[0m
D (1916) esp_netif_lwip: check: remote, if=0x3fca9308 fn=0x4201329c[0m
D (1916) esp_netif_lwip: call api in lwip: ret=0x0, give sem[0m
D (1926) esp_netif_handlers: esp_netif action has started with netif0x3fca9308 from event_id=2[0m
D (1936) esp_netif_lwip: check: remote, if=0x3fca9308 fn=0x42013b60[0m
D (1936) esp_netif_lwip: esp_netif_start_api 0x3fca9308[0m
D (1946) esp_netif_lwip: esp_netif_get_hostname esp_netif:0x3fca9308[0m
D (1956) esp_netif_lwip: check: local, if=0x3fca9308 fn=0x420142bc[0m
D (1956) esp_netif_lwip: esp_netif_update_default_netif_lwip 0x3fca9308[0m
D (1966) esp_netif_lwip: call api in lwip: ret=0x0, give sem[0m
D (1966) event: running post WIFI_EVENT:2 with handler 0x4200b5b0 and context 0x3fca966c on loop 0x3fca83e0[0m
evt_id= 3
Event ID: 3
D (1986) wpa: DPP: Sent event 3 to DPP task[0m
[0;32mI (1986) wifi dpp-enrollee: Started listening for DPP Authentication[0m
D (2486) event: running post WIFI_EVENT:20 with handler 0x4200b5b0 and context 0x3fca966c on loop 0x3fca83e0[0m
D (2486) event: running post WIFI_EVENT:20 with handler 0x42015c28 and context 0x3fcb58bc on loop 0x3fca83e0[0m
event_id = WIFI_EVENT_ROC_DONE
evt_id= 3
Event ID: 3
D (2496) wpa: DPP: Sent event 3 to DPP task[0m
D (2996) event: running post WIFI_EVENT:20 with handler 0x4200b5b0 and context 0x3fca966c on loop 0x3fca83e0[0m
D (2996) event: running post WIFI_EVENT:20 with handler 0x42015c28 and context 0x3fcb58bc on loop 0x3fca83e0[0m
event_id = WIFI_EVENT_ROC_DONE
evt_id= 3
Event ID: 3
D (3016) wpa: DPP: Sent event 3 to DPP task[0m
D (3516) event: running post WIFI_EVENT:20 with handler 0x4200b5b0 and context 0x3fca966c on loop 0x3fca83e0[0m
D (3516) event: running post WIFI_EVENT:20 with handler 0x42015c28 and context 0x3fcb58bc on loop 0x3fca83e0[0m
event_id = WIFI_EVENT_ROC_DONE
evt_id= 3
Event ID: 3
D (3526) wpa: DPP: Sent event 3 to DPP task[0m
D (4036) event: running post WIFI_EVENT:20 with handler 0x4200b5b0 and context 0x3fca966c on loop 0x3fca83e0[0m
D (4036) event: running post WIFI_EVENT:20 with handler 0x42015c28 and context 0x3fcb58bc on loop 0x3fca83e0[0m
event_id = WIFI_EVENT_ROC_DONE
evt_id= 3
Event ID: 3
D (4046) wpa: DPP: Sent event 3 to DPP task[0m
D (4546) event: running post WIFI_EVENT:20 with handler 0x4200b5b0 and context 0x3fca966c on loop 0x3fca83e0[0m
D (4546) event: running post WIFI_EVENT:20 with handler 0x42015c28 and context 0x3fcb58bc on loop 0x3fca83e0[0m
event_id = WIFI_EVENT_ROC_DONE
evt_id= 3
Event ID: 3
D (4556) wpa: DPP: Sent event 3 to DPP task[0m
D (5066) event: running post WIFI_EVENT:20 with handler 0x4200b5b0 and context 0x3fca966c on loop 0x3fca83e0[0m
D (5066) event: running post WIFI_EVENT:20 with handler 0x42015c28 and context 0x3fcb58bc on loop 0x3fca83e0[0m
event_id = WIFI_EVENT_ROC_DONE
evt_id= 3
Event ID: 3
D (5076) wpa: DPP: Sent event 3 to DPP task[0m
D (5576) event: running post WIFI_EVENT:20 with handler 0x4200b5b0 and context 0x3fca966c on loop 0x3fca83e0[0m
D (5576) event: running post WIFI_EVENT:20 with handler 0x42015c28 and context 0x3fcb58bc on loop 0x3fca83e0[0m
event_id = WIFI_EVENT_ROC_DONE
evt_id= 3
Event ID: 3
D (5586) wpa: DPP: Sent event 3 to DPP task[0m
D (6096) event: running post WIFI_EVENT:20 with handler 0x4200b5b0 and context 0x3fca966c on loop 0x3fca83e0[0m
D (6096) event: running post WIFI_EVENT:20 with handler 0x42015c28 and context 0x3fcb58bc on loop 0x3fca83e0[0m
event_id = WIFI_EVENT_ROC_DONE
evt_id= 3
Event ID: 3
D (6106) wpa: DPP: Sent event 3 to DPP task[0m
D (6606) event: running post WIFI_EVENT:20 with handler 0x4200b5b0 and context 0x3fca966c on loop 0x3fca83e0[0m
D (6606) event: running post WIFI_EVENT:20 with handler 0x42015c28 and context 0x3fcb58bc on loop 0x3fca83e0[0m
event_id = WIFI_EVENT_ROC_DONE
evt_id= 3
Event ID: 3
D (6626) wpa: DPP: Sent event 3 to DPP task[0m
D (7126) event: running post WIFI_EVENT:20 with handler 0x4200b5b0 and context 0x3fca966c on loop 0x3fca83e0[0m
D (7126) event: running post WIFI_EVENT:20 with handler 0x42015c28 and context 0x3fcb58bc on loop 0x3fca83e0[0m
event_id = WIFI_EVENT_ROC_DONE
evt_id= 3
Event ID: 3
D (7136) wpa: DPP: Sent event 3 to DPP task[0m
D (7636) event: running post WIFI_EVENT:20 with handler 0x4200b5b0 and context 0x3fca966c on loop 0x3fca83e0[0m
D (7646) event: running post WIFI_EVENT:20 with handler 0x42015c28 and context 0x3fcb58bc on loop 0x3fca83e0[0m
event_id = WIFI_EVENT_ROC_DONE
evt_id= 3
Event ID: 3
D (7656) wpa: DPP: Sent event 3 to DPP task[0m
D (8156) event: running post WIFI_EVENT:20 with handler 0x4200b5b0 and context 0x3fca966c on loop 0x3fca83e0[0m
D (8156) event: running post WIFI_EVENT:20 with handler 0x42015c28 and context 0x3fcb58bc on loop 0x3fca83e0[0m
event_id = WIFI_EVENT_ROC_DONE
evt_id= 3
Event ID: 3
D (8166) wpa: DPP: Sent event 3 to DPP task[0m
D (8676) event: running post WIFI_EVENT:20 with handler 0x4200b5b0 and context 0x3fca966c on loop 0x3fca83e0[0m
D (8676) event: running post WIFI_EVENT:20 with handler 0x42015c28 and context 0x3fcb58bc on loop 0x3fca83e0[0m
event_id = WIFI_EVENT_ROC_DONE
evt_id= 3
Event ID: 3
D (8686) wpa: DPP: Sent event 3 to DPP task[0m
D (9186) event: running post WIFI_EVENT:20 with handler 0x4200b5b0 and context 0x3fca966c on loop 0x3fca83e0[0m
D (9186) event: running post WIFI_EVENT:20 with handler 0x42015c28 and context 0x3fcb58bc on loop 0x3fca83e0[0m
event_id = WIFI_EVENT_ROC_DONE
evt_id= 3
Event ID: 3
D (9196) wpa: DPP: Sent event 3 to DPP task[0m
changed value s_action_rx_cb = esp_supp_rx_action
evt_id= 2
Event ID: 2
D (9226) wpa: DPP: Sent event 2 to DPP task[0m
D (9236) wpa: DPP: Rx Public Action frame: action - 9[0m
changed value s_action_rx_cb = esp_supp_rx_action
dpp listen is inprogress
evt_id= 2
D (9246) wpa: DPP: Sent event 2 to DPP task[0m
dpp listen is end
D (9246) event: running post WIFI_EVENT:20 with handler 0x4200b5b0 and context 0x3fca966c on loop 0x3fca83e0[0m
in esp_dpp_rx_frm()--------------------
D (9256) event: running post WIFI_EVENT:20 with handler 0x42015c28 and context 0x3fcb58bc on loop 0x3fca83e0[0m
[esp_dpp_rx_frm()]: type = 0
event_id = WIFI_EVENT_ROC_DONE
called esp_dpp_rx_auth_req
[0;32mI (9276) wpa: DPP: Authentication Request from 21:22:33:44:55:55[0m
D (9286) intr_alloc: Connected src 76 to int 2 (cpu 1)[0m
[0;31mE (9296) wpa: curve: secp256r1[0m
[0;31mE (9296) wpa: prime len is 32[0m
[0;31mE (9296) wpa: Q_x: - hexdump(len=32):[0m
[0;31mE (9306) wpa: 50 a5 32 ae 2a 07 20 72 76 41 8d 2f a6 30 29 5d [0m
[0;31mE (9306) wpa: 45 56 9b e4 25 aa 63 4f 02 01 4d 00 a7 d1 f6 1a [0m
[0;31mE (9316) wpa: Q_y: - hexdump(len=32):[0m
[0;31mE (9326) wpa: e1 4f 35 a5 a8 58 bc ca d9 0d 12 6c 46 59 4c 49 [0m
[0;31mE (9326) wpa: ef 82 65 5e 78 88 8e 15 a3 2d 91 6a c2 17 24 91 [0m
[0;31mE (9336) wpa: d:      - hexdump(len=32):[0m
[0;31mE (9336) wpa: 00 00 00 00 00 00 00 00 00 00 00 00 00 00 00 00 [0m
[0;31mE (9346) wpa: 00 00 00 00 00 00 00 00 00 00 00 00 00 00 00 00 [0m
D (9356) intr_alloc: Connected src 77 to int 3 (cpu 1)[0m
D (9506) wpa: DPP: ECDH shared secret (M.x) - hexdump(len=32):[0m
D (9506) wpa: 40 ac 1c 59 df 58 71 f2 f9 8e 0d ed 96 8d da bd [0m
D (9506) wpa: c0 1b 4c b6 e6 05 1b 4b 5e de f3 51 79 09 a9 ed [0m
D (9516) wpa: DPP: PRK = HKDF-Extract(<>, IKM=M.x) - hexdump(len=32):[0m
D (9526) wpa: fc b7 a5 61 64 bb 7e 85 62 0b f9 d7 eb 9f 53 9d [0m
D (9526) wpa: 1e bf 3b 61 4b ce 50 29 4a be 38 df 17 46 70 bb [0m
D (9536) wpa: DPP: k1 = HKDF-Expand(PRK, info, L) - hexdump(len=32):[0m
D (9546) wpa: cb 95 75 a2 a4 ad 04 d7 e9 0f a8 ed 5b 10 93 ce [0m
D (9546) wpa: 97 74 4d 01 8a b7 55 b9 98 fb 13 d3 41 7a 80 07 [0m
D (9556) wpa: DDP: AES-SIV AD[0] - hexdump(len=6):[0m
D (9556) wpa: 50 6f 9a 1a 01 00 [0m
D (9566) wpa: DDP: AES-SIV AD[1] - hexdump(len=140):[0m
D (9566) wpa: 02 10 20 00 52 44 bf cb 85 e9 66 78 80 15 2f 43 [0m
D (9576) wpa: 9c 61 08 69 94 9a 1c a2 e7 be 6f 4e 3d 9f f1 5f [0m
D (9576) wpa: 24 b1 05 6f 01 10 20 00 5d 46 7a 09 76 02 92 fc [0m
D (9586) wpa: 15 d3 17 92 b0 a5 b0 50 db 8b f6 ad 80 7d 71 b2 [0m
D (9586) wpa: d9 3f 4d 1c 2e 65 d8 81 03 10 40 00 50 a5 32 ae [0m
D (9596) wpa: 2a 07 20 72 76 41 8d 2f a6 30 29 5d 45 56 9b e4 [0m
D (9606) wpa: 25 aa 63 4f 02 01 4d 00 a7 d1 f6 1a e1 4f 35 a5 [0m
D (9606) wpa: a8 58 bc ca d9 0d 12 6c 46 59 4c 49 ef 82 65 5e [0m
D (9616) wpa: 78 88 8e 15 a3 2d 91 6a c2 17 24 91 [0m
D (9616) wpa: DPP: AES-SIV ciphertext - hexdump(len=41):[0m
D (9626) wpa: a9 9d 82 70 00 83 a9 45 0f d2 7b 9c 74 bf 74 2e [0m
D (9626) wpa: 49 73 36 4c c9 bc c3 9a ec 40 19 2e 3d db 26 6d [0m
D (9636) wpa: e8 b5 09 64 32 ab a9 47 fb [0m
D (9636) wpa: DPP: AES-SIV cleartext - hexdump(len=25):[0m
D (9646) wpa: 05 10 10 00 13 f4 60 2a 16 da eb 69 71 22 63 b9 [0m
D (9646) wpa: c4 6c ba 31 06 10 01 00 02 [0m
D (9656) wpa: DPP: I-nonce - hexdump(len=16):[0m
D (9656) wpa: 13 f4 60 2a 16 da eb 69 71 22 63 b9 c4 6c ba 31 [0m
D (9666) wpa: DPP: I-capabilities: 0x02[0m
D (9666) wpa: DPP: Acting as Enrollee[0m
D (9676) wpa: DPP: Build Authentication Response[0m
D (9676) wpa: DPP: R-nonce - hexdump(len=16):[0m
D (9686) wpa: 16 ae 26 15 72 54 ae 33 b7 7c 41 b5 6e 26 23 26 [0m
D (9736) wpa: DPP: Generating a keypair[0m
[0;31mE (9746) wpa: curve: secp256r1[0m
[0;31mE (9746) wpa: prime len is 32[0m
[0;31mE (9746) wpa: Q_x: - hexdump(len=32):[0m
[0;31mE (9746) wpa: 75 8d d9 a3 a1 1d 7b 6e 3d 3f 47 97 f1 68 75 ed [0m
[0;31mE (9756) wpa: 26 c1 bd 13 62 58 28 26 98 22 f2 fc e4 ae 4b 8a [0m
[0;31mE (9756) wpa: Q_y: - hexdump(len=32):[0m
[0;31mE (9766) wpa: bc 71 83 f8 c2 2a 25 47 ed b5 6d 6c 40 0c 7a 71 [0m
[0;31mE (9766) wpa: df 87 13 9c 7a a1 0a 96 84 45 b3 96 8a 92 43 c5 [0m
[0;31mE (9776) wpa: d:      - hexdump(len=32):[0m
[0;31mE (9776) wpa: dc 59 e4 07 c5 0e 5c 44 ba 03 9b 3b 86 65 e3 25 [0m
[0;31mE (9786) wpa: b7 08 de fd 77 fd 8b 20 92 f7 b3 af c8 67 6d 6a [0m
D (9946) wpa: DPP: ECDH shared secret (N.x) - hexdump(len=32):[0m
D (9946) wpa: 31 05 38 02 31 0c 6b 59 68 e8 62 18 b7 87 24 7b [0m
D (9946) wpa: 1b 1b 85 38 87 3f 10 8d 8a 32 8a 2d 70 0d 7a 19 [0m
D (9956) wpa: DPP: PRK = HKDF-Extract(<>, IKM=N.x) - hexdump(len=32):[0m
D (9956) wpa: 8f a6 42 01 e3 b6 6a 68 a8 39 a0 b4 4c f6 2a 3d [0m
D (9966) wpa: 80 41 b8 81 71 fb 5c a8 fe f1 68 c9 91 2e 4f 51 [0m
D (9976) wpa: DPP: k2 = HKDF-Expand(PRK, info, L) - hexdump(len=32):[0m
D (9976) wpa: 06 a9 e1 f0 24 3c a8 23 e6 8d 37 0e 43 f1 7e cc [0m
D (9986) wpa: 8d 26 a9 ff d2 a5 8e 75 94 a3 b9 74 37 03 47 1c [0m
D (9986) wpa: DPP: PRK = HKDF-Extract(<>, IKM) - hexdump(len=32):[0m
D (9996) wpa: c6 2d a2 03 c9 3d a7 8c 5a d0 24 9c ca d1 9c 42 [0m
D (10006) wpa: 41 cf 0e db 12 db 96 b6 e5 de 24 3a 04 94 cf 49 [0m
D (10006) wpa: DPP: ke = HKDF-Expand(PRK, info, L) - hexdump(len=32):[0m
D (10016) wpa: 7e 59 bd 7a 08 9c 2f 96 17 6e 7e 6a eb 1b ce 64 [0m
D (10016) wpa: 89 cb 34 89 03 bf 88 79 2b bd 8f 8f 13 d4 e4 d1 [0m
D (10026) wpa: DPP: R-auth hash components[0m
D (10026) wpa: DPP: hash component - hexdump(len=16):[0m
D (10036) wpa: 13 f4 60 2a 16 da eb 69 71 22 63 b9 c4 6c ba 31 [0m
D (10046) wpa: DPP: hash component - hexdump(len=16):[0m
D (10046) wpa: 16 ae 26 15 72 54 ae 33 b7 7c 41 b5 6e 26 23 26 [0m
D (10056) wpa: DPP: hash component - hexdump(len=32):[0m
D (10056) wpa: 50 a5 32 ae 2a 07 20 72 76 41 8d 2f a6 30 29 5d [0m
D (10066) wpa: 45 56 9b e4 25 aa 63 4f 02 01 4d 00 a7 d1 f6 1a [0m
D (10066) wpa: DPP: hash component - hexdump(len=32):[0m
D (10076) wpa: 75 8d d9 a3 a1 1d 7b 6e 3d 3f 47 97 f1 68 75 ed [0m
D (10086) wpa: 26 c1 bd 13 62 58 28 26 98 22 f2 fc e4 ae 4b 8a [0m
D (10086) wpa: DPP: hash component - hexdump(len=32):[0m
D (10096) wpa: 53 18 a3 e3 ba e0 98 64 15 20 fd da 32 6c 87 64 [0m
D (10096) wpa: 9f c3 6b 19 72 17 ed a5 8b 9b 4e a1 f6 2c c2 71 [0m
D (10106) wpa: DPP: hash component - hexdump(len=1):[0m
D (10106) wpa: 00 [0m
D (10116) wpa: DPP: R-auth - hexdump(len=32):[0m
D (10116) wpa: d8 96 b3 fe 5b 6b 63 b3 2f e7 93 31 cb bf c4 d0 [0m
D (10126) wpa: 50 f4 da d2 d9 15 08 a5 b1 62 54 83 32 2c 3c de [0m
D (10126) wpa: DPP: {R-auth}ke - hexdump(len=52):[0m
D (10136) wpa: b4 9b 23 75 29 27 0b c9 31 01 40 c0 54 d2 30 e7 [0m
D (10136) wpa: 10 34 cd f4 e5 cd a1 d4 7e 16 b9 a5 f0 9d 02 47 [0m
D (10146) wpa: 89 20 93 13 e3 70 98 7e 0c 2c 73 81 7c a1 c8 87 [0m
D (10146) wpa: 60 d7 98 7a [0m
D (10156) wpa: DPP: Status 0[0m
D (10156) wpa: DPP: R-Bootstrap Key Hash[0m
D (10156) wpa: DDP: AES-SIV AD[0] - hexdump(len=6):[0m
D (10166) wpa: 50 6f 9a 1a 01 01 [0m
D (10166) wpa: DDP: AES-SIV AD[1] - hexdump(len=109):[0m
D (10176) wpa: 00 10 01 00 00 02 10 20 00 52 44 bf cb 85 e9 66 [0m
D (10176) wpa: 78 80 15 2f 43 9c 61 08 69 94 9a 1c a2 e7 be 6f [0m
D (10186) wpa: 4e 3d 9f f1 5f 24 b1 05 6f 09 10 40 00 75 8d d9 [0m
D (10196) wpa: a3 a1 1d 7b 6e 3d 3f 47 97 f1 68 75 ed 26 c1 bd [0m
D (10196) wpa: 13 62 58 28 26 98 22 f2 fc e4 ae 4b 8a bc 71 83 [0m
D (10206) wpa: f8 c2 2a 25 47 ed b5 6d 6c 40 0c 7a 71 df 87 13 [0m
D (10206) wpa: 9c 7a a1 0a 96 84 45 b3 96 8a 92 43 c5 [0m
D (10216) wpa: DPP: AES-SIV cleartext - hexdump(len=101):[0m
D (10216) wpa: 07 10 10 00 16 ae 26 15 72 54 ae 33 b7 7c 41 b5 [0m
D (10226) wpa: 6e 26 23 26 05 10 10 00 13 f4 60 2a 16 da eb 69 [0m
D (10236) wpa: 71 22 63 b9 c4 6c ba 31 08 10 01 00 01 04 10 34 [0m
D (10236) wpa: 00 b4 9b 23 75 29 27 0b c9 31 01 40 c0 54 d2 30 [0m
D (10246) wpa: e7 10 34 cd f4 e5 cd a1 d4 7e 16 b9 a5 f0 9d 02 [0m
D (10246) wpa: 47 89 20 93 13 e3 70 98 7e 0c 2c 73 81 7c a1 c8 [0m
D (10256) wpa: 87 60 d7 98 7a [0m
D (10256) wpa: DPP: AES-SIV ciphertext - hexdump(len=117):[0m
D (10266) wpa: 4d 3d 30 f4 02 57 db bf df e0 1b fd 39 ae 91 ff [0m
D (10276) wpa: 9e da 24 8a 3e c4 bf fe 0f 97 b4 0c b5 76 c7 1c [0m
D (10276) wpa: 6a 46 f1 ee 70 0b f7 3e 58 10 62 62 0e 30 57 c9 [0m
D (10286) wpa: d2 ae 5d d9 7a 96 e4 30 60 53 cb 9e 88 d9 84 10 [0m
D (10286) wpa: 59 ad 63 f9 00 fd 4c 2d 29 4e 7e 77 22 94 d7 04 [0m
D (10296) wpa: 28 1d 85 82 94 d6 32 9f 94 03 0e ac 0b ee da 37 [0m
D (10306) wpa: cf 41 1f 5c 96 a2 bf 3d 8e b8 35 54 aa df 86 a9 [0m
D (10306) wpa: c6 5c 71 ed 81 [0m
D (10306) wpa: DPP: Authentication Response frame attributes - hexdump(len=238):[0m
D (10316) wpa: 04 09 50 6f 9a 1a 01 01 00 10 01 00 00 02 10 20 [0m
D (10326) wpa: 00 52 44 bf cb 85 e9 66 78 80 15 2f 43 9c 61 08 [0m
D (10326) wpa: 69 94 9a 1c a2 e7 be 6f 4e 3d 9f f1 5f 24 b1 05 [0m
D (10336) wpa: 6f 09 10 40 00 75 8d d9 a3 a1 1d 7b 6e 3d 3f 47 [0m
D (10346) wpa: 97 f1 68 75 ed 26 c1 bd 13 62 58 28 26 98 22 f2 [0m
D (10346) wpa: fc e4 ae 4b 8a bc 71 83 f8 c2 2a 25 47 ed b5 6d [0m
D (10356) wpa: 6c 40 0c 7a 71 df 87 13 9c 7a a1 0a 96 84 45 b3 [0m
D (10356) wpa: 96 8a 92 43 c5 04 10 75 00 4d 3d 30 f4 02 57 db [0m
D (10366) wpa: bf df e0 1b fd 39 ae 91 ff 9e da 24 8a 3e c4 bf [0m
D (10376) wpa: fe 0f 97 b4 0c b5 76 c7 1c 6a 46 f1 ee 70 0b f7 [0m
D (10376) wpa: 3e 58 10 62 62 0e 30 57 c9 d2 ae 5d d9 7a 96 e4 [0m
D (10386) wpa: 30 60 53 cb 9e 88 d9 84 10 59 ad 63 f9 00 fd 4c [0m
D (10386) wpa: 2d 29 4e 7e 77 22 94 d7 04 28 1d 85 82 94 d6 32 [0m
D (10396) wpa: 9f 94 03 0e ac 0b ee da 37 cf 41 1f 5c 96 a2 bf [0m
D (10406) wpa: 3d 8e b8 35 54 aa df 86 a9 c6 5c 71 ed 81 [0m
D (10406) wpa: Called esp_dpp_send_action_frame
[0m
DPP: Mgmt Tx - MAC:21:22:33:44:55:55, Channel-6, WaitT-1000D (10416) wpa: ELOOP: esp_dpp_rx_auth_req:194 called to remove timer handler=0x42015434, removed count=0[0m
D (10416) event: running post WIFI_EVENT:19 with handler 0x4200b5b0 and context 0x3fca966c on loop 0x3fca83e0[0m
D (10426) wpa: ELOOP: Added one timer from esp_dpp_rx_auth_req:195 to call 0x42015434, current order=0[0m
D (10436) event: running post WIFI_EVENT:19 with handler 0x42015c28 and context 0x3fcb588c on loop 0x3fca83e0[0m
[esp_dpp_rx_frm()] : ret = 0
D (10456) wpa: Mgmt Tx Status - 0, Cookie - 0x42015488[0m
out esp_dpp_rx_frm()--------------------
Event ID: 2
D (10466) wpa: DPP: Rx Public Action frame: action - 9[0m
dpp listen is end
in esp_dpp_rx_frm()--------------------
[esp_dpp_rx_frm()]: type = 0
called esp_dpp_rx_auth_req
[0;32mI (10486) wpa: DPP: Authentication Request from 21:22:33:44:55:55[0m
D (10496) wpa: DPP: Already in DPP authentication exchange - ignore new one[0m
[esp_dpp_rx_frm()] : ret = 0
out esp_dpp_rx_frm()--------------------
changed value s_action_rx_cb = esp_supp_rx_action
evt_id= 2
Event ID: 2
D (11286) wpa: DPP: Sent event 2 to DPP task[0m
D (11286) wpa: DPP: Rx Public Action frame: action - 9[0m
dpp listen is end
in esp_dpp_rx_frm()--------------------
[esp_dpp_rx_frm()]: type = 2
changed value s_action_rx_cb = esp_supp_rx_action
D (11296) wpa: DPP: Authentication Confirmation from 21:22:33:44:55:55[0m
evt_id= 2
D (11306) wpa: ELOOP: esp_dpp_rx_auth_conf:285 called to remove timer handler=0x42015434, removed count=1[0m
D (11316) wpa: DPP: Sent event 2 to DPP task[0m
esp_dpp.c: Called dpp_auth_conf_rx
changed value s_action_rx_cb = esp_supp_rx_action
D (11326) wpa: Called dpp_auth_conf_rx
[0m
evt_id= 2
D (11336) wpa: DPP: Wrapped data - hexdump(len=52):[0m
D (11336) wpa: DPP: Sent event 2 to DPP task[0m
D (11346) wpa: 1c 3c 07 80 f6 3e dd cb 9b 95 7a 26 fb e7 59 5d [0m
changed value s_action_rx_cb = esp_supp_rx_action
D (11356) wpa: 59 42 11 8b 28 66 32 7f a8 a3 08 c7 e3 19 58 ba [0m
evt_id= 2
D (11366) wpa: 2a 96 22 50 c0 e4 83 da 1b 8a 3b 1b 2f c6 ab dd [0m
D (11366) wpa: DPP: Sent event 2 to DPP task[0m
D (11366) wpa: 0e f4 33 90 [0m
changed value s_action_rx_cb = esp_supp_rx_action
D (11376) wpa: DPP: Responder Bootstrapping Key Hash - hexdump(len=32):[0m
evt_id= 2
D (11386) wpa: 52 44 bf cb 85 e9 66 78 80 15 2f 43 9c 61 08 69 [0m
[0;31mE (11396) wpa: DPP: Failed to send event 2 to DPP task[0m
D (11396) wpa: 94 9a 1c a2 e7 be 6f 4e 3d 9f f1 5f 24 b1 05 6f [0m
[0;31mE (11406) wpa: Failed to post event to DPP Task(status=12439)[0m
D (11406) wpa: DPP: Status 0[0m
changed value s_action_rx_cb = esp_supp_rx_action
D (11416) wpa: DDP: AES-SIV AD[0] - hexdump(len=6):[0m
evt_id= 2
D (11426) wpa: 50 6f 9a 1a 01 02 [0m
D (11426) wpa: DDP: AES-SIV AD[1] - hexdump(len=41):[0m
[0;31mE (11436) wpa: DPP: Failed to send event 2 to DPP task[0m
D (11436) wpa: 00 10 01 00 00 02 10 20 00 52 44 bf cb 85 e9 66 [0m
[0;31mE (11446) wpa: Failed to post event to DPP Task(status=12439)[0m
D (11446) wpa: 78 80 15 2f 43 9c 61 08 69 94 9a 1c a2 e7 be 6f [0m
changed value s_action_rx_cb = esp_supp_rx_action
D (11456) wpa: 4e 3d 9f f1 5f 24 b1 05 6f [0m
evt_id= 2
D (11466) wpa: DPP: AES-SIV ciphertext - hexdump(len=52):[0m
[0;31mE (11476) wpa: DPP: Failed to send event 2 to DPP task[0m
D (11476) wpa: 1c 3c 07 80 f6 3e dd cb 9b 95 7a 26 fb e7 59 5d [0m
[0;31mE (11476) wpa: Failed to post event to DPP Task(status=12439)[0m
D (11486) wpa: 59 42 11 8b 28 66 32 7f a8 a3 08 c7 e3 19 58 ba [0m
changed value s_action_rx_cb = esp_supp_rx_action
D (11496) wpa: 2a 96 22 50 c0 e4 83 da 1b 8a 3b 1b 2f c6 ab dd [0m
evt_id= 2
D (11506) wpa: 0e f4 33 90 [0m
[0;31mE (11516) wpa: DPP: Failed to send event 2 to DPP task[0m
D (11516) wpa: DPP: AES-SIV cleartext - hexdump(len=36):[0m
[0;31mE (11516) wpa: Failed to post event to DPP Task(status=12439)[0m
D (11526) wpa: 0a 10 20 00 3f b3 17 b7 fc 62 b3 aa b3 65 38 84 [0m
changed value s_action_rx_cb = esp_supp_rx_action
D (11536) wpa: 2d d0 1d cd 0f 6d 6d be d5 b6 40 bf c2 3a d6 8d [0m
evt_id= 2
D (11546) wpa: eb 1b d0 bc [0m
[0;31mE (11556) wpa: DPP: Failed to send event 2 to DPP task[0m
D (11556) wpa: DPP: Received Initiator Authenticating Tag - hexdump(len=32):[0m
[0;31mE (11556) wpa: Failed to post event to DPP Task(status=12439)[0m
D (11566) wpa: 3f b3 17 b7 fc 62 b3 aa b3 65 38 84 2d d0 1d cd [0m
changed value s_action_rx_cb = esp_supp_rx_action
D (11576) wpa: 0f 6d 6d be d5 b6 40 bf c2 3a d6 8d eb 1b d0 bc [0m
evt_id= 2
D (11586) wpa: DPP: I-auth hash components[0m
[0;31mE (11596) wpa: DPP: Failed to send event 2 to DPP task[0m
D (11596) wpa: DPP: hash component - hexdump(len=16):[0m
[0;31mE (11596) wpa: Failed to post event to DPP Task(status=12439)[0m
D (11606) wpa: 16 ae 26 15 72 54 ae 33 b7 7c 41 b5 6e 26 23 26 [0m
changed value s_action_rx_cb = esp_supp_rx_action
D (11616) wpa: DPP: hash component - hexdump(len=16):[0m
evt_id= 2
D (11626) wpa: 13 f4 60 2a 16 da eb 69 71 22 63 b9 c4 6c ba 31 [0m
[0;31mE (11636) wpa: DPP: Failed to send event 2 to DPP task[0m
D (11636) wpa: DPP: hash component - hexdump(len=32):[0m
[0;31mE (11636) wpa: Failed to post event to DPP Task(status=12439)[0m
D (11646) wpa: 75 8d d9 a3 a1 1d 7b 6e 3d 3f 47 97 f1 68 75 ed [0m
changed value s_action_rx_cb = esp_supp_rx_action
D (11656) wpa: 26 c1 bd 13 62 58 28 26 98 22 f2 fc e4 ae 4b 8a [0m
evt_id= 2
D (11666) wpa: DPP: hash component - hexdump(len=32):[0m
[0;31mE (11676) wpa: DPP: Failed to send event 2 to DPP task[0m
D (11676) wpa: 50 a5 32 ae 2a 07 20 72 76 41 8d 2f a6 30 29 5d [0m
[0;31mE (11676) wpa: Failed to post event to DPP Task(status=12439)[0m
D (11686) wpa: 45 56 9b e4 25 aa 63 4f 02 01 4d 00 a7 d1 f6 1a [0m
D (11696) wpa: DPP: hash component - hexdump(len=32):[0m
D (11706) wpa: 53 18 a3 e3 ba e0 98 64 15 20 fd da 32 6c 87 64 [0m
D (11706) wpa: 9f c3 6b 19 72 17 ed a5 8b 9b 4e a1 f6 2c c2 71 [0m
D (11716) wpa: DPP: hash component - hexdump(len=1):[0m
D (11716) wpa: 01 [0m
D (11716) wpa: DPP: I-auth - hexdump(len=32):[0m
D (11726) wpa: 3f b3 17 b7 fc 62 b3 aa b3 65 38 84 2d d0 1d cd [0m
D (11726) wpa: 0f 6d 6d be d5 b6 40 bf c2 3a d6 8d eb 1b d0 bc [0m
D (11736) wpa: DPP: Calculated Initiator Authenticating Tag - hexdump(len=32):[0m
D (11746) wpa: 3f b3 17 b7 fc 62 b3 aa b3 65 38 84 2d d0 1d cd [0m
D (11746) wpa: 0f 6d 6d be d5 b6 40 bf c2 3a d6 8d eb 1b d0 bc [0m
D (11756) wpa: DPP: Authentication success - clear temporary keys[0m
D (11766) wpa: DPP: Build configuration request[0m
D (11766) wpa: DPP: E-nonce - hexdump(len=16):[0m
D (11776) wpa: 14 55 e9 3b 2b 76 d7 14 38 94 4b 5d c2 eb 5c 7e [0m
D (11776) wpa: DPP: configRequest JSON - hexdump(len=71):[0m
D (11786) wpa: 7b 22 6e 61 6d 65 22 3a 22 54 65 73 74 22 2c 22 [0m
D (11786) wpa: 77 69 2d 66 69 5f 74 65 63 68 22 3a 22 69 6e 66 [0m
D (11796) wpa: 72 61 22 2c 22 6e 65 74 52 6f 6c 65 22 3a 22 73 [0m
D (11796) wpa: 74 61 22 2c 22 62 61 6e 64 53 75 70 70 6f 72 74 [0m
D (11806) wpa: 22 3a 5b 38 31 5d 7d [0m
D (11806) wpa: DPP: AES-SIV cleartext - hexdump(len=95):[0m
D (11816) wpa: 14 10 10 00 14 55 e9 3b 2b 76 d7 14 38 94 4b 5d [0m
D (11826) wpa: c2 eb 5c 7e 0e 10 47 00 7b 22 6e 61 6d 65 22 3a [0m
D (11826) wpa: 22 54 65 73 74 22 2c 22 77 69 2d 66 69 5f 74 65 [0m
D (11836) wpa: 63 68 22 3a 22 69 6e 66 72 61 22 2c 22 6e 65 74 [0m
D (11836) wpa: 52 6f 6c 65 22 3a 22 73 74 61 22 2c 22 62 61 6e [0m
D (11846) wpa: 64 53 75 70 70 6f 72 74 22 3a 5b 38 31 5d 7d [0m
D (11856) wpa: DPP: AES-SIV ciphertext - hexdump(len=111):[0m
D (11856) wpa: 67 27 49 88 e9 b9 44 ba af 09 2b 33 22 1a 8e 91 [0m
D (11866) wpa: d8 55 9f 53 e3 19 9e 73 31 fa ce 25 a8 a5 f6 f6 [0m
D (11866) wpa: 84 76 99 5e a0 ac 90 47 ac 50 61 6a b3 f5 fc 80 [0m
D (11876) wpa: b8 89 31 1d 1e 0d f2 64 8d 26 b7 66 1f f9 a8 8a [0m
D (11876) wpa: 25 63 8a d0 f1 8b fa 28 ba 74 f6 d4 66 c1 c3 d0 [0m
D (11886) wpa: 39 d5 55 5b c4 86 3c 55 64 05 7d 36 3a d6 f5 f0 [0m
D (11896) wpa: d3 0e fd d6 3e 95 6b 54 76 fc 06 25 0b c3 f6 [0m
D (11896) wpa: DPP: Configuration Request frame attributes - hexdump(len=115):[0m
D (11906) wpa: 04 10 6f 00 67 27 49 88 e9 b9 44 ba af 09 2b 33 [0m
D (11916) wpa: 22 1a 8e 91 d8 55 9f 53 e3 19 9e 73 31 fa ce 25 [0m
D (11916) wpa: a8 a5 f6 f6 84 76 99 5e a0 ac 90 47 ac 50 61 6a [0m
D (11926) wpa: b3 f5 fc 80 b8 89 31 1d 1e 0d f2 64 8d 26 b7 66 [0m
D (11926) wpa: 1f f9 a8 8a 25 63 8a d0 f1 8b fa 28 ba 74 f6 d4 [0m
D (11936) wpa: 66 c1 c3 d0 39 d5 55 5b c4 86 3c 55 64 05 7d 36 [0m
D (11946) wpa: 3a d6 f5 f0 d3 0e fd d6 3e 95 6b 54 76 fc 06 25 [0m
D (11946) wpa: 0b c3 f6 [0m
D (11956) wpa: DPP: GAS request to 21:22:33:44:55:55 (chan 6)[0m
D (11956) wpa: Called esp_dpp_send_action_frame
[0m
DPP: Mgmt Tx - MAC:21:22:33:44:55:55, Channel-6, WaitT-1000[esp_dpp_rx_frm()] : ret = 0
D (11966) event: running post WIFI_EVENT:19 with handler 0x4200b5b0 and context 0x3fca966c on loop 0x3fca83e0[0m
out esp_dpp_rx_frm()--------------------
D (11976) event: running post WIFI_EVENT:19 with handler 0x42015c28 and context 0x3fcb588c on loop 0x3fca83e0[0m
Event ID: 2
D (11996) wpa: Mgmt Tx Status - 0, Cookie - 0x42015488[0m
D (11996) wpa: DPP: Rx Public Action frame: action - 9[0m
dpp listen is end
in esp_dpp_rx_frm()--------------------
[esp_dpp_rx_frm()]: type = 2
D (12016) wpa: DPP: Authentication Confirmation from 21:22:33:44:55:55[0m
D (12016) wpa: ELOOP: esp_dpp_rx_auth_conf:285 called to remove timer handler=0x42015434, removed count=0[0m
esp_dpp.c: Called dpp_auth_conf_rx
D (12026) wpa: Called dpp_auth_conf_rx
[0m
D (12036) wpa: DPP: Wrapped data - hexdump(len=52):[0m
D (12036) wpa: 1c 3c 07 80 f6 3e dd cb 9b 95 7a 26 fb e7 59 5d [0m
D (12046) wpa: 59 42 11 8b 28 66 32 7f a8 a3 08 c7 e3 19 58 ba [0m
D (12056) wpa: 2a 96 22 50 c0 e4 83 da 1b 8a 3b 1b 2f c6 ab dd [0m
D (12056) wpa: 0e f4 33 90 [0m
D (12056) wpa: DPP: Responder Bootstrapping Key Hash - hexdump(len=32):[0m
D (12066) wpa: 52 44 bf cb 85 e9 66 78 80 15 2f 43 9c 61 08 69 [0m
D (12076) wpa: 94 9a 1c a2 e7 be 6f 4e 3d 9f f1 5f 24 b1 05 6f [0m
D (12076) wpa: DPP: Status 0[0m
D (12086) wpa: DDP: AES-SIV AD[0] - hexdump(len=6):[0m
D (12086) wpa: 50 6f 9a 1a 01 02 [0m
D (12086) wpa: DDP: AES-SIV AD[1] - hexdump(len=41):[0m
D (12096) wpa: 00 10 01 00 00 02 10 20 00 52 44 bf cb 85 e9 66 [0m
D (12106) wpa: 78 80 15 2f 43 9c 61 08 69 94 9a 1c a2 e7 be 6f [0m
D (12106) wpa: 4e 3d 9f f1 5f 24 b1 05 6f [0m
D (12116) wpa: DPP: AES-SIV ciphertext - hexdump(len=52):[0m
D (12116) wpa: 1c 3c 07 80 f6 3e dd cb 9b 95 7a 26 fb e7 59 5d [0m
D (12126) wpa: 59 42 11 8b 28 66 32 7f a8 a3 08 c7 e3 19 58 ba [0m
D (12126) wpa: 2a 96 22 50 c0 e4 83 da 1b 8a 3b 1b 2f c6 ab dd [0m
D (12136) wpa: 0e f4 33 90 [0m
D (12136) wpa: DPP: AES-SIV cleartext - hexdump(len=36):[0m
D (12146) wpa: 0a 10 20 00 3f b3 17 b7 fc 62 b3 aa b3 65 38 84 [0m
D (12146) wpa: 2d d0 1d cd 0f 6d 6d be d5 b6 40 bf c2 3a d6 8d [0m
D (12156) wpa: eb 1b d0 bc [0m
D (12156) wpa: DPP: Received Initiator Authenticating Tag - hexdump(len=32):[0m
D (12166) wpa: 3f b3 17 b7 fc 62 b3 aa b3 65 38 84 2d d0 1d cd [0m
D (12176) wpa: 0f 6d 6d be d5 b6 40 bf c2 3a d6 8d eb 1b d0 bc [0m
D (12176) wpa: DPP: I-auth hash components[0m
D (12186) wpa: DPP: hash component - hexdump(len=16):[0m
D (12186) wpa: 16 ae 26 15 72 54 ae 33 b7 7c 41 b5 6e 26 23 26 [0m
D (12196) wpa: DPP: hash component - hexdump(len=16):[0m
D (12196) wpa: 13 f4 60 2a 16 da eb 69 71 22 63 b9 c4 6c ba 31 [0m
D (12206) wpa: DPP: hash component - hexdump(len=32):[0m
D (12206) wpa: 75 8d d9 a3 a1 1d 7b 6e 3d 3f 47 97 f1 68 75 ed [0m
D (12216) wpa: 26 c1 bd 13 62 58 28 26 98 22 f2 fc e4 ae 4b 8a [0m
D (12216) wpa: DPP: hash component - hexdump(len=32):[0m
D (12226) wpa: 50 a5 32 ae 2a 07 20 72 76 41 8d 2f a6 30 29 5d [0m
D (12236) wpa: 45 56 9b e4 25 aa 63 4f 02 01 4d 00 a7 d1 f6 1a [0m
D (12236) wpa: DPP: hash component - hexdump(len=32):[0m
D (12246) wpa: 53 18 a3 e3 ba e0 98 64 15 20 fd da 32 6c 87 64 [0m
D (12246) wpa: 9f c3 6b 19 72 17 ed a5 8b 9b 4e a1 f6 2c c2 71 [0m
D (12256) wpa: DPP: hash component - hexdump(len=1):[0m
D (12256) wpa: 01 [0m
D (12266) wpa: DPP: I-auth - hexdump(len=32):[0m
D (12266) wpa: 3f b3 17 b7 fc 62 b3 aa b3 65 38 84 2d d0 1d cd [0m
D (12276) wpa: 0f 6d 6d be d5 b6 40 bf c2 3a d6 8d eb 1b d0 bc [0m
D (12276) wpa: DPP: Calculated Initiator Authenticating Tag - hexdump(len=32):[0m
D (12286) wpa: 3f b3 17 b7 fc 62 b3 aa b3 65 38 84 2d d0 1d cd [0m
D (12296) wpa: 0f 6d 6d be d5 b6 40 bf c2 3a d6 8d eb 1b d0 bc [0m
D (12296) wpa: DPP: Authentication success - clear temporary keys[0m
D (12306) wpa: DPP: Build configuration request[0m
D (12306) wpa: DPP: E-nonce - hexdump(len=16):[0m
D (12316) wpa: 20 69 f0 c8 2f 80 79 84 3c a8 ef e1 3b c4 77 ce [0m
D (12316) wpa: DPP: configRequest JSON - hexdump(len=71):[0m
D (12326) wpa: 7b 22 6e 61 6d 65 22 3a 22 54 65 73 74 22 2c 22 [0m
D (12326) wpa: 77 69 2d 66 69 5f 74 65 63 68 22 3a 22 69 6e 66 [0m
D (12336) wpa: 72 61 22 2c 22 6e 65 74 52 6f 6c 65 22 3a 22 73 [0m
D (12346) wpa: 74 61 22 2c 22 62 61 6e 64 53 75 70 70 6f 72 74 [0m
D (12346) wpa: 22 3a 5b 38 31 5d 7d [0m
D (12356) wpa: DPP: AES-SIV cleartext - hexdump(len=95):[0m
D (12356) wpa: 14 10 10 00 20 69 f0 c8 2f 80 79 84 3c a8 ef e1 [0m
D (12366) wpa: 3b c4 77 ce 0e 10 47 00 7b 22 6e 61 6d 65 22 3a [0m
D (12366) wpa: 22 54 65 73 74 22 2c 22 77 69 2d 66 69 5f 74 65 [0m
D (12376) wpa: 63 68 22 3a 22 69 6e 66 72 61 22 2c 22 6e 65 74 [0m
D (12386) wpa: 52 6f 6c 65 22 3a 22 73 74 61 22 2c 22 62 61 6e [0m
D (12386) wpa: 64 53 75 70 70 6f 72 74 22 3a 5b 38 31 5d 7d [0m
D (12396) wpa: DPP: AES-SIV ciphertext - hexdump(len=111):[0m
D (12396) wpa: f6 9a 38 6c c9 00 b5 f8 bb 4d b2 23 e6 c1 2b 0f [0m
D (12406) wpa: 11 11 71 aa ac d3 4b 1f c0 30 00 95 99 ad 93 98 [0m
D (12406) wpa: 02 1e 0c 95 27 13 85 df 8c c9 b2 bb a1 77 c3 d8 [0m
D (12416) wpa: 8d 49 ab 58 5c 5b e7 6d 51 a6 dc 1b 45 c0 a4 19 [0m
D (12426) wpa: f7 08 44 d1 7c 0b ad 13 98 5d e7 40 40 63 b1 bc [0m
D (12426) wpa: 8a 33 33 bb 9b d4 9c fa 89 71 d8 ea 44 56 b4 11 [0m
D (12436) wpa: b9 00 2b b9 a2 d5 8a 49 61 ba f8 14 5c f0 83 [0m
D (12436) wpa: DPP: Configuration Request frame attributes - hexdump(len=115):[0m
D (12446) wpa: 04 10 6f 00 f6 9a 38 6c c9 00 b5 f8 bb 4d b2 23 [0m
D (12456) wpa: e6 c1 2b 0f 11 11 71 aa ac d3 4b 1f c0 30 00 95 [0m
D (12456) wpa: 99 ad 93 98 02 1e 0c 95 27 13 85 df 8c c9 b2 bb [0m
D (12466) wpa: a1 77 c3 d8 8d 49 ab 58 5c 5b e7 6d 51 a6 dc 1b [0m
D (12476) wpa: 45 c0 a4 19 f7 08 44 d1 7c 0b ad 13 98 5d e7 40 [0m
D (12476) wpa: 40 63 b1 bc 8a 33 33 bb 9b d4 9c fa 89 71 d8 ea [0m
D (12486) wpa: 44 56 b4 11 b9 00 2b b9 a2 d5 8a 49 61 ba f8 14 [0m
D (12486) wpa: 5c f0 83 [0m
D (12496) wpa: DPP: GAS request to 21:22:33:44:55:55 (chan 6)[0m
D (12496) wpa: Called esp_dpp_send_action_frame
[0m
DPP: Mgmt Tx - MAC:21:22:33:44:55:55, Channel-6, WaitT-1000[esp_dpp_rx_frm()] : ret = 0
D (12506) event: running post WIFI_EVENT:19 with handler 0x4200b5b0 and context 0x3fca966c on loop 0x3fca83e0[0m
out esp_dpp_rx_frm()--------------------
D (12516) event: running post WIFI_EVENT:19 with handler 0x42015c28 and context 0x3fcb588c on loop 0x3fca83e0[0m
Event ID: 2
D (12536) wpa: Mgmt Tx Status - 0, Cookie - 0x42015488[0m
D (12536) wpa: DPP: Rx Public Action frame: action - 9[0m
dpp listen is end
in esp_dpp_rx_frm()--------------------
[esp_dpp_rx_frm()]: type = 2
D (12556) wpa: DPP: Authentication Confirmation from 21:22:33:44:55:55[0m
D (12556) wpa: ELOOP: esp_dpp_rx_auth_conf:285 called to remove timer handler=0x42015434, removed count=0[0m
esp_dpp.c: Called dpp_auth_conf_rx
D (12576) wpa: Called dpp_auth_conf_rx
[0m
D (12576) wpa: DPP: Wrapped data - hexdump(len=52):[0m
D (12586) wpa: 1c 3c 07 80 f6 3e dd cb 9b 95 7a 26 fb e7 59 5d [0m
D (12586) wpa: 59 42 11 8b 28 66 32 7f a8 a3 08 c7 e3 19 58 ba [0m
D (12596) wpa: 2a 96 22 50 c0 e4 83 da 1b 8a 3b 1b 2f c6 ab dd [0m
D (12596) wpa: 0e f4 33 90 [0m
D (12606) wpa: DPP: Responder Bootstrapping Key Hash - hexdump(len=32):[0m
D (12606) wpa: 52 44 bf cb 85 e9 66 78 80 15 2f 43 9c 61 08 69 [0m
D (12616) wpa: 94 9a 1c a2 e7 be 6f 4e 3d 9f f1 5f 24 b1 05 6f [0m
D (12626) wpa: DPP: Status 0[0m
D (12626) wpa: DDP: AES-SIV AD[0] - hexdump(len=6):[0m
D (12626) wpa: 50 6f 9a 1a 01 02 [0m
D (12636) wpa: DDP: AES-SIV AD[1] - hexdump(len=41):[0m
D (12636) wpa: 00 10 01 00 00 02 10 20 00 52 44 bf cb 85 e9 66 [0m
D (12646) wpa: 78 80 15 2f 43 9c 61 08 69 94 9a 1c a2 e7 be 6f [0m
D (12646) wpa: 4e 3d 9f f1 5f 24 b1 05 6f [0m
D (12656) wpa: DPP: AES-SIV ciphertext - hexdump(len=52):[0m
D (12656) wpa: 1c 3c 07 80 f6 3e dd cb 9b 95 7a 26 fb e7 59 5d [0m
D (12666) wpa: 59 42 11 8b 28 66 32 7f a8 a3 08 c7 e3 19 58 ba [0m
D (12676) wpa: 2a 96 22 50 c0 e4 83 da 1b 8a 3b 1b 2f c6 ab dd [0m
D (12676) wpa: 0e f4 33 90 [0m
D (12686) wpa: DPP: AES-SIV cleartext - hexdump(len=36):[0m
D (12686) wpa: 0a 10 20 00 3f b3 17 b7 fc 62 b3 aa b3 65 38 84 [0m
D (12696) wpa: 2d d0 1d cd 0f 6d 6d be d5 b6 40 bf c2 3a d6 8d [0m
D (12696) wpa: eb 1b d0 bc [0m
D (12696) wpa: DPP: Received Initiator Authenticating Tag - hexdump(len=32):[0m
D (12706) wpa: 3f b3 17 b7 fc 62 b3 aa b3 65 38 84 2d d0 1d cd [0m
D (12716) wpa: 0f 6d 6d be d5 b6 40 bf c2 3a d6 8d eb 1b d0 bc [0m
D (12716) wpa: DPP: I-auth hash components[0m
D (12726) wpa: DPP: hash component - hexdump(len=16):[0m
D (12726) wpa: 16 ae 26 15 72 54 ae 33 b7 7c 41 b5 6e 26 23 26 [0m
D (12736) wpa: DPP: hash component - hexdump(len=16):[0m
D (12736) wpa: 13 f4 60 2a 16 da eb 69 71 22 63 b9 c4 6c ba 31 [0m
D (12746) wpa: DPP: hash component - hexdump(len=32):[0m
D (12756) wpa: 75 8d d9 a3 a1 1d 7b 6e 3d 3f 47 97 f1 68 75 ed [0m
D (12756) wpa: 26 c1 bd 13 62 58 28 26 98 22 f2 fc e4 ae 4b 8a [0m
D (12766) wpa: DPP: hash component - hexdump(len=32):[0m
D (12766) wpa: 50 a5 32 ae 2a 07 20 72 76 41 8d 2f a6 30 29 5d [0m
D (12776) wpa: 45 56 9b e4 25 aa 63 4f 02 01 4d 00 a7 d1 f6 1a [0m
D (12776) wpa: DPP: hash component - hexdump(len=32):[0m
D (12786) wpa: 53 18 a3 e3 ba e0 98 64 15 20 fd da 32 6c 87 64 [0m
D (12796) wpa: 9f c3 6b 19 72 17 ed a5 8b 9b 4e a1 f6 2c c2 71 [0m
D (12796) wpa: DPP: hash component - hexdump(len=1):[0m
D (12806) wpa: 01 [0m
D (12806) wpa: DPP: I-auth - hexdump(len=32):[0m
D (12806) wpa: 3f b3 17 b7 fc 62 b3 aa b3 65 38 84 2d d0 1d cd [0m
D (12816) wpa: 0f 6d 6d be d5 b6 40 bf c2 3a d6 8d eb 1b d0 bc [0m
D (12816) wpa: DPP: Calculated Initiator Authenticating Tag - hexdump(len=32):[0m
D (12826) wpa: 3f b3 17 b7 fc 62 b3 aa b3 65 38 84 2d d0 1d cd [0m
D (12836) wpa: 0f 6d 6d be d5 b6 40 bf c2 3a d6 8d eb 1b d0 bc [0m
D (12836) wpa: DPP: Authentication success - clear temporary keys[0m
D (12846) wpa: DPP: Build configuration request[0m
D (12846) wpa: DPP: E-nonce - hexdump(len=16):[0m
D (12856) wpa: f8 e9 53 1a 5f cb 18 e5 eb b3 2f 8d 76 12 89 93 [0m
D (12866) wpa: DPP: configRequest JSON - hexdump(len=71):[0m
D (12866) wpa: 7b 22 6e 61 6d 65 22 3a 22 54 65 73 74 22 2c 22 [0m
D (12876) wpa: 77 69 2d 66 69 5f 74 65 63 68 22 3a 22 69 6e 66 [0m
D (12876) wpa: 72 61 22 2c 22 6e 65 74 52 6f 6c 65 22 3a 22 73 [0m
D (12886) wpa: 74 61 22 2c 22 62 61 6e 64 53 75 70 70 6f 72 74 [0m
D (12886) wpa: 22 3a 5b 38 31 5d 7d [0m
D (12896) wpa: DPP: AES-SIV cleartext - hexdump(len=95):[0m
D (12896) wpa: 14 10 10 00 f8 e9 53 1a 5f cb 18 e5 eb b3 2f 8d [0m
D (12906) wpa: 76 12 89 93 0e 10 47 00 7b 22 6e 61 6d 65 22 3a [0m
D (12916) wpa: 22 54 65 73 74 22 2c 22 77 69 2d 66 69 5f 74 65 [0m
D (12916) wpa: 63 68 22 3a 22 69 6e 66 72 61 22 2c 22 6e 65 74 [0m
D (12926) wpa: 52 6f 6c 65 22 3a 22 73 74 61 22 2c 22 62 61 6e [0m
D (12926) wpa: 64 53 75 70 70 6f 72 74 22 3a 5b 38 31 5d 7d [0m
D (12936) wpa: DPP: AES-SIV ciphertext - hexdump(len=111):[0m
D (12946) wpa: f0 bd 02 78 7e f2 00 eb 2e 50 87 ff 92 d1 ab 7c [0m
D (12946) wpa: 95 21 a5 64 f3 c0 f6 00 c1 4d a4 82 7d 46 ca 65 [0m
D (12956) wpa: 64 c1 7b d7 6e fe db 7e 0d 18 bd e3 b4 61 72 99 [0m
D (12956) wpa: 47 0e dd 66 e7 91 11 5c e3 f7 75 8a 2c 6b b1 1d [0m
D (12966) wpa: f5 63 26 7d 82 65 a2 74 c4 d2 75 91 72 c0 79 07 [0m
D (12966) wpa: ea 23 87 b8 42 a9 a2 8e 11 49 80 b2 ef 7f 01 39 [0m
D (12976) wpa: 59 b9 aa 9c 9a d1 80 3e eb 1e a9 23 b5 3f 98 [0m
D (12986) wpa: DPP: Configuration Request frame attributes - hexdump(len=115):[0m
D (12986) wpa: 04 10 6f 00 f0 bd 02 78 7e f2 00 eb 2e 50 87 ff [0m
D (12996) wpa: 92 d1 ab 7c 95 21 a5 64 f3 c0 f6 00 c1 4d a4 82 [0m
D (13006) wpa: 7d 46 ca 65 64 c1 7b d7 6e fe db 7e 0d 18 bd e3 [0m
D (13006) wpa: b4 61 72 99 47 0e dd 66 e7 91 11 5c e3 f7 75 8a [0m
D (13016) wpa: 2c 6b b1 1d f5 63 26 7d 82 65 a2 74 c4 d2 75 91 [0m
D (13016) wpa: 72 c0 79 07 ea 23 87 b8 42 a9 a2 8e 11 49 80 b2 [0m
D (13026) wpa: ef 7f 01 39 59 b9 aa 9c 9a d1 80 3e eb 1e a9 23 [0m
D (13036) wpa: b5 3f 98 [0m
D (13036) wpa: DPP: GAS request to 21:22:33:44:55:55 (chan 6)[0m
D (13036) wpa: Called esp_dpp_send_action_frame
[0m
DPP: Mgmt Tx - MAC:21:22:33:44:55:55, Channel-6, WaitT-1000[esp_dpp_rx_frm()] : ret = 0
D (13046) event: running post WIFI_EVENT:19 with handler 0x4200b5b0 and context 0x3fca966c on loop 0x3fca83e0[0m
out esp_dpp_rx_frm()--------------------
D (13066) event: running post WIFI_EVENT:19 with handler 0x42015c28 and context 0x3fcb588c on loop 0x3fca83e0[0m
Event ID: 2
D (13076) wpa: Mgmt Tx Status - 0, Cookie - 0x42015488[0m
D (13076) wpa: DPP: Rx Public Action frame: action - 9[0m
dpp listen is end
in esp_dpp_rx_frm()--------------------
[esp_dpp_rx_frm()]: type = 2
D (13096) wpa: DPP: Authentication Confirmation from 21:22:33:44:55:55[0m
D (13106) wpa: ELOOP: esp_dpp_rx_auth_conf:285 called to remove timer handler=0x42015434, removed count=0[0m
esp_dpp.c: Called dpp_auth_conf_rx
D (13116) wpa: Called dpp_auth_conf_rx
[0m
D (13116) wpa: DPP: Wrapped data - hexdump(len=52):[0m
D (13126) wpa: 1c 3c 07 80 f6 3e dd cb 9b 95 7a 26 fb e7 59 5d [0m
D (13126) wpa: 59 42 11 8b 28 66 32 7f a8 a3 08 c7 e3 19 58 ba [0m
D (13136) wpa: 2a 96 22 50 c0 e4 83 da 1b 8a 3b 1b 2f c6 ab dd [0m
D (13146) wpa: 0e f4 33 90 [0m
D (13146) wpa: DPP: Responder Bootstrapping Key Hash - hexdump(len=32):[0m
D (13156) wpa: 52 44 bf cb 85 e9 66 78 80 15 2f 43 9c 61 08 69 [0m
D (13156) wpa: 94 9a 1c a2 e7 be 6f 4e 3d 9f f1 5f 24 b1 05 6f [0m
D (13166) wpa: DPP: Status 0[0m
D (13166) wpa: DDP: AES-SIV AD[0] - hexdump(len=6):[0m
D (13176) wpa: 50 6f 9a 1a 01 02 [0m
D (13176) wpa: DDP: AES-SIV AD[1] - hexdump(len=41):[0m
D (13176) wpa: 00 10 01 00 00 02 10 20 00 52 44 bf cb 85 e9 66 [0m
D (13186) wpa: 78 80 15 2f 43 9c 61 08 69 94 9a 1c a2 e7 be 6f [0m
D (13196) wpa: 4e 3d 9f f1 5f 24 b1 05 6f [0m
D (13196) wpa: DPP: AES-SIV ciphertext - hexdump(len=52):[0m
D (13206) wpa: 1c 3c 07 80 f6 3e dd cb 9b 95 7a 26 fb e7 59 5d [0m
D (13206) wpa: 59 42 11 8b 28 66 32 7f a8 a3 08 c7 e3 19 58 ba [0m
D (13216) wpa: 2a 96 22 50 c0 e4 83 da 1b 8a 3b 1b 2f c6 ab dd [0m
D (13216) wpa: 0e f4 33 90 [0m
D (13226) wpa: DPP: AES-SIV cleartext - hexdump(len=36):[0m
D (13226) wpa: 0a 10 20 00 3f b3 17 b7 fc 62 b3 aa b3 65 38 84 [0m
D (13236) wpa: 2d d0 1d cd 0f 6d 6d be d5 b6 40 bf c2 3a d6 8d [0m
D (13236) wpa: eb 1b d0 bc [0m
D (13246) wpa: DPP: Received Initiator Authenticating Tag - hexdump(len=32):[0m
D (13246) wpa: 3f b3 17 b7 fc 62 b3 aa b3 65 38 84 2d d0 1d cd [0m
D (13256) wpa: 0f 6d 6d be d5 b6 40 bf c2 3a d6 8d eb 1b d0 bc [0m
D (13266) wpa: DPP: I-auth hash components[0m
D (13266) wpa: DPP: hash component - hexdump(len=16):[0m
D (13266) wpa: 16 ae 26 15 72 54 ae 33 b7 7c 41 b5 6e 26 23 26 [0m
D (13276) wpa: DPP: hash component - hexdump(len=16):[0m
D (13286) wpa: 13 f4 60 2a 16 da eb 69 71 22 63 b9 c4 6c ba 31 [0m
D (13286) wpa: DPP: hash component - hexdump(len=32):[0m
D (13296) wpa: 75 8d d9 a3 a1 1d 7b 6e 3d 3f 47 97 f1 68 75 ed [0m
D (13296) wpa: 26 c1 bd 13 62 58 28 26 98 22 f2 fc e4 ae 4b 8a [0m
D (13306) wpa: DPP: hash component - hexdump(len=32):[0m
D (13306) wpa: 50 a5 32 ae 2a 07 20 72 76 41 8d 2f a6 30 29 5d [0m
D (13316) wpa: 45 56 9b e4 25 aa 63 4f 02 01 4d 00 a7 d1 f6 1a [0m
D (13326) wpa: DPP: hash component - hexdump(len=32):[0m
D (13326) wpa: 53 18 a3 e3 ba e0 98 64 15 20 fd da 32 6c 87 64 [0m
D (13336) wpa: 9f c3 6b 19 72 17 ed a5 8b 9b 4e a1 f6 2c c2 71 [0m
D (13336) wpa: DPP: hash component - hexdump(len=1):[0m
D (13346) wpa: 01 [0m
D (13346) wpa: DPP: I-auth - hexdump(len=32):[0m
D (13346) wpa: 3f b3 17 b7 fc 62 b3 aa b3 65 38 84 2d d0 1d cd [0m
D (13356) wpa: 0f 6d 6d be d5 b6 40 bf c2 3a d6 8d eb 1b d0 bc [0m
D (13366) wpa: DPP: Calculated Initiator Authenticating Tag - hexdump(len=32):[0m
D (13366) wpa: 3f b3 17 b7 fc 62 b3 aa b3 65 38 84 2d d0 1d cd [0m
D (13376) wpa: 0f 6d 6d be d5 b6 40 bf c2 3a d6 8d eb 1b d0 bc [0m
D (13386) wpa: DPP: Authentication success - clear temporary keys[0m
D (13386) wpa: DPP: Build configuration request[0m
D (13396) wpa: DPP: E-nonce - hexdump(len=16):[0m
D (13396) wpa: 94 17 42 93 ea 16 ee b9 de 5f 55 91 6a 9b a4 4f [0m
D (13406) wpa: DPP: configRequest JSON - hexdump(len=71):[0m
D (13406) wpa: 7b 22 6e 61 6d 65 22 3a 22 54 65 73 74 22 2c 22 [0m
D (13416) wpa: 77 69 2d 66 69 5f 74 65 63 68 22 3a 22 69 6e 66 [0m
D (13416) wpa: 72 61 22 2c 22 6e 65 74 52 6f 6c 65 22 3a 22 73 [0m
D (13426) wpa: 74 61 22 2c 22 62 61 6e 64 53 75 70 70 6f 72 74 [0m
D (13436) wpa: 22 3a 5b 38 31 5d 7d [0m
D (13436) wpa: DPP: AES-SIV cleartext - hexdump(len=95):[0m
D (13446) wpa: 14 10 10 00 94 17 42 93 ea 16 ee b9 de 5f 55 91 [0m
D (13446) wpa: 6a 9b a4 4f 0e 10 47 00 7b 22 6e 61 6d 65 22 3a [0m
D (13456) wpa: 22 54 65 73 74 22 2c 22 77 69 2d 66 69 5f 74 65 [0m
D (13456) wpa: 63 68 22 3a 22 69 6e 66 72 61 22 2c 22 6e 65 74 [0m
D (13466) wpa: 52 6f 6c 65 22 3a 22 73 74 61 22 2c 22 62 61 6e [0m
D (13476) wpa: 64 53 75 70 70 6f 72 74 22 3a 5b 38 31 5d 7d [0m
D (13476) wpa: DPP: AES-SIV ciphertext - hexdump(len=111):[0m
D (13486) wpa: 67 a2 3b e0 40 9d 81 d2 50 6b 5e 36 fb 30 23 22 [0m
D (13486) wpa: 3b ec a8 c4 f5 d1 fe fc 0e ee 0d d0 8b 52 c1 ce [0m
D (13496) wpa: 29 96 e9 46 9e dd 6d 7b e8 22 e0 d7 0a c6 e1 5b [0m
D (13506) wpa: fe 05 4e 27 d1 24 ed 94 16 6a 92 aa c9 f5 41 7f [0m
D (13506) wpa: 8a 38 33 10 db 0d aa 3e de a5 d6 45 ee 21 20 51 [0m
D (13516) wpa: 37 ec 7b e2 13 ef 14 9d 99 57 43 3c 23 82 d8 19 [0m
D (13516) wpa: 73 4d 0d e7 05 b6 5d de a6 ed aa 13 8c c5 45 [0m
D (13526) wpa: DPP: Configuration Request frame attributes - hexdump(len=115):[0m
D (13536) wpa: 04 10 6f 00 67 a2 3b e0 40 9d 81 d2 50 6b 5e 36 [0m
D (13536) wpa: fb 30 23 22 3b ec a8 c4 f5 d1 fe fc 0e ee 0d d0 [0m
D (13546) wpa: 8b 52 c1 ce 29 96 e9 46 9e dd 6d 7b e8 22 e0 d7 [0m
D (13546) wpa: 0a c6 e1 5b fe 05 4e 27 d1 24 ed 94 16 6a 92 aa [0m
D (13556) wpa: c9 f5 41 7f 8a 38 33 10 db 0d aa 3e de a5 d6 45 [0m
D (13566) wpa: ee 21 20 51 37 ec 7b e2 13 ef 14 9d 99 57 43 3c [0m
D (13566) wpa: 23 82 d8 19 73 4d 0d e7 05 b6 5d de a6 ed aa 13 [0m
D (13576) wpa: 8c c5 45 [0m
D (13576) wpa: DPP: GAS request to 21:22:33:44:55:55 (chan 6)[0m
D (13586) wpa: Called esp_dpp_send_action_frame
[0m
DPP: Mgmt Tx - MAC:21:22:33:44:55:55, Channel-6, WaitT-1000[esp_dpp_rx_frm()] : ret = 0
D (13586) event: running post WIFI_EVENT:19 with handler 0x4200b5b0 and context 0x3fca966c on loop 0x3fca83e0[0m
out esp_dpp_rx_frm()--------------------
D (13606) event: running post WIFI_EVENT:19 with handler 0x42015c28 and context 0x3fcb588c on loop 0x3fca83e0[0m
D (13616) wpa: Mgmt Tx Status - 0, Cookie - 0x42015488[0m
changed value s_action_rx_cb = esp_supp_rx_action
evt_id= 2
Event ID: 2
D (14356) wpa: DPP: Sent event 2 to DPP task[0m
D (14356) wpa: DPP: Rx Public Action frame: action - 11[0m
changed value s_action_rx_cb = esp_supp_rx_action
D (14366) wpa: DPP: AES-SIV ciphertext - hexdump(len=140):[0m
evt_id= 2
D (14376) wpa: e4 af 78 d0 64 5d 58 be 40 b1 73 54 39 7a 10 cf [0m
D (14376) wpa: DPP: Sent event 2 to DPP task[0m
D (14376) wpa: 45 fd 3f b9 d6 e1 43 28 ad 6f 40 00 e1 ac 60 75 [0m
changed value s_action_rx_cb = esp_supp_rx_action
D (14386) wpa: a8 31 56 6e f5 b2 1f 2e 7a cc c6 49 f8 54 78 a1 [0m
evt_id= 2
D (14396) wpa: 11 45 47 5d f2 c1 0e a5 14 28 2b 54 43 11 2b af [0m
D (14406) wpa: DPP: Sent event 2 to DPP task[0m
D (14406) wpa: 04 01 a7 5b e5 91 ac f1 7a 8a 0f e7 53 1f f6 f6 [0m
changed value s_action_rx_cb = esp_supp_rx_action
D (14416) wpa: 23 b4 57 4b ed e0 43 d2 5a 9e a3 27 72 70 5b fb [0m
evt_id= 2
D (14426) wpa: 67 ab c6 fa dd 33 1d 65 1f 7a db 04 ae 7b fc f7 [0m
D (14426) wpa: DPP: Sent event 2 to DPP task[0m
D (14436) wpa: d0 dc 67 78 b5 56 04 f6 8f 2c d2 a4 ba 5e c5 3d [0m
changed value s_action_rx_cb = esp_supp_rx_action
D (14446) wpa: 5d 6e 21 72 e6 63 57 48 ab eb fe ac [0m
evt_id= 2
D (14456) wpa: DDP: AES-SIV AD - hexdump(len=5):[0m
D (14456) wpa: 00 10 01 00 00 [0m
[0;31mE (14466) wpa: DPP: Failed to send event 2 to DPP task[0m
D (14466) wpa: DPP: AES-SIV cleartext - hexdump(len=124):[0m
[0;31mE (14466) wpa: Failed to post event to DPP Task(status=12439)[0m
D (14476) wpa: 14 10 10 00 94 17 42 93 ea 16 ee b9 de 5f 55 91 [0m
changed value s_action_rx_cb = esp_supp_rx_action
D (14486) wpa: 6a 9b a4 4f 0c 10 64 00 7b 22 77 69 2d 66 69 5f [0m
evt_id= 2
D (14496) wpa: 74 65 63 68 22 3a 22 69 6e 66 72 61 22 2c 22 64 [0m
[0;31mE (14506) wpa: DPP: Failed to send event 2 to DPP task[0m
D (14506) wpa: 69 73 63 6f 76 65 72 79 22 3a 7b 22 73 73 69 64 [0m
[0;31mE (14506) wpa: Failed to post event to DPP Task(status=12439)[0m
D (14516) wpa: 22 3a 22 6e 6f 6d 6c 61 62 41 50 2d 47 22 7d 2c [0m
changed value s_action_rx_cb = esp_supp_rx_action
D (14526) wpa: 22 63 72 65 64 22 3a 7b 22 61 6b 6d 22 3a 22 70 [0m
evt_id= 2
D (14536) wpa: 73 6b 22 2c 22 70 61 73 73 22 3a 22 74 61 6e 69 [0m
[0;31mE (14546) wpa: DPP: Failed to send event 2 to DPP task[0m
D (14546) wpa: 5f 6e 6f 6d 5f 31 31 62 67 22 7d 7d [0m
[0;31mE (14556) wpa: Failed to post event to DPP Task(status=12439)[0m
D (14556) wpa: DPP: Enrollee Nonce - hexdump(len=16):[0m
changed value s_action_rx_cb = esp_supp_rx_action
D (14566) wpa: 94 17 42 93 ea 16 ee b9 de 5f 55 91 6a 9b a4 4f [0m
evt_id= 2
D (14576) wpa: DPP: Status 0[0m
[0;31mE (14586) wpa: DPP: Failed to send event 2 to DPP task[0m
D (14586) wpa: DPP: configurationObject JSON - hexdump(len=100):[0m
[0;31mE (14586) wpa: Failed to post event to DPP Task(status=12439)[0m
D (14596) wpa: 7b 22 77 69 2d 66 69 5f 74 65 63 68 22 3a 22 69 [0m
changed value s_action_rx_cb = esp_supp_rx_action
D (14606) wpa: 6e 66 72 61 22 2c 22 64 69 73 63 6f 76 65 72 79 [0m
evt_id= 2
D (14616) wpa: 22 3a 7b 22 73 73 69 64 22 3a 22 6e 6f 6d 6c 61 [0m
[0;31mE (14626) wpa: DPP: Failed to send event 2 to DPP task[0m
D (14626) wpa: 62 41 50 2d 47 22 7d 2c 22 63 72 65 64 22 3a 7b [0m
[0;31mE (14626) wpa: Failed to post event to DPP Task(status=12439)[0m
D (14636) wpa: 22 61 6b 6d 22 3a 22 70 73 6b 22 2c 22 70 61 73 [0m
changed value s_action_rx_cb = esp_supp_rx_action
D (14646) wpa: 73 22 3a 22 74 61 6e 69 5f 6e 6f 6d 5f 31 31 62 [0m
evt_id= 2
D (14656) wpa: 67 22 7d 7d [0m
[0;31mE (14666) wpa: DPP: Failed to send event 2 to DPP task[0m
D (14666) wpa: DPP: discovery::ssid - hexdump(len=10):[0m
[0;31mE (14666) wpa: Failed to post event to DPP Task(status=12439)[0m
D (14676) wpa: 6e 6f 6d 6c 61 62 41 50 2d 47 [0m
changed value s_action_rx_cb = esp_supp_rx_action
D (14686) wpa: DPP: Legacy akm=psk credential[0m
evt_id= 2
D (14696) wpa: DPP: Legacy passphrase - hexdump(len=13):[0m
D (14696) wpa: 74 61 6e 69 5f 6e 6f 6d 5f 31 31 62 67 [0m
[0;31mE (14706) wpa: DPP: Failed to send event 2 to DPP task[0m
D (14706) wpa: DPP: JSON parsing completed successfully[0m
[0;31mE (14716) wpa: Failed to post event to DPP Task(status=12439)[0m
changed value s_action_rx_cb = esp_supp_rx_action
evt_id= 2
[0;31mE (14736) wpa: DPP: Failed to send event 2 to DPP task[0m
[0;31mE (14736) wpa: Failed to post event to DPP Task(status=12439)[0m
D (14746) wifi:clear blacklist
D (14746) nvs: nvs_get_str_or_blob sta.ssid[0m
D (14746) nvs: nvs_get sta.pmf_e 1[0m
[0;32mI (14756) wifi dpp-enrollee: DPP Authentication successful, connecting to AP : nomlabAP-G[0m
D (14756) wifi:Start wifi connect
D (14766) wifi:connect status 0 -> 0
D (14766) wifi:connect chan=0
D (14766) wifi:first chan=13
D (14776) wifi:connect status 0 -> 1
D (14776) wifi:filter: set rx policy=3
D (14776) wifi:clear scan ap list
D (14786) wifi:start scan: type=0x50f, priority=2, cb=0x4205b408, arg=0x0, ss_state=0x1, time=14786761, index=0
D (14796) wifi:perform scan: ss_state=0x9, chan<13,0>, dur<360,360>
Event ID: 2
D (14796) wpa: DPP: Rx Public Action frame: action - 11[0m
D (14806) wpa: DPP: AES-SIV ciphertext - hexdump(len=140):[0m
D (14806) wpa: e4 af 78 d0 64 5d 58 be 40 b1 73 54 39 7a 10 cf [0m
D (14816) wpa: 45 fd 3f b9 d6 e1 43 28 ad 6f 40 00 e1 ac 60 75 [0m
D (14826) wpa: a8 31 56 6e f5 b2 1f 2e 7a cc c6 49 f8 54 78 a1 [0m
D (14826) wpa: 11 45 47 5d f2 c1 0e a5 14 28 2b 54 43 11 2b af [0m
D (14836) wpa: 04 01 a7 5b e5 91 ac f1 7a 8a 0f e7 53 1f f6 f6 [0m
D (14836) wpa: 23 b4 57 4b ed e0 43 d2 5a 9e a3 27 72 70 5b fb [0m
D (14846) wpa: 67 ab c6 fa dd 33 1d 65 1f 7a db 04 ae 7b fc f7 [0m
D (14856) wpa: d0 dc 67 78 b5 56 04 f6 8f 2c d2 a4 ba 5e c5 3d [0m
D (14856) wifi:rsn valid: gcipher=3 ucipher=3 akm=5 mac=2e:80:88:d8:61:a5D (14856) wpa: 5d 6e 21 72 e6 63 57 48 ab eb fe ac [0m

D (14866) wpa: DDP: AES-SIV AD - hexdump(len=5):[0m
[0;32mI (14866) wpa: BSS: Add new id 0 BSSID 2e:80:88:d8:61:a5 SSID 'nomlabAP-G' chan 13[0m
D (14876) wpa: 00 10 01 00 00 [0m
D (14886) wifi:profile match: ss_state=0x7
D (14886) wpa: DPP: AES-SIV cleartext - hexdump(len=124):[0m
D (14886) wifi:scan end: arg=0x0, status=0, ss_state=0x7
D (14896) wpa: 14 10 10 00 94 17 42 93 ea 16 ee b9 de 5f 55 91 [0m
D (14896) wifi:find first mathched ssid, scan done
D (14906) wpa: 6a 9b a4 4f 0c 10 64 00 7b 22 77 69 2d 66 69 5f [0m
D (14906) wifi:filter: set rx policy=4
D (14916) wpa: 74 65 63 68 22 3a 22 69 6e 66 72 61 22 2c 22 64 [0m
D (14916) wifi:first chan=1
D (14926) wpa: 69 73 63 6f 76 65 72 79 22 3a 7b 22 73 73 69 64 [0m
D (14926) wifi:handoff_cb: status=0
D (14936) wpa: 22 3a 22 6e 6f 6d 6c 61 62 41 50 2d 47 22 7d 2c [0m
D (14936) wifi:ap found, mac=2e:80:88:d8:61:a5D (14946) wpa: 22 63 72 65 64 22 3a 7b 22 61 6b 6d 22 3a 22 70 [0m

D (14956) wpa: 73 6b 22 2c 22 70 61 73 73 22 3a 22 74 61 6e 69 [0m
D (14956) wifi:going for connection with bssid=2e:80:88:d8:61:a5D (14956) wpa: 5f 6e 6f 6d 5f 31 31 62 67 22 7d 7d [0m

D (14966) wpa: DPP: Enrollee Nonce - hexdump(len=16):[0m
D (14966) wifi:new_bss=0x3fc9f998, cur_bss=0x0, new_chan=<13,2>, cur_chan=1
D (14976) wpa: 94 17 42 93 ea 16 ee b9 de 5f 55 91 6a 9b a4 4f [0m
D (14986) wifi:D (14986) wpa: DPP: Status 0[0m
filter: set rx policy=5D (14996) wpa: DPP: configurationObject JSON - hexdump(len=100):[0m

D (14996) wpa: WPA: set AP RSNXE - hexdump(len=0):[0m
D (14996) wpa: 7b 22 77 69 2d 66 69 5f 74 65 63 68 22 3a 22 69 [0m
D (15006) wpa:  [NULL][0m
D (15006) wpa: 6e 66 72 61 22 2c 22 64 69 73 63 6f 76 65 72 79 [0m
I (15016) wifi:new:<13,2>, old:<1,0>, ap:<255,255>, sta:<13,2>, prof:1, snd_ch_cfg:0x0D (15016) wpa: 22 3a 7b 22 73 73 69 64 22 3a 22 6e 6f 6d 6c 61 [0m

D (15036) wpa: 62 41 50 2d 47 22 7d 2c 22 63 72 65 64 22 3a 7b [0m
D (15036) wifi:connect_op: status=0, auth=5, cipher=3 
D (15036) wpa: 22 61 6b 6d 22 3a 22 70 73 6b 22 2c 22 70 61 73 [0m
D (15046) wifi:auth mode is not none
D (15046) wpa: 73 22 3a 22 74 61 6e 69 5f 6e 6f 6d 5f 31 31 62 [0m
D (15056) wifi:D (15056) wpa: 67 22 7d 7d [0m
connect_bss: auth=1, reconnect=0
D (15066) wpa: DPP: discovery::ssid - hexdump(len=10):[0m
I (15066) wifi:state: init -> auth (0xb0)D (15076) wpa: 6e 6f 6d 6c 61 62 41 50 2d 47 [0m

D (15076) wpa: DPP: Legacy akm=psk credential[0m
D (15076) wifi:start 1s AUTH timerD (15086) wpa: DPP: Legacy passphrase - hexdump(len=13):[0m

D (15096) wpa: 74 61 6e 69 5f 6e 6f 6d 5f 31 31 62 67 [0m
D (15096) wifi:clear scan ap listD (15096) wpa: DPP: JSON parsing completed successfully[0m

D (15106) wifi:clear blacklist
D (15106) nvs: nvs_get_str_or_blob sta.ssid[0m
D (15116) nvs: nvs_get sta.pmf_e 1[0m
[0;32mI (15116) wifi dpp-enrollee: DPP Authentication successful, connecting to AP : nomlabAP-G[0m
D (15116) wifi:recv auth: seq=2, status=0
I (15126) wifi:state: auth -> assoc (0x0)
D (15136) wifi:restart connect 1s timer for assoc
D (15136) wifi:Start wifi connect
E (15136) wifi:sta is connecting, return error
D (15146) wifi:clear blacklist
D (15146) nvs: nvs_get_str_or_blob sta.ssid[0m
D (15156) nvs: nvs_get sta.pmf_e 1[0m
[0;32mI (15156) wifi dpp-enrollee: DPP Authentication successful, connecting to AP : nomlabAP-G[0m
D (15156) wifi:recv assoc: type=0x10
D (15166) wifi:filter: set rx policy=6
I (15166) wifi:state: assoc -> run (0x10)
D (15176) wifi:start 10s connect timer for 4 way handshake
D (15176) wpa: WPA: Association event - clear replay counter[0m
D (15186) wpa: WPA: Clear old PTK[0m
D (15186) wifi:Start wifi connect
E (15196) wifi:sta is connecting, return error
Event ID: 2
D (15196) wpa: IEEE 802.1X RX: version=2 type=3 length=95[0m
D (15206) wpa:   EAPOL-Key type=2[0m
D (15196) wpa: DPP: Rx Public Action frame: action - 11[0m
D (15206) wpa:   key_info 0x8a (ver=2 keyidx=0 rsvd=0 Pairwise Ack)[0m
D (15216) wpa:   key_length=16 key_data_length=0[0m
D (15206) wpa: DPP: AES-SIV ciphertext - hexdump(len=140):[0m
D (15226) wpa:   replay_counter - hexdump(len=8):[0m
D (15236) wpa: 00 00 00 00 00 00 00 01 [0m
D (15226) wpa: e4 af 78 d0 64 5d 58 be 40 b1 73 54 39 7a 10 cf [0m
D (15236) wpa:   key_nonce - hexdump(len=32):[0m
D (15246) wpa: da fe 8d 46 4a fc f8 ad 4f 31 79 f1 44 2d cb ab [0m
D (15246) wpa: 45 fd 3f b9 d6 e1 43 28 ad 6f 40 00 e1 ac 60 75 [0m
D (15256) wpa: e3 2e a5 ed 4f d3 77 1a ce 77 83 3d e6 45 b4 60 [0m
D (15266) wpa:   key_iv - hexdump(len=16):[0m
D (15256) wpa: a8 31 56 6e f5 b2 1f 2e 7a cc c6 49 f8 54 78 a1 [0m
D (15266) wpa: 00 00 00 00 00 00 00 00 00 00 00 00 00 00 00 00 [0m
D (15276) wpa:   key_rsc - hexdump(len=8):[0m
D (15276) wpa: 11 45 47 5d f2 c1 0e a5 14 28 2b 54 43 11 2b af [0m
D (15286) wpa: 00 00 00 00 00 00 00 00 [0m
D (15296) wpa:   key_id (reserved) - hexdump(len=8):[0m
D (15286) wpa: 04 01 a7 5b e5 91 ac f1 7a 8a 0f e7 53 1f f6 f6 [0m
D (15296) wpa: 00 00 00 00 00 00 00 00 [0m
D (15306) wpa:   key_mic - hexdump(len=16):[0m
D (15306) wpa: 23 b4 57 4b ed e0 43 d2 5a 9e a3 27 72 70 5b fb [0m
D (15316) wpa: 00 00 00 00 00 00 00 00 00 00 00 00 00 00 00 00 [0m
D (15326) wpa: WPA 1/4-Way Handshake[0m
D (15316) wpa: 67 ab c6 fa dd 33 1d 65 1f 7a db 04 ae 7b fc f7 [0m
D (15326) wpa: RSN: msg 1/4 key data - hexdump(len=0):[0m
D (15336) wpa: WPA: Renewed SNonce - hexdump(len=32):[0m
D (15336) wpa: d0 dc 67 78 b5 56 04 f6 8f 2c d2 a4 ba 5e c5 3d [0m
D (15346) wpa: 41 f0 12 ef 25 c6 ed 81 20 9a ce c8 16 f2 a0 0e [0m
D (15356) wpa: 04 9d c5 11 5e cc d6 b5 f3 ff e0 76 60 b5 c0 e1 [0m
D (15356) wpa: 5d 6e 21 72 e6 63 57 48 ab eb fe ac [0m
D (15366) wpa: WPA: PTK derivation - A1=48:27:e2:84:59:18 A2=2e:80:88:d8:61:a5
[0m
D (15376) wpa: WPA: PTK - hexdump(len=48):[0m
D (15366) wpa: DDP: AES-SIV AD - hexdump(len=5):[0m
D (15376) wpa: 2d f0 ef 1e 0e a5 98 a9 36 13 69 b9 31 76 da 78 [0m
D (15386) wpa: d2 80 7b 87 cf 2d 2b 8a 9a 0b 57 f4 4e 24 b5 66 [0m
D (15386) wpa: 00 10 01 00 00 [0m
D (15396) wpa: e4 18 8d 9e 32 bb 72 48 18 c2 2f 2a 52 15 1a 8b [0m
D (15406) wpa: WPA: KCK - hexdump(len=16):[0m
D (15406) wpa: DPP: AES-SIV cleartext - hexdump(len=124):[0m
D (15406) wpa: 2d f0 ef 1e 0e a5 98 a9 36 13 69 b9 31 76 da 78 [0m
D (15426) wpa: WPA: KEK - hexdump(len=16):[0m
D (15416) wpa: 14 10 10 00 94 17 42 93 ea 16 ee b9 de 5f 55 91 [0m
D (15426) wpa: d2 80 7b 87 cf 2d 2b 8a 9a 0b 57 f4 4e 24 b5 66 [0m
D (15436) wpa: WPA: TK - hexdump(len=16):[0m
D (15436) wpa: 6a 9b a4 4f 0c 10 64 00 7b 22 77 69 2d 66 69 5f [0m
D (15446) wpa: e4 18 8d 9e 32 bb 72 48 18 c2 2f 2a 52 15 1a 8b [0m
D (15456) wpa: WPA Send EAPOL-Key 2/4[0m
D (15446) wpa: 74 65 63 68 22 3a 22 69 6e 66 72 61 22 2c 22 64 [0m
D (15456) wpa: WPA: KCK - hexdump(len=16):[0m
D (15466) wpa: 2d f0 ef 1e 0e a5 98 a9 36 13 69 b9 31 76 da 78 [0m
D (15466) wpa: 69 73 63 6f 76 65 72 79 22 3a 7b 22 73 73 69 64 [0m
D (15476) wpa: WPA: Derived Key MIC - hexdump(len=16):[0m
D (15486) wpa: 99 17 35 84 2b ec 7d f5 34 93 25 a4 8b 8b d5 ae [0m
D (15476) wpa: 22 3a 22 6e 6f 6d 6c 61 62 41 50 2d 47 22 7d 2c [0m
D (15496) wpa: 2/4 txcb, flags=0, txfail 0[0m
D (15036) event: running post WIFI_EVENT:41 with handler 0x4200b5b0 and context 0x3fca966c on loop 0x3fca83e0[0m
D (15496) wpa: 22 63 72 65 64 22 3a 7b 22 61 6b 6d 22 3a 22 70 [0m
D (15516) wpa: 73 6b 22 2c 22 70 61 73 73 22 3a 22 74 61 6e 69 [0m
D (15526) wpa: 5f 6e 6f 6d 5f 31 31 62 67 22 7d 7d [0m
D (15526) wpa: DPP: Enrollee Nonce - hexdump(len=16):[0m
D (15536) wpa: 94 17 42 93 ea 16 ee b9 de 5f 55 91 6a 9b a4 4f [0m
D (15536) wpa: DPP: Status 0[0m
D (15546) wpa: DPP: configurationObject JSON - hexdump(len=100):[0m
D (15546) wpa: 7b 22 77 69 2d 66 69 5f 74 65 63 68 22 3a 22 69 [0m
D (15556) wpa: IEEE 802.1X RX: version=2 type=3 length=151[0m
D (15556) wpa: 6e 66 72 61 22 2c 22 64 69 73 63 6f 76 65 72 79 [0m
D (15566) wpa:   EAPOL-Key type=2[0m
D (15566) wpa: 22 3a 7b 22 73 73 69 64 22 3a 22 6e 6f 6d 6c 61 [0m
D (15566) wpa:   key_info 0x13ca (ver=2 keyidx=0 rsvd=0 Pairwise Install Ack MIC Secure Encr)[0m
D (15576) wpa: 62 41 50 2d 47 22 7d 2c 22 63 72 65 64 22 3a 7b [0m
D (15586) wpa:   key_length=16 key_data_length=56[0m
D (15586) wpa: 22 61 6b 6d 22 3a 22 70 73 6b 22 2c 22 70 61 73 [0m
D (15596) wpa:   replay_counter - hexdump(len=8):[0m
D (15596) wpa: 73 22 3a 22 74 61 6e 69 5f 6e 6f 6d 5f 31 31 62 [0m
D (15606) wpa: 00 00 00 00 00 00 00 02 [0m
D (15616) wpa: 67 22 7d 7d [0m
D (15616) wpa:   key_nonce - hexdump(len=32):[0m
D (15616) wpa: DPP: discovery::ssid - hexdump(len=10):[0m
D (15626) wpa: da fe 8d 46 4a fc f8 ad 4f 31 79 f1 44 2d cb ab [0m
D (15626) wpa: 6e 6f 6d 6c 61 62 41 50 2d 47 [0m
D (15636) wpa: e3 2e a5 ed 4f d3 77 1a ce 77 83 3d e6 45 b4 60 [0m
D (15636) wpa: DPP: Legacy akm=psk credential[0m
D (15646) wpa:   key_iv - hexdump(len=16):[0m
D (15646) wpa: DPP: Legacy passphrase - hexdump(len=13):[0m
D (15656) wpa: 00 00 00 00 00 00 00 00 00 00 00 00 00 00 00 00 [0m
D (15656) wpa: 74 61 6e 69 5f 6e 6f 6d 5f 31 31 62 67 [0m
D (15666) wpa:   key_rsc - hexdump(len=8):[0m
D (15666) wpa: DPP: JSON parsing completed successfully[0m
D (15676) wpa: 00 00 00 00 00 00 00 00 [0m
D (15686) wpa:   key_id (reserved) - hexdump(len=8):[0m
D (15686) wpa: 00 00 00 00 00 00 00 00 [0m
D (15696) wpa:   key_mic - hexdump(len=16):[0m
D (15696) wpa: ef 41 31 3b 19 0c 72 fb bf 8d b6 af 39 02 03 7f [0m
D (15706) wpa: RSN: encrypted key data - hexdump(len=56):[0m
D (15706) wpa: 17 92 4f 08 3d b2 bd f2 85 6c 80 a8 89 b0 12 30 [0m
D (15716) wpa: b0 be 87 05 65 9e 8a 22 b3 c7 91 aa 53 f6 06 55 [0m
D (15716) wpa: 3a a7 1d 72 94 ff c2 c7 c7 c3 78 66 3f 34 76 45 [0m
D (15726) wpa: 5a 8e b3 23 b4 4c ce 1d [0m
D (15726) wpa: WPA: decrypted EAPOL-Key key data - hexdump(len=48):[0m
D (15736) wpa: 30 14 01 00 00 0f ac 04 01 00 00 0f ac 04 01 00 [0m
D (15746) wpa: 00 0f ac 02 00 00 dd 16 00 0f ac 01 01 00 12 02 [0m
D (15746) wpa: c5 ac 11 68 62 7d a6 79 55 a6 62 4f a8 bb dd 00 [0m
D (15756) wpa: WPA 3/4-Way Handshake[0m
D (15756) wpa: WPA: RSN IE in EAPOL-Key - hexdump(len=22):[0m
D (15766) wpa: 30 14 01 00 00 0f ac 04 01 00 00 0f ac 04 01 00 [0m
D (15766) wpa: 00 0f ac 02 00 00 [0m
called wpa_parse_generic
D (15776) wpa: WPA: GTK in EAPOL-Key - hexdump(len=24):[0m
D (15776) wpa: dd 16 00 0f ac 01 01 00 12 02 c5 ac 11 68 62 7d [0m
D (15786) wpa: a6 79 55 a6 62 4f a8 bb [0m
D (15786) wpa: WPA: IE KeyData - hexdump(len=48):[0m
D (15796) wpa: 30 14 01 00 00 0f ac 04 01 00 00 0f ac 04 01 00 [0m
D (15796) wpa: 00 0f ac 02 00 00 dd 16 00 0f ac 01 01 00 12 02 [0m
D (15806) wpa: c5 ac 11 68 62 7d a6 79 55 a6 62 4f a8 bb dd 00 [0m
D (15816) wpa: WPA: RSC - hexdump(len=8):[0m
D (15816) wpa: 00 00 00 00 00 00 00 00 [0m
D (15816) wpa: RSN: received GTK in pairwise handshake - hexdump(len=18):[0m
D (15826) wpa: 01 00 12 02 c5 ac 11 68 62 7d a6 79 55 a6 62 4f [0m
D (15836) wpa: a8 bb [0m
D (15836) wpa: tx 4/4 txcb_flags=8192[0m
D (15836) wpa: WPA Send EAPOL-Key 4/4[0m
D (15846) wpa: WPA: KCK - hexdump(len=16):[0m
D (15846) wpa: 2d f0 ef 1e 0e a5 98 a9 36 13 69 b9 31 76 da 78 [0m
D (15856) wpa: WPA: Derived Key MIC - hexdump(len=16):[0m
D (15856) wpa: b2 8a af ab cf d4 ba f3 c4 ff 6b 51 c1 84 32 c7 [0m
D (15866) wifi:clear blacklist
D (15866) nvs: nvs_get_str_or_blob sta.ssid[0m
D (15876) nvs: nvs_get sta.pmf_e 1[0m
[0;32mI (15876) wifi dpp-enrollee: DPP Authentication successful, connecting to AP : nomlabAP-G[0m
D (15876) wpa: WPA: Installing PTK to the driver.[0m
D (15886) wpa: WPA: Group Key - hexdump(len=16):[0m
D (15896) wpa: 12 02 c5 ac 11 68 62 7d a6 79 55 a6 62 4f a8 bb [0m
D (15896) wpa: WPA: Judge GTK: (keyidx=1 len=16).[0m
D (15906) wpa: WPA: Installing GTK to the driver (keyidx=1 tx=0 len=16).[0m
D (15906) wpa: WPA: RSC - hexdump(len=6):[0m
D (15916) wpa: 00 00 00 00 00 00 [0m
D (15916) wpa: WPA: Key negotiation completed with 2e:80:88:d8:61:a5 [PTK=CCMP GTK=CCMP]
[0m
I (15926) wifi:connected with nomlabAP-G, aid = 15, channel 13, 40D, bssid = 2e:80:88:d8:61:a5
I (15936) wifi:security: WPA2-PSK, phy: bgn, rssi: -49
D (15936) wifi:remove all except 2e:80:88:d8:61:a5 from rc list
D (15946) wifi:clear blacklist
D (15946) nvs: nvs_set sta.chan 1 13[0m
D (15956) nvs: nvs_set_blob sta.apinfo 700[0m
D (15956) wifi:filter: set rx policy=7
I (15956) wifi:pm start, type: 1

I (15966) wifi:set rx beacon pti, rx_bcn_pti: 0, bcn_timeout: 25000, mt_pti: 0, mt_time: 10000
D (15966) wifi:Send sta connected event
D (15976) wifi:connect status 1 -> 5
D (15976) wifi:obss scan is disabled
D (15976) wifi:start obss scan: obss scan is stopped
